Archive member included to satisfy reference by file (symbol)

/usr/lib/gcc/arm-none-eabi/9.2.1/thumb/v6-m/nofp/libgcc.a(_dvmd_tls.o)
                              CMakeFiles/usbswitcher.dir/home/codespace/pico/pico-sdk/src/rp2_common/pico_divider/divider.S.obj (__aeabi_idiv0)
/usr/lib/gcc/arm-none-eabi/9.2.1/../../../arm-none-eabi/lib/thumb/v6-m/nofp/libg.a(lib_a-atexit.o)
                              /usr/lib/gcc/arm-none-eabi/9.2.1/../../../arm-none-eabi/lib/thumb/v6-m/nofp/crt0.o (atexit)
/usr/lib/gcc/arm-none-eabi/9.2.1/../../../arm-none-eabi/lib/thumb/v6-m/nofp/libg.a(lib_a-calloc.o)
                              CMakeFiles/usbswitcher.dir/home/codespace/pico/pico-sdk/src/rp2_common/pico_malloc/pico_malloc.c.obj (calloc)
/usr/lib/gcc/arm-none-eabi/9.2.1/../../../arm-none-eabi/lib/thumb/v6-m/nofp/libg.a(lib_a-callocr.o)
                              /usr/lib/gcc/arm-none-eabi/9.2.1/../../../arm-none-eabi/lib/thumb/v6-m/nofp/libg.a(lib_a-calloc.o) (_calloc_r)
/usr/lib/gcc/arm-none-eabi/9.2.1/../../../arm-none-eabi/lib/thumb/v6-m/nofp/libg.a(lib_a-fini.o)
                              /usr/lib/gcc/arm-none-eabi/9.2.1/../../../arm-none-eabi/lib/thumb/v6-m/nofp/crt0.o (__libc_fini_array)
/usr/lib/gcc/arm-none-eabi/9.2.1/../../../arm-none-eabi/lib/thumb/v6-m/nofp/libg.a(lib_a-impure.o)
                              /usr/lib/gcc/arm-none-eabi/9.2.1/../../../arm-none-eabi/lib/thumb/v6-m/nofp/libg.a(lib_a-calloc.o) (_impure_ptr)
/usr/lib/gcc/arm-none-eabi/9.2.1/../../../arm-none-eabi/lib/thumb/v6-m/nofp/libg.a(lib_a-init.o)
                              /usr/lib/gcc/arm-none-eabi/9.2.1/../../../arm-none-eabi/lib/thumb/v6-m/nofp/crt0.o (__libc_init_array)
/usr/lib/gcc/arm-none-eabi/9.2.1/../../../arm-none-eabi/lib/thumb/v6-m/nofp/libg.a(lib_a-malloc.o)
                              CMakeFiles/usbswitcher.dir/home/codespace/pico/pico-sdk/src/rp2_common/pico_malloc/pico_malloc.c.obj (malloc)
/usr/lib/gcc/arm-none-eabi/9.2.1/../../../arm-none-eabi/lib/thumb/v6-m/nofp/libg.a(lib_a-mallocr.o)
                              /usr/lib/gcc/arm-none-eabi/9.2.1/../../../arm-none-eabi/lib/thumb/v6-m/nofp/libg.a(lib_a-callocr.o) (_malloc_r)
/usr/lib/gcc/arm-none-eabi/9.2.1/../../../arm-none-eabi/lib/thumb/v6-m/nofp/libg.a(lib_a-mlock.o)
                              /usr/lib/gcc/arm-none-eabi/9.2.1/../../../arm-none-eabi/lib/thumb/v6-m/nofp/libg.a(lib_a-mallocr.o) (__malloc_lock)
/usr/lib/gcc/arm-none-eabi/9.2.1/../../../arm-none-eabi/lib/thumb/v6-m/nofp/libg.a(lib_a-realloc.o)
                              CMakeFiles/usbswitcher.dir/home/codespace/pico/pico-sdk/src/rp2_common/pico_malloc/pico_malloc.c.obj (realloc)
/usr/lib/gcc/arm-none-eabi/9.2.1/../../../arm-none-eabi/lib/thumb/v6-m/nofp/libg.a(lib_a-reallocr.o)
                              /usr/lib/gcc/arm-none-eabi/9.2.1/../../../arm-none-eabi/lib/thumb/v6-m/nofp/libg.a(lib_a-realloc.o) (_realloc_r)
/usr/lib/gcc/arm-none-eabi/9.2.1/../../../arm-none-eabi/lib/thumb/v6-m/nofp/libg.a(lib_a-sbrkr.o)
                              /usr/lib/gcc/arm-none-eabi/9.2.1/../../../arm-none-eabi/lib/thumb/v6-m/nofp/libg.a(lib_a-mallocr.o) (_sbrk_r)
/usr/lib/gcc/arm-none-eabi/9.2.1/../../../arm-none-eabi/lib/thumb/v6-m/nofp/libg.a(lib_a-strlen-stub.o)
                              CMakeFiles/usbswitcher.dir/home/codespace/pico/pico-sdk/src/rp2_common/pico_stdio/stdio.c.obj (strlen)
/usr/lib/gcc/arm-none-eabi/9.2.1/../../../arm-none-eabi/lib/thumb/v6-m/nofp/libg.a(lib_a-strnlen.o)
                              CMakeFiles/usbswitcher.dir/main.c.obj (strnlen)
/usr/lib/gcc/arm-none-eabi/9.2.1/../../../arm-none-eabi/lib/thumb/v6-m/nofp/libg.a(lib_a-__atexit.o)
                              /usr/lib/gcc/arm-none-eabi/9.2.1/../../../arm-none-eabi/lib/thumb/v6-m/nofp/libg.a(lib_a-atexit.o) (__register_exitproc)
/usr/lib/gcc/arm-none-eabi/9.2.1/../../../arm-none-eabi/lib/thumb/v6-m/nofp/libg.a(lib_a-freer.o)
                              /usr/lib/gcc/arm-none-eabi/9.2.1/../../../arm-none-eabi/lib/thumb/v6-m/nofp/libg.a(lib_a-malloc.o) (_free_r)
/usr/lib/gcc/arm-none-eabi/9.2.1/../../../arm-none-eabi/lib/thumb/v6-m/nofp/libg.a(lib_a-memmove.o)
                              /usr/lib/gcc/arm-none-eabi/9.2.1/../../../arm-none-eabi/lib/thumb/v6-m/nofp/libg.a(lib_a-reallocr.o) (memmove)
/usr/lib/gcc/arm-none-eabi/9.2.1/../../../arm-none-eabi/lib/thumb/v6-m/nofp/libg.a(lib_a-reent.o)
                              /usr/lib/gcc/arm-none-eabi/9.2.1/../../../arm-none-eabi/lib/thumb/v6-m/nofp/libg.a(lib_a-sbrkr.o) (errno)

Allocating common symbols
Common symbol       size              file

sf_table            0x100             CMakeFiles/usbswitcher.dir/home/codespace/pico/pico-sdk/src/rp2_common/pico_float/float_init_rom.c.obj
pio_usb_device      0x130             CMakeFiles/usbswitcher.dir/lib/Pico-PIO-USB-0.5.3/src/pio_usb.c.obj
errno               0x4               /usr/lib/gcc/arm-none-eabi/9.2.1/../../../arm-none-eabi/lib/thumb/v6-m/nofp/libg.a(lib_a-reent.o)
[...]
Memory Configuration

Name             Origin             Length             Attributes
FLASH            0x0000000010000000 0x0000000000200000 xr
RAM              0x0000000020000000 0x0000000000040000 xrw
SCRATCH_X        0x0000000020040000 0x0000000000001000 xrw
SCRATCH_Y        0x0000000020041000 0x0000000000001000 xrw
*default*        0x0000000000000000 0xffffffffffffffff

Linker script and memory map

LOAD /usr/lib/gcc/arm-none-eabi/9.2.1/thumb/v6-m/nofp/crti.o
LOAD /usr/lib/gcc/arm-none-eabi/9.2.1/thumb/v6-m/nofp/crtbegin.o
LOAD /usr/lib/gcc/arm-none-eabi/9.2.1/../../../arm-none-eabi/lib/thumb/v6-m/nofp/crt0.o

.flash_begin    0x0000000010000000        0x0
                0x0000000010000000                __flash_binary_start = .

.boot2          0x0000000010000000      0x100
                0x0000000010000000                __boot2_start__ = .
 *(.boot2)
 .boot2         0x0000000010000000      0x100 /tmp/ccCidww9.o
                0x0000000010000100                __boot2_end__ = .
                0x0000000000000001                ASSERT (((__boot2_end__ - __boot2_start__) == 0x100), ERROR: Pico second stage bootloader must be 256 bytes in size)

.text           0x0000000010000100     0x7c00
                0x0000000010000100                __logical_binary_start = .
 *(.vectors)
 .vectors       0x0000000010000100       0xd4 CMakeFiles/usbswitcher.dir/home/codespace/pico/pico-sdk/src/rp2_common/pico_standard_link/crt0.S.obj
                0x0000000010000100                __vectors
                0x0000000010000100                __VECTOR_TABLE
                0x00000000100001c0                isr_invalid
                0x00000000100001c0                __default_isrs_start
                0x00000000100001c2                isr_nmi
                0x00000000100001c4                isr_hardfault
                0x00000000100001c6                isr_svcall
                0x00000000100001c8                isr_pendsv
                0x00000000100001ca                isr_systick
                0x00000000100001cc                isr_irq30
                0x00000000100001cc                __unhandled_user_irq
                0x00000000100001cc                isr_irq13
                0x00000000100001cc                isr_irq27
                0x00000000100001cc                isr_irq31
                0x00000000100001cc                isr_irq5
                0x00000000100001cc                isr_irq11
                0x00000000100001cc                isr_irq23
                0x00000000100001cc                isr_irq18
                0x00000000100001cc                isr_irq28
                0x00000000100001cc                isr_irq19
                0x00000000100001cc                isr_irq0
                0x00000000100001cc                isr_irq6
                0x00000000100001cc                isr_irq22
                0x00000000100001cc                isr_irq17
                0x00000000100001cc                isr_irq14
                0x00000000100001cc                isr_irq2
                0x00000000100001cc                isr_irq10
                0x00000000100001cc                isr_irq8
                0x00000000100001cc                isr_irq24
                0x00000000100001cc                isr_irq1
                0x00000000100001cc                isr_irq7
                0x00000000100001cc                isr_irq21
                0x00000000100001cc                isr_irq20
                0x00000000100001cc                isr_irq15
                0x00000000100001cc                isr_irq25
                0x00000000100001cc                isr_irq4
                0x00000000100001cc                isr_irq16
                0x00000000100001cc                isr_irq29
                0x00000000100001cc                isr_irq26
                0x00000000100001cc                __default_isrs_end
                0x00000000100001cc                isr_irq3
                0x00000000100001cc                isr_irq12
                0x00000000100001cc                isr_irq9
                0x00000000100001d2                unhandled_user_irq_num_in_r0
 *(.binary_info_header)
 .binary_info_header
                0x00000000100001d4       0x14 CMakeFiles/usbswitcher.dir/home/codespace/pico/pico-sdk/src/rp2_common/pico_standard_link/crt0.S.obj
                0x00000000100001e8                __binary_info_header_end = .
 *(.reset)
 .reset         0x00000000100001e8       0xa0 CMakeFiles/usbswitcher.dir/home/codespace/pico/pico-sdk/src/rp2_common/pico_standard_link/crt0.S.obj
                0x00000000100001e8                _entry_point
 .reset         0x0000000010000288       0x30 CMakeFiles/usbswitcher.dir/home/codespace/pico/pico-sdk/src/rp2_common/pico_standard_link/binary_info.c.obj
 *(.init)
 .init          0x00000000100002b8        0x4 /usr/lib/gcc/arm-none-eabi/9.2.1/thumb/v6-m/nofp/crti.o
                0x00000000100002b8                _init
 *(EXCLUDE_FILE(*libm.a: *libc.a:*lib_a-mem*.o *libgcc.a:) .text*)
 .text          0x00000000100002bc       0x98 /usr/lib/gcc/arm-none-eabi/9.2.1/thumb/v6-m/nofp/crtbegin.o
 .text.init_string_desc
                0x0000000010000354       0x6c CMakeFiles/usbswitcher.dir/main.c.obj
 .text.core1_main
                0x00000000100003c0       0x2c CMakeFiles/usbswitcher.dir/main.c.obj
                0x00000000100003c0                core1_main
 .text.main     0x00000000100003ec       0x88 CMakeFiles/usbswitcher.dir/main.c.obj
                0x00000000100003ec                main
 .text.set_sys_clock_pll
                0x0000000010000474       0x78 CMakeFiles/usbswitcher.dir/home/codespace/pico/pico-sdk/src/rp2_common/pico_stdlib/stdlib.c.obj
                0x0000000010000474                set_sys_clock_pll
 .text.check_sys_clock_khz
                0x00000000100004ec       0xa4 CMakeFiles/usbswitcher.dir/home/codespace/pico/pico-sdk/src/rp2_common/pico_stdlib/stdlib.c.obj
                0x00000000100004ec                check_sys_clock_khz
 .text.gpio_set_function
                0x0000000010000590       0x30 CMakeFiles/usbswitcher.dir/home/codespace/pico/pico-sdk/src/rp2_common/hardware_gpio/gpio.c.obj
                0x0000000010000590                gpio_set_function
 .text.gpio_set_pulls
                0x00000000100005c0       0x34 CMakeFiles/usbswitcher.dir/home/codespace/pico/pico-sdk/src/rp2_common/hardware_gpio/gpio.c.obj
                0x00000000100005c0                gpio_set_pulls
 .text.gpio_set_inover
                0x00000000100005f4       0x24 CMakeFiles/usbswitcher.dir/home/codespace/pico/pico-sdk/src/rp2_common/hardware_gpio/gpio.c.obj
                0x00000000100005f4                gpio_set_inover
 .text.gpio_set_slew_rate
                0x0000000010000618       0x20 CMakeFiles/usbswitcher.dir/home/codespace/pico/pico-sdk/src/rp2_common/hardware_gpio/gpio.c.obj
                0x0000000010000618                gpio_set_slew_rate
 .text.gpio_set_drive_strength
                0x0000000010000638       0x20 CMakeFiles/usbswitcher.dir/home/codespace/pico/pico-sdk/src/rp2_common/hardware_gpio/gpio.c.obj
                0x0000000010000638                gpio_set_drive_strength
 .text.running_on_fpga
                0x0000000010000658       0x14 CMakeFiles/usbswitcher.dir/home/codespace/pico/pico-sdk/src/rp2_common/pico_platform/platform.c.obj
                0x0000000010000658                running_on_fpga
 .text.hw_claim_lock
                0x000000001000066c       0x18 CMakeFiles/usbswitcher.dir/home/codespace/pico/pico-sdk/src/rp2_common/hardware_claim/claim.c.obj
                0x000000001000066c                hw_claim_lock
 .text.hw_claim_unlock
                0x0000000010000684       0x14 CMakeFiles/usbswitcher.dir/home/codespace/pico/pico-sdk/src/rp2_common/hardware_claim/claim.c.obj
                0x0000000010000684                hw_claim_unlock
 .text.hw_claim_or_assert
                0x0000000010000698       0x32 CMakeFiles/usbswitcher.dir/home/codespace/pico/pico-sdk/src/rp2_common/hardware_claim/claim.c.obj
                0x0000000010000698                hw_claim_or_assert
 .text.hw_claim_unused_from_range
                0x00000000100006ca       0x50 CMakeFiles/usbswitcher.dir/home/codespace/pico/pico-sdk/src/rp2_common/hardware_claim/claim.c.obj
                0x00000000100006ca                hw_claim_unused_from_range
 *fill*         0x000000001000071a        0x2 
 .text.spin_locks_reset
                0x000000001000071c       0x20 CMakeFiles/usbswitcher.dir/home/codespace/pico/pico-sdk/src/rp2_common/hardware_sync/sync.c.obj
                0x000000001000071c                spin_locks_reset
 .text.next_striped_spin_lock_num
                0x000000001000073c       0x1c CMakeFiles/usbswitcher.dir/home/codespace/pico/pico-sdk/src/rp2_common/hardware_sync/sync.c.obj
                0x000000001000073c                next_striped_spin_lock_num
 .text.spin_lock_claim_unused
                0x0000000010000758       0x20 CMakeFiles/usbswitcher.dir/home/codespace/pico/pico-sdk/src/rp2_common/hardware_sync/sync.c.obj
                0x0000000010000758                spin_lock_claim_unused
 .text.set_raw_irq_handler_and_unlock
                0x0000000010000778       0x28 CMakeFiles/usbswitcher.dir/home/codespace/pico/pico-sdk/src/rp2_common/hardware_irq/irq.c.obj
 .text.make_branch
                0x00000000100007a0       0x48 CMakeFiles/usbswitcher.dir/home/codespace/pico/pico-sdk/src/rp2_common/hardware_irq/irq.c.obj
 .text.insert_branch_and_link
                0x00000000100007e8       0x40 CMakeFiles/usbswitcher.dir/home/codespace/pico/pico-sdk/src/rp2_common/hardware_irq/irq.c.obj
 .text.irq_is_enabled
                0x0000000010000828       0x18 CMakeFiles/usbswitcher.dir/home/codespace/pico/pico-sdk/src/rp2_common/hardware_irq/irq.c.obj
                0x0000000010000828                irq_is_enabled
 .text.irq_set_mask_enabled
                0x0000000010000840       0x20 CMakeFiles/usbswitcher.dir/home/codespace/pico/pico-sdk/src/rp2_common/hardware_irq/irq.c.obj
                0x0000000010000840                irq_set_mask_enabled
 .text.irq_set_enabled
                0x0000000010000860        0xe CMakeFiles/usbswitcher.dir/home/codespace/pico/pico-sdk/src/rp2_common/hardware_irq/irq.c.obj
                0x0000000010000860                irq_set_enabled
 *fill*         0x000000001000086e        0x2 
 .text.irq_set_pending
                0x0000000010000870       0x10 CMakeFiles/usbswitcher.dir/home/codespace/pico/pico-sdk/src/rp2_common/hardware_irq/irq.c.obj
                0x0000000010000870                irq_set_pending
 .text.irq_get_vtable_handler
                0x0000000010000880       0x10 CMakeFiles/usbswitcher.dir/home/codespace/pico/pico-sdk/src/rp2_common/hardware_irq/irq.c.obj
                0x0000000010000880                irq_get_vtable_handler
 .text.irq_has_shared_handler
                0x0000000010000890       0x24 CMakeFiles/usbswitcher.dir/home/codespace/pico/pico-sdk/src/rp2_common/hardware_irq/irq.c.obj
                0x0000000010000890                irq_has_shared_handler
 .text.irq_set_exclusive_handler
                0x00000000100008b4       0x54 CMakeFiles/usbswitcher.dir/home/codespace/pico/pico-sdk/src/rp2_common/hardware_irq/irq.c.obj
                0x00000000100008b4                irq_set_exclusive_handler
 .text.irq_add_shared_handler
                0x0000000010000908      0x234 CMakeFiles/usbswitcher.dir/home/codespace/pico/pico-sdk/src/rp2_common/hardware_irq/irq.c.obj
                0x0000000010000908                irq_add_shared_handler
 .text.irq_remove_handler
                0x0000000010000b3c      0x1ac CMakeFiles/usbswitcher.dir/home/codespace/pico/pico-sdk/src/rp2_common/hardware_irq/irq.c.obj
                0x0000000010000b3c                irq_remove_handler
 .text.irq_add_tail_to_free_list
                0x0000000010000ce8       0xf0 CMakeFiles/usbswitcher.dir/home/codespace/pico/pico-sdk/src/rp2_common/hardware_irq/irq.c.obj
                0x0000000010000ce8                irq_add_tail_to_free_list
 .text.irq_init_priorities
                0x0000000010000dd8       0x1c CMakeFiles/usbswitcher.dir/home/codespace/pico/pico-sdk/src/rp2_common/hardware_irq/irq.c.obj
                0x0000000010000dd8                irq_init_priorities
 .text.user_irq_claim_unused
                0x0000000010000df4       0x28 CMakeFiles/usbswitcher.dir/home/codespace/pico/pico-sdk/src/rp2_common/hardware_irq/irq.c.obj
                0x0000000010000df4                user_irq_claim_unused
 .text.lock_init
                0x0000000010000e1c       0x10 CMakeFiles/usbswitcher.dir/home/codespace/pico/pico-sdk/src/common/pico_sync/lock_core.c.obj
                0x0000000010000e1c                lock_init
 .text.mutex_init
                0x0000000010000e2c       0x1a CMakeFiles/usbswitcher.dir/home/codespace/pico/pico-sdk/src/common/pico_sync/mutex.c.obj
                0x0000000010000e2c                mutex_init
 .text.recursive_mutex_init
                0x0000000010000e46       0x1e CMakeFiles/usbswitcher.dir/home/codespace/pico/pico-sdk/src/common/pico_sync/mutex.c.obj
                0x0000000010000e46                recursive_mutex_init
 .text.critical_section_init_with_lock_num
                0x0000000010000e64       0x14 CMakeFiles/usbswitcher.dir/home/codespace/pico/pico-sdk/src/common/pico_sync/critical_section.c.obj
                0x0000000010000e64                critical_section_init_with_lock_num
 .text.critical_section_init
                0x0000000010000e78       0x14 CMakeFiles/usbswitcher.dir/home/codespace/pico/pico-sdk/src/common/pico_sync/critical_section.c.obj
                0x0000000010000e78                critical_section_init
 .text.alarm_pool_post_alloc_init
                0x0000000010000e8c       0x40 CMakeFiles/usbswitcher.dir/home/codespace/pico/pico-sdk/src/common/pico_time/time.c.obj
 .text.sleep_until_callback
                0x0000000010000ecc       0x30 CMakeFiles/usbswitcher.dir/home/codespace/pico/pico-sdk/src/common/pico_time/time.c.obj
 .text.timer_pool_entry_comparator
                0x0000000010000efc       0x7c CMakeFiles/usbswitcher.dir/home/codespace/pico/pico-sdk/src/common/pico_time/time.c.obj
                0x0000000010000efc                timer_pool_entry_comparator
 .text.ph_add_child_node
                0x0000000010000f78       0xa4 CMakeFiles/usbswitcher.dir/home/codespace/pico/pico-sdk/src/common/pico_time/time.c.obj
 .text.ph_merge_nodes
                0x000000001000101c       0x3e CMakeFiles/usbswitcher.dir/home/codespace/pico/pico-sdk/src/common/pico_time/time.c.obj
 *fill*         0x000000001000105a        0x2 
 .text.add_alarm_under_lock
                0x000000001000105c      0x174 CMakeFiles/usbswitcher.dir/home/codespace/pico/pico-sdk/src/common/pico_time/time.c.obj
 .text.alarm_pool_alarm_callback
                0x00000000100011d0      0x33c CMakeFiles/usbswitcher.dir/home/codespace/pico/pico-sdk/src/common/pico_time/time.c.obj
 .text.alarm_pool_init_default
                0x000000001000150c       0x40 CMakeFiles/usbswitcher.dir/home/codespace/pico/pico-sdk/src/common/pico_time/time.c.obj
                0x000000001000150c                alarm_pool_init_default
 .text.alarm_pool_get_default
                0x000000001000154c       0x2c CMakeFiles/usbswitcher.dir/home/codespace/pico/pico-sdk/src/common/pico_time/time.c.obj
                0x000000001000154c                alarm_pool_get_default
 .text.alarm_pool_add_alarm_at
                0x0000000010001578      0x168 CMakeFiles/usbswitcher.dir/home/codespace/pico/pico-sdk/src/common/pico_time/time.c.obj
                0x0000000010001578                alarm_pool_add_alarm_at
 .text.alarm_pool_cancel_alarm
                0x00000000100016e0       0xf8 CMakeFiles/usbswitcher.dir/home/codespace/pico/pico-sdk/src/common/pico_time/time.c.obj
                0x00000000100016e0                alarm_pool_cancel_alarm
 .text.alarm_pool_core_num
                0x00000000100017d8        0x4 CMakeFiles/usbswitcher.dir/home/codespace/pico/pico-sdk/src/common/pico_time/time.c.obj
                0x00000000100017d8                alarm_pool_core_num
 .text.sleep_until
                0x00000000100017dc       0xfc CMakeFiles/usbswitcher.dir/home/codespace/pico/pico-sdk/src/common/pico_time/time.c.obj
                0x00000000100017dc                sleep_until
 .text.sleep_us
                0x00000000100018d8       0x58 CMakeFiles/usbswitcher.dir/home/codespace/pico/pico-sdk/src/common/pico_time/time.c.obj
                0x00000000100018d8                sleep_us
 .text.sleep_ms
                0x0000000010001930       0x14 CMakeFiles/usbswitcher.dir/home/codespace/pico/pico-sdk/src/common/pico_time/time.c.obj
                0x0000000010001930                sleep_ms
 .text.best_effort_wfe_or_timeout
                0x0000000010001944       0xac CMakeFiles/usbswitcher.dir/home/codespace/pico/pico-sdk/src/common/pico_time/time.c.obj
                0x0000000010001944                best_effort_wfe_or_timeout
 .text.hardware_alarm_irq_handler
                0x00000000100019f0       0x90 CMakeFiles/usbswitcher.dir/home/codespace/pico/pico-sdk/src/rp2_common/hardware_timer/timer.c.obj
 .text.hardware_alarm_claim
                0x0000000010001a80       0x18 CMakeFiles/usbswitcher.dir/home/codespace/pico/pico-sdk/src/rp2_common/hardware_timer/timer.c.obj
                0x0000000010001a80                hardware_alarm_claim
 .text.time_us_64
                0x0000000010001a98       0x18 CMakeFiles/usbswitcher.dir/home/codespace/pico/pico-sdk/src/rp2_common/hardware_timer/timer.c.obj
                0x0000000010001a98                time_us_64
 .text.busy_wait_until
                0x0000000010001ab0       0x24 CMakeFiles/usbswitcher.dir/home/codespace/pico/pico-sdk/src/rp2_common/hardware_timer/timer.c.obj
                0x0000000010001ab0                busy_wait_until
 .text.busy_wait_us
                0x0000000010001ad4       0x48 CMakeFiles/usbswitcher.dir/home/codespace/pico/pico-sdk/src/rp2_common/hardware_timer/timer.c.obj
                0x0000000010001ad4                busy_wait_us
 .text.busy_wait_us_32
                0x0000000010001b1c       0x24 CMakeFiles/usbswitcher.dir/home/codespace/pico/pico-sdk/src/rp2_common/hardware_timer/timer.c.obj
                0x0000000010001b1c                busy_wait_us_32
 .text.hardware_alarm_set_callback
                0x0000000010001b40       0x90 CMakeFiles/usbswitcher.dir/home/codespace/pico/pico-sdk/src/rp2_common/hardware_timer/timer.c.obj
                0x0000000010001b40                hardware_alarm_set_callback
 .text.hardware_alarm_set_target
                0x0000000010001bd0       0xe8 CMakeFiles/usbswitcher.dir/home/codespace/pico/pico-sdk/src/rp2_common/hardware_timer/timer.c.obj
                0x0000000010001bd0                hardware_alarm_set_target
 .text.hardware_alarm_cancel
                0x0000000010001cb8       0x40 CMakeFiles/usbswitcher.dir/home/codespace/pico/pico-sdk/src/rp2_common/hardware_timer/timer.c.obj
                0x0000000010001cb8                hardware_alarm_cancel
 .text.ph_add_child_node
                0x0000000010001cf8       0xa4 CMakeFiles/usbswitcher.dir/home/codespace/pico/pico-sdk/src/common/pico_util/pheap.c.obj
 .text.ph_merge_nodes
                0x0000000010001d9c       0x3e CMakeFiles/usbswitcher.dir/home/codespace/pico/pico-sdk/src/common/pico_util/pheap.c.obj
 *fill*         0x0000000010001dda        0x2 
 .text.ph_clear
                0x0000000010001ddc       0x70 CMakeFiles/usbswitcher.dir/home/codespace/pico/pico-sdk/src/common/pico_util/pheap.c.obj
                0x0000000010001ddc                ph_clear
 .text.ph_post_alloc_init
                0x0000000010001e4c        0xe CMakeFiles/usbswitcher.dir/home/codespace/pico/pico-sdk/src/common/pico_util/pheap.c.obj
                0x0000000010001e4c                ph_post_alloc_init
 *fill*         0x0000000010001e5a        0x2 
 .text.ph_merge_two_pass
                0x0000000010001e5c       0xa8 CMakeFiles/usbswitcher.dir/home/codespace/pico/pico-sdk/src/common/pico_util/pheap.c.obj
                0x0000000010001e5c                ph_merge_two_pass
 .text.ph_remove_any_head
                0x0000000010001f04      0x128 CMakeFiles/usbswitcher.dir/home/codespace/pico/pico-sdk/src/common/pico_util/pheap.c.obj
 .text.ph_remove_head
                0x000000001000202c       0x14 CMakeFiles/usbswitcher.dir/home/codespace/pico/pico-sdk/src/common/pico_util/pheap.c.obj
                0x000000001000202c                ph_remove_head
 .text.ph_remove_and_free_node
                0x0000000010002040       0xf8 CMakeFiles/usbswitcher.dir/home/codespace/pico/pico-sdk/src/common/pico_util/pheap.c.obj
                0x0000000010002040                ph_remove_and_free_node
 .text.clock_configure
                0x0000000010002138      0x108 CMakeFiles/usbswitcher.dir/home/codespace/pico/pico-sdk/src/rp2_common/hardware_clocks/clocks.c.obj
                0x0000000010002138                clock_configure
 .text.clocks_init
                0x0000000010002240      0x100 CMakeFiles/usbswitcher.dir/home/codespace/pico/pico-sdk/src/rp2_common/hardware_clocks/clocks.c.obj
                0x0000000010002240                clocks_init
 .text.clock_get_hz
                0x0000000010002340        0xc CMakeFiles/usbswitcher.dir/home/codespace/pico/pico-sdk/src/rp2_common/hardware_clocks/clocks.c.obj
                0x0000000010002340                clock_get_hz
 .text.pll_init
                0x000000001000234c      0x124 CMakeFiles/usbswitcher.dir/home/codespace/pico/pico-sdk/src/rp2_common/hardware_pll/pll.c.obj
                0x000000001000234c                pll_init
 .text.watchdog_start_tick
                0x0000000010002470       0x10 CMakeFiles/usbswitcher.dir/home/codespace/pico/pico-sdk/src/rp2_common/hardware_watchdog/watchdog.c.obj
                0x0000000010002470                watchdog_start_tick
 .text.watchdog_update
                0x0000000010002480       0x14 CMakeFiles/usbswitcher.dir/home/codespace/pico/pico-sdk/src/rp2_common/hardware_watchdog/watchdog.c.obj
                0x0000000010002480                watchdog_update
 .text._watchdog_enable
                0x0000000010002494       0x78 CMakeFiles/usbswitcher.dir/home/codespace/pico/pico-sdk/src/rp2_common/hardware_watchdog/watchdog.c.obj
                0x0000000010002494                _watchdog_enable
 .text.watchdog_reboot
                0x000000001000250c       0x48 CMakeFiles/usbswitcher.dir/home/codespace/pico/pico-sdk/src/rp2_common/hardware_watchdog/watchdog.c.obj
                0x000000001000250c                watchdog_reboot
 .text.xosc_init
                0x0000000010002554       0x28 CMakeFiles/usbswitcher.dir/home/codespace/pico/pico-sdk/src/rp2_common/hardware_xosc/xosc.c.obj
                0x0000000010002554                xosc_init
 .text._exit    0x000000001000257c        0x4 CMakeFiles/usbswitcher.dir/home/codespace/pico/pico-sdk/src/rp2_common/pico_runtime/runtime.c.obj
                0x000000001000257c                _exit
 .text.exit     0x0000000010002580        0x6 CMakeFiles/usbswitcher.dir/home/codespace/pico/pico-sdk/src/rp2_common/pico_runtime/runtime.c.obj
                0x0000000010002580                exit
 *fill*         0x0000000010002586        0x2 
 .text.__assert_func
                0x0000000010002588       0x3c CMakeFiles/usbswitcher.dir/home/codespace/pico/pico-sdk/src/rp2_common/pico_runtime/runtime.c.obj
                0x0000000010002588                __assert_func
 .text.runtime_init
                0x00000000100025c4       0xf8 CMakeFiles/usbswitcher.dir/home/codespace/pico/pico-sdk/src/rp2_common/pico_runtime/runtime.c.obj
                0x00000000100025c4                runtime_init
 .text.panic    0x00000000100026bc       0x30 CMakeFiles/usbswitcher.dir/home/codespace/pico/pico-sdk/src/rp2_common/pico_runtime/runtime.c.obj
                0x00000000100026bc                panic
 .text._out_null
                0x00000000100026ec        0x2 CMakeFiles/usbswitcher.dir/home/codespace/pico/pico-sdk/src/rp2_common/pico_printf/printf.c.obj
 .text._out_fct
                0x00000000100026ee        0xe CMakeFiles/usbswitcher.dir/home/codespace/pico/pico-sdk/src/rp2_common/pico_printf/printf.c.obj
 .text._atoi    0x00000000100026fc       0x24 CMakeFiles/usbswitcher.dir/home/codespace/pico/pico-sdk/src/rp2_common/pico_printf/printf.c.obj
 .text._out_rev
                0x0000000010002720       0xae CMakeFiles/usbswitcher.dir/home/codespace/pico/pico-sdk/src/rp2_common/pico_printf/printf.c.obj
 .text._ntoa_format
                0x00000000100027ce      0x110 CMakeFiles/usbswitcher.dir/home/codespace/pico/pico-sdk/src/rp2_common/pico_printf/printf.c.obj
 .text._ntoa_long
                0x00000000100028de       0xbc CMakeFiles/usbswitcher.dir/home/codespace/pico/pico-sdk/src/rp2_common/pico_printf/printf.c.obj
 .text._ntoa_long_long
                0x000000001000299a       0xe2 CMakeFiles/usbswitcher.dir/home/codespace/pico/pico-sdk/src/rp2_common/pico_printf/printf.c.obj
 .text._etoa    0x0000000010002a7c      0x40c CMakeFiles/usbswitcher.dir/home/codespace/pico/pico-sdk/src/rp2_common/pico_printf/printf.c.obj
 .text._ftoa    0x0000000010002e88      0x354 CMakeFiles/usbswitcher.dir/home/codespace/pico/pico-sdk/src/rp2_common/pico_printf/printf.c.obj
 .text._vsnprintf
                0x00000000100031dc      0x628 CMakeFiles/usbswitcher.dir/home/codespace/pico/pico-sdk/src/rp2_common/pico_printf/printf.c.obj
 .text.vfctprintf
                0x0000000010003804       0x20 CMakeFiles/usbswitcher.dir/home/codespace/pico/pico-sdk/src/rp2_common/pico_printf/printf.c.obj
                0x0000000010003804                vfctprintf
 .text          0x0000000010003824       0x10 CMakeFiles/usbswitcher.dir/home/codespace/pico/pico-sdk/src/rp2_common/pico_bit_ops/bit_ops_aeabi.S.obj
 .text.ctzsi    0x0000000010003834        0xc CMakeFiles/usbswitcher.dir/home/codespace/pico/pico-sdk/src/rp2_common/pico_bit_ops/bit_ops_aeabi.S.obj
                0x0000000010003834                __wrap___ctzsi2
 .text.rom_func_lookup
                0x0000000010003840       0x10 CMakeFiles/usbswitcher.dir/home/codespace/pico/pico-sdk/src/rp2_common/pico_bootrom/bootrom.c.obj
                0x0000000010003840                rom_func_lookup
 .text.rom_data_lookup
                0x0000000010003850       0x10 CMakeFiles/usbswitcher.dir/home/codespace/pico/pico-sdk/src/rp2_common/pico_bootrom/bootrom.c.obj
                0x0000000010003850                rom_data_lookup
 .text.rom_funcs_lookup
                0x0000000010003860       0x36 CMakeFiles/usbswitcher.dir/home/codespace/pico/pico-sdk/src/rp2_common/pico_bootrom/bootrom.c.obj
                0x0000000010003860                rom_funcs_lookup
 *fill*         0x0000000010003896        0x2 
 .text.__wrap___aeabi_idiv
                0x0000000010003898       0x50 CMakeFiles/usbswitcher.dir/home/codespace/pico/pico-sdk/src/rp2_common/pico_divider/divider.S.obj
                0x0000000010003898                __wrap___aeabi_idivmod
                0x0000000010003898                divmod_s32s32
                0x0000000010003898                div_s32s32
                0x0000000010003898                __wrap___aeabi_idiv
                0x00000000100038a0                divmod_s32s32_unsafe
                0x00000000100038cc                divmod_s32s32_savestate
 .text.__wrap___aeabi_uidiv
                0x00000000100038e8       0x4c CMakeFiles/usbswitcher.dir/home/codespace/pico/pico-sdk/src/rp2_common/pico_divider/divider.S.obj
                0x00000000100038e8                __wrap___aeabi_uidiv
                0x00000000100038e8                __wrap___aeabi_uidivmod
                0x00000000100038e8                div_u32u32
                0x00000000100038e8                divmod_u32u32
                0x00000000100038f0                divmod_u32u32_unsafe
                0x0000000010003918                divmod_u32u32_savestate
 .text.__wrap___aeabi_ldiv
                0x0000000010003934      0x424 CMakeFiles/usbswitcher.dir/home/codespace/pico/pico-sdk/src/rp2_common/pico_divider/divider.S.obj
                0x0000000010003934                div_s64s64
                0x0000000010003934                divmod_s64s64
                0x0000000010003934                __wrap___aeabi_ldivmod
                0x0000000010003964                div_u64u64
                0x0000000010003964                divmod_u64u64
                0x0000000010003964                __wrap___aeabi_uldivmod
                0x0000000010003974                divmod_u64u64_savestate
                0x0000000010003994                divmod_s64s64_unsafe
                0x0000000010003a1c                divmod_u64u64_unsafe
 .text.__wrap___aeabi_darithmetic
                0x0000000010003d58       0x80 CMakeFiles/usbswitcher.dir/home/codespace/pico/pico-sdk/src/rp2_common/pico_double/double_aeabi.S.obj
                0x0000000010003d58                __wrap___aeabi_drsub
                0x0000000010003d5e                __wrap___aeabi_dsub
                0x0000000010003d70                __wrap___aeabi_dadd
                0x0000000010003d82                __wrap___aeabi_ddiv
                0x0000000010003dbe                __wrap___aeabi_dmul
 .text.__wrap___aeabi_cdcmple
                0x0000000010003dd8       0x6c CMakeFiles/usbswitcher.dir/home/codespace/pico/pico-sdk/src/rp2_common/pico_double/double_aeabi.S.obj
                0x0000000010003dd8                __wrap___aeabi_cdrcmple
                0x0000000010003de8                __wrap___aeabi_cdcmple
                0x0000000010003de8                __wrap___aeabi_cdcmpeq
 .text.__wrap___aeabi_dcmplt
                0x0000000010003e44        0xc CMakeFiles/usbswitcher.dir/home/codespace/pico/pico-sdk/src/rp2_common/pico_double/double_aeabi.S.obj
                0x0000000010003e44                __wrap___aeabi_dcmplt
 .text.__wrap___aeabi_dcmple
                0x0000000010003e50       0x10 CMakeFiles/usbswitcher.dir/home/codespace/pico/pico-sdk/src/rp2_common/pico_double/double_aeabi.S.obj
                0x0000000010003e50                __wrap___aeabi_dcmple
 .text.__wrap___aeabi_dcmpge
                0x0000000010003e60       0x10 CMakeFiles/usbswitcher.dir/home/codespace/pico/pico-sdk/src/rp2_common/pico_double/double_aeabi.S.obj
                0x0000000010003e60                __wrap___aeabi_dcmpge
 .text.__wrap___aeabi_dcmpgt
                0x0000000010003e70        0xa CMakeFiles/usbswitcher.dir/home/codespace/pico/pico-sdk/src/rp2_common/pico_double/double_aeabi.S.obj
                0x0000000010003e70                __wrap___aeabi_dcmpgt
 .text.__wrap___aeabi_dcmpun
                0x0000000010003e7a       0x1c CMakeFiles/usbswitcher.dir/home/codespace/pico/pico-sdk/src/rp2_common/pico_double/double_aeabi.S.obj
                0x0000000010003e7a                __wrap___aeabi_dcmpun
 *fill*         0x0000000010003e96        0x2 
 .text.__wrap___aeabi_i2d
                0x0000000010003e98       0x38 CMakeFiles/usbswitcher.dir/home/codespace/pico/pico-sdk/src/rp2_common/pico_double/double_aeabi.S.obj
                0x0000000010003e98                __wrap___aeabi_ui2d
                0x0000000010003ea0                __wrap___aeabi_i2d
 .text.__wrap___aeabi_d2iz
                0x0000000010003ed0       0x48 CMakeFiles/usbswitcher.dir/home/codespace/pico/pico-sdk/src/rp2_common/pico_double/double_aeabi.S.obj
                0x0000000010003ed0                __wrap___aeabi_d2iz
                0x0000000010003ed0                double2int_z
 .text.__wrap___aeabi_d2uiz
                0x0000000010003f18       0x18 CMakeFiles/usbswitcher.dir/home/codespace/pico/pico-sdk/src/rp2_common/pico_double/double_aeabi.S.obj
                0x0000000010003f18                double2uint
                0x0000000010003f18                __wrap___aeabi_d2uiz
 .text.__aeabi_double_init
                0x0000000010003f30       0xc8 CMakeFiles/usbswitcher.dir/home/codespace/pico/pico-sdk/src/rp2_common/pico_double/double_init_rom.c.obj
                0x0000000010003f30                __aeabi_double_init
 .text.double_table_shim_on_use_helper
                0x0000000010003ff8       0x34 CMakeFiles/usbswitcher.dir/home/codespace/pico/pico-sdk/src/rp2_common/pico_double/double_v1_rom_shim.S.obj
                0x0000000010003ff8                double_table_shim_on_use_helper
 .text.__wrap___aeabi_dsub
                0x000000001000402c       0x10 CMakeFiles/usbswitcher.dir/home/codespace/pico/pico-sdk/src/rp2_common/pico_double/double_v1_rom_shim.S.obj
                0x000000001000402c                drsub_shim
                0x0000000010004032                dsub_shim
 .text.dadd_shim
                0x000000001000403c      0x15c CMakeFiles/usbswitcher.dir/home/codespace/pico/pico-sdk/src/rp2_common/pico_double/double_v1_rom_shim.S.obj
                0x000000001000403c                dadd_shim
 .text.dmul_shim
                0x0000000010004198      0x15c CMakeFiles/usbswitcher.dir/home/codespace/pico/pico-sdk/src/rp2_common/pico_double/double_v1_rom_shim.S.obj
                0x0000000010004198                dmul_shim
 .text.ddiv_shim
                0x00000000100042f4      0x1b0 CMakeFiles/usbswitcher.dir/home/codespace/pico/pico-sdk/src/rp2_common/pico_double/double_v1_rom_shim.S.obj
                0x00000000100042f4                ddiv_shim
 .text.double2uint_shim
                0x00000000100044a4        0xe CMakeFiles/usbswitcher.dir/home/codespace/pico/pico-sdk/src/rp2_common/pico_double/double_v1_rom_shim.S.obj
                0x00000000100044a4                double2uint_shim
                0x00000000100044a6                double2ufix_shim
 *fill*         0x00000000100044b2        0x2 
 .text.double2uint64_shim
                0x00000000100044b4       0x70 CMakeFiles/usbswitcher.dir/home/codespace/pico/pico-sdk/src/rp2_common/pico_double/double_v1_rom_shim.S.obj
                0x00000000100044b4                double2uint64_shim
                0x00000000100044b6                double2ufix64_shim
                0x00000000100044d6                d2fix_a
 .text.dunpacks
                0x0000000010004524       0x3c CMakeFiles/usbswitcher.dir/home/codespace/pico/pico-sdk/src/rp2_common/pico_double/double_v1_rom_shim.S.obj
                0x0000000010004524                dunpacks
 .text.__aeabi_lmul
                0x0000000010004560       0x32 CMakeFiles/usbswitcher.dir/home/codespace/pico/pico-sdk/src/rp2_common/pico_int64_ops/pico_int64_ops_aeabi.S.obj
                0x0000000010004560                __wrap___aeabi_lmul
 *fill*         0x0000000010004592        0x2 
 .text.__wrap___aeabi_farithmetic
                0x0000000010004594       0x58 CMakeFiles/usbswitcher.dir/home/codespace/pico/pico-sdk/src/rp2_common/pico_float/float_aeabi.S.obj
                0x0000000010004594                __wrap___aeabi_frsub
                0x000000001000459a                __wrap___aeabi_fsub
                0x00000000100045a4                __wrap___aeabi_fadd
                0x00000000100045ae                __wrap___aeabi_fdiv
                0x00000000100045da                __wrap___aeabi_fmul
 .text.__wrap___aeabi_ui2f
                0x00000000100045ec        0xa CMakeFiles/usbswitcher.dir/home/codespace/pico/pico-sdk/src/rp2_common/pico_float/float_aeabi.S.obj
                0x00000000100045ec                __wrap___aeabi_ui2f
 *fill*         0x00000000100045f6        0x2 
 .text.__wrap___aeabi_i2f
                0x00000000100045f8       0x44 CMakeFiles/usbswitcher.dir/home/codespace/pico/pico-sdk/src/rp2_common/pico_float/float_aeabi.S.obj
                0x00000000100045f8                __wrap___aeabi_i2f
 .text.__wrap___aeabi_f2uiz
                0x000000001000463c       0x10 CMakeFiles/usbswitcher.dir/home/codespace/pico/pico-sdk/src/rp2_common/pico_float/float_aeabi.S.obj
                0x000000001000463c                __wrap___aeabi_f2uiz
 .text.__aeabi_float_init
                0x000000001000464c       0xfc CMakeFiles/usbswitcher.dir/home/codespace/pico/pico-sdk/src/rp2_common/pico_float/float_init_rom.c.obj
                0x000000001000464c                __aeabi_float_init
 .text.float_table_shim_on_use_helper
                0x0000000010004748       0x34 CMakeFiles/usbswitcher.dir/home/codespace/pico/pico-sdk/src/rp2_common/pico_float/float_v1_rom_shim.S.obj
                0x0000000010004748                float_table_shim_on_use_helper
 .text          0x000000001000477c       0x10 CMakeFiles/usbswitcher.dir/home/codespace/pico/pico-sdk/src/rp2_common/pico_mem_ops/mem_ops_aeabi.S.obj
                0x000000001000477c                __aeabi_mem_init
 .text.memset   0x000000001000478c        0xc CMakeFiles/usbswitcher.dir/home/codespace/pico/pico-sdk/src/rp2_common/pico_mem_ops/mem_ops_aeabi.S.obj
                0x000000001000478c                __wrap_memset
 .text.memcpy   0x0000000010004798        0xc CMakeFiles/usbswitcher.dir/home/codespace/pico/pico-sdk/src/rp2_common/pico_mem_ops/mem_ops_aeabi.S.obj
                0x0000000010004798                __wrap___aeabi_memcpy
                0x0000000010004798                __wrap_memcpy
 .text.stdio_out_chars_no_crlf
                0x00000000100047a4        0xe CMakeFiles/usbswitcher.dir/home/codespace/pico/pico-sdk/src/rp2_common/pico_stdio/stdio.c.obj
 *fill*         0x00000000100047b2        0x2 
 .text.stdio_out_chars_crlf
                0x00000000100047b4       0x80 CMakeFiles/usbswitcher.dir/home/codespace/pico/pico-sdk/src/rp2_common/pico_stdio/stdio.c.obj
 .text.stdio_stack_buffer_flush
                0x0000000010004834       0x44 CMakeFiles/usbswitcher.dir/home/codespace/pico/pico-sdk/src/rp2_common/pico_stdio/stdio.c.obj
 .text.stdio_buffered_printer
                0x0000000010004878       0x20 CMakeFiles/usbswitcher.dir/home/codespace/pico/pico-sdk/src/rp2_common/pico_stdio/stdio.c.obj
 .text.stdout_serialize_begin
                0x0000000010004898       0x5c CMakeFiles/usbswitcher.dir/home/codespace/pico/pico-sdk/src/rp2_common/pico_stdio/stdio.c.obj
                0x0000000010004898                stdout_serialize_begin
 .text.stdout_serialize_end
                0x00000000100048f4       0x10 CMakeFiles/usbswitcher.dir/home/codespace/pico/pico-sdk/src/rp2_common/pico_stdio/stdio.c.obj
                0x00000000100048f4                stdout_serialize_end
 .text.stdio_put_string
                0x0000000010004904       0x98 CMakeFiles/usbswitcher.dir/home/codespace/pico/pico-sdk/src/rp2_common/pico_stdio/stdio.c.obj
 .text.stdio_set_driver_enabled
                0x000000001000499c       0x2c CMakeFiles/usbswitcher.dir/home/codespace/pico/pico-sdk/src/rp2_common/pico_stdio/stdio.c.obj
                0x000000001000499c                stdio_set_driver_enabled
 .text.stdio_flush
                0x00000000100049c8       0x20 CMakeFiles/usbswitcher.dir/home/codespace/pico/pico-sdk/src/rp2_common/pico_stdio/stdio.c.obj
                0x00000000100049c8                stdio_flush
 .text.__wrap_puts
                0x00000000100049e8       0x1e CMakeFiles/usbswitcher.dir/home/codespace/pico/pico-sdk/src/rp2_common/pico_stdio/stdio.c.obj
                0x00000000100049e8                __wrap_puts
 *fill*         0x0000000010004a06        0x2 
 .text.__wrap_vprintf
                0x0000000010004a08       0x40 CMakeFiles/usbswitcher.dir/home/codespace/pico/pico-sdk/src/rp2_common/pico_stdio/stdio.c.obj
                0x0000000010004a08                __wrap_vprintf
 .text.__wrap_printf
                0x0000000010004a48       0x18 CMakeFiles/usbswitcher.dir/home/codespace/pico/pico-sdk/src/rp2_common/pico_stdio/stdio.c.obj
                0x0000000010004a48                __wrap_printf
 .text.stdio_init_all
                0x0000000010004a60        0x8 CMakeFiles/usbswitcher.dir/home/codespace/pico/pico-sdk/src/rp2_common/pico_stdio/stdio.c.obj
                0x0000000010004a60                stdio_init_all
 .text.resetd_init
                0x0000000010004a68        0x2 CMakeFiles/usbswitcher.dir/home/codespace/pico/pico-sdk/src/rp2_common/pico_stdio_usb/reset_interface.c.obj
 *fill*         0x0000000010004a6a        0x2 
 .text.resetd_reset
                0x0000000010004a6c        0xc CMakeFiles/usbswitcher.dir/home/codespace/pico/pico-sdk/src/rp2_common/pico_stdio_usb/reset_interface.c.obj
 .text.resetd_open
                0x0000000010004a78       0x34 CMakeFiles/usbswitcher.dir/home/codespace/pico/pico-sdk/src/rp2_common/pico_stdio_usb/reset_interface.c.obj
 .text.resetd_xfer_cb
                0x0000000010004aac        0x4 CMakeFiles/usbswitcher.dir/home/codespace/pico/pico-sdk/src/rp2_common/pico_stdio_usb/reset_interface.c.obj
 .text.resetd_control_xfer_cb
                0x0000000010004ab0       0x6c CMakeFiles/usbswitcher.dir/home/codespace/pico/pico-sdk/src/rp2_common/pico_stdio_usb/reset_interface.c.obj
 .text.usbd_app_driver_get_cb
                0x0000000010004b1c        0xc CMakeFiles/usbswitcher.dir/home/codespace/pico/pico-sdk/src/rp2_common/pico_stdio_usb/reset_interface.c.obj
                0x0000000010004b1c                usbd_app_driver_get_cb
 .text.tud_cdc_line_coding_cb
                0x0000000010004b28       0x34 CMakeFiles/usbswitcher.dir/home/codespace/pico/pico-sdk/src/rp2_common/pico_stdio_usb/reset_interface.c.obj
                0x0000000010004b28                tud_cdc_line_coding_cb
 .text.stdio_usb_set_chars_available_callback
                0x0000000010004b5c       0x14 CMakeFiles/usbswitcher.dir/home/codespace/pico/pico-sdk/src/rp2_common/pico_stdio_usb/stdio_usb.c.obj
                0x0000000010004b5c                stdio_usb_set_chars_available_callback
 .text.usb_irq  0x0000000010004b70       0x10 CMakeFiles/usbswitcher.dir/home/codespace/pico/pico-sdk/src/rp2_common/pico_stdio_usb/stdio_usb.c.obj
 .text.timer_task
                0x0000000010004b80       0x58 CMakeFiles/usbswitcher.dir/home/codespace/pico/pico-sdk/src/rp2_common/pico_stdio_usb/stdio_usb.c.obj
 .text.low_priority_worker_irq
                0x0000000010004bd8       0xd8 CMakeFiles/usbswitcher.dir/home/codespace/pico/pico-sdk/src/rp2_common/pico_stdio_usb/stdio_usb.c.obj
 .text.tud_cdc_rx_cb
                0x0000000010004cb0       0x20 CMakeFiles/usbswitcher.dir/home/codespace/pico/pico-sdk/src/rp2_common/pico_stdio_usb/stdio_usb.c.obj
                0x0000000010004cb0                tud_cdc_rx_cb
 .text.stdio_usb_init
                0x0000000010004cd0      0x11c CMakeFiles/usbswitcher.dir/home/codespace/pico/pico-sdk/src/rp2_common/pico_stdio_usb/stdio_usb.c.obj
                0x0000000010004cd0                stdio_usb_init
 .text.stdio_usb_connected
                0x0000000010004dec        0xa CMakeFiles/usbswitcher.dir/home/codespace/pico/pico-sdk/src/rp2_common/pico_stdio_usb/stdio_usb.c.obj
                0x0000000010004dec                stdio_usb_connected
 *fill*         0x0000000010004df6        0x2 
 .text.stdio_usb_in_chars
                0x0000000010004df8       0xc4 CMakeFiles/usbswitcher.dir/home/codespace/pico/pico-sdk/src/rp2_common/pico_stdio_usb/stdio_usb.c.obj
                0x0000000010004df8                stdio_usb_in_chars
 .text.stdio_usb_out_chars
                0x0000000010004ebc      0x114 CMakeFiles/usbswitcher.dir/home/codespace/pico/pico-sdk/src/rp2_common/pico_stdio_usb/stdio_usb.c.obj
 .text.tud_descriptor_device_cb
                0x0000000010004fd0        0x8 CMakeFiles/usbswitcher.dir/home/codespace/pico/pico-sdk/src/rp2_common/pico_stdio_usb/stdio_usb_descriptors.c.obj
                0x0000000010004fd0                tud_descriptor_device_cb
 .text.tud_descriptor_configuration_cb
                0x0000000010004fd8        0x8 CMakeFiles/usbswitcher.dir/home/codespace/pico/pico-sdk/src/rp2_common/pico_stdio_usb/stdio_usb_descriptors.c.obj
                0x0000000010004fd8                tud_descriptor_configuration_cb
 .text.tud_descriptor_string_cb
                0x0000000010004fe0       0x6c CMakeFiles/usbswitcher.dir/home/codespace/pico/pico-sdk/src/rp2_common/pico_stdio_usb/stdio_usb_descriptors.c.obj
                0x0000000010004fe0                tud_descriptor_string_cb
 .text._retrieve_unique_id_on_boot
                0x000000001000504c       0x10 CMakeFiles/usbswitcher.dir/home/codespace/pico/pico-sdk/src/rp2_common/pico_unique_id/unique_id.c.obj
 .text.pico_get_unique_board_id_string
                0x000000001000505c       0x60 CMakeFiles/usbswitcher.dir/home/codespace/pico/pico-sdk/src/rp2_common/pico_unique_id/unique_id.c.obj
                0x000000001000505c                pico_get_unique_board_id_string
 .text.flash_get_unique_id
                0x00000000100050bc       0x46 CMakeFiles/usbswitcher.dir/home/codespace/pico/pico-sdk/src/rp2_common/hardware_flash/flash.c.obj
                0x00000000100050bc                flash_get_unique_id
 *fill*         0x0000000010005102        0x2 
 .text.hw_endpoint_get_by_addr
                0x0000000010005104       0x18 CMakeFiles/usbswitcher.dir/home/codespace/pico/pico-sdk/lib/tinyusb/src/portable/raspberrypi/rp2040/dcd_rp2040.c.obj
 .text._hw_endpoint_alloc
                0x000000001000511c       0x70 CMakeFiles/usbswitcher.dir/home/codespace/pico/pico-sdk/lib/tinyusb/src/portable/raspberrypi/rp2040/dcd_rp2040.c.obj
 .text.hw_endpoint_init
                0x000000001000518c       0x88 CMakeFiles/usbswitcher.dir/home/codespace/pico/pico-sdk/lib/tinyusb/src/portable/raspberrypi/rp2040/dcd_rp2040.c.obj
 .text.hw_endpoint_xfer
                0x0000000010005214       0x14 CMakeFiles/usbswitcher.dir/home/codespace/pico/pico-sdk/lib/tinyusb/src/portable/raspberrypi/rp2040/dcd_rp2040.c.obj
 .text.dcd_int_enable
                0x0000000010005228       0x2c CMakeFiles/usbswitcher.dir/home/codespace/pico/pico-sdk/lib/tinyusb/src/portable/raspberrypi/rp2040/dcd_rp2040.c.obj
                0x0000000010005228                dcd_int_enable
 .text.dcd_set_address
                0x0000000010005254       0x2c CMakeFiles/usbswitcher.dir/home/codespace/pico/pico-sdk/lib/tinyusb/src/portable/raspberrypi/rp2040/dcd_rp2040.c.obj
                0x0000000010005254                dcd_set_address
 .text.dcd_connect
                0x0000000010005280       0x10 CMakeFiles/usbswitcher.dir/home/codespace/pico/pico-sdk/lib/tinyusb/src/portable/raspberrypi/rp2040/dcd_rp2040.c.obj
                0x0000000010005280                dcd_connect
 .text.dcd_init
                0x0000000010005290       0x80 CMakeFiles/usbswitcher.dir/home/codespace/pico/pico-sdk/lib/tinyusb/src/portable/raspberrypi/rp2040/dcd_rp2040.c.obj
                0x0000000010005290                dcd_init
 .text.dcd_edpt0_status_complete
                0x0000000010005310       0x1c CMakeFiles/usbswitcher.dir/home/codespace/pico/pico-sdk/lib/tinyusb/src/portable/raspberrypi/rp2040/dcd_rp2040.c.obj
                0x0000000010005310                dcd_edpt0_status_complete
 .text.dcd_edpt_open
                0x000000001000532c       0x40 CMakeFiles/usbswitcher.dir/home/codespace/pico/pico-sdk/lib/tinyusb/src/portable/raspberrypi/rp2040/dcd_rp2040.c.obj
                0x000000001000532c                dcd_edpt_open
 .text.dcd_edpt_close_all
                0x000000001000536c        0x8 CMakeFiles/usbswitcher.dir/home/codespace/pico/pico-sdk/lib/tinyusb/src/portable/raspberrypi/rp2040/dcd_rp2040.c.obj
                0x000000001000536c                dcd_edpt_close_all
 .text.dcd_edpt_xfer
                0x0000000010005374       0x34 CMakeFiles/usbswitcher.dir/home/codespace/pico/pico-sdk/lib/tinyusb/src/portable/raspberrypi/rp2040/dcd_rp2040.c.obj
                0x0000000010005374                dcd_edpt_xfer
 .text.dcd_edpt_stall
                0x00000000100053a8       0x2c CMakeFiles/usbswitcher.dir/home/codespace/pico/pico-sdk/lib/tinyusb/src/portable/raspberrypi/rp2040/dcd_rp2040.c.obj
                0x00000000100053a8                dcd_edpt_stall
 .text.dcd_edpt_clear_stall
                0x00000000100053d4       0x20 CMakeFiles/usbswitcher.dir/home/codespace/pico/pico-sdk/lib/tinyusb/src/portable/raspberrypi/rp2040/dcd_rp2040.c.obj
                0x00000000100053d4                dcd_edpt_clear_stall
 .text.rp2040_usb_init
                0x00000000100053f4       0x4c CMakeFiles/usbswitcher.dir/home/codespace/pico/pico-sdk/lib/tinyusb/src/portable/raspberrypi/rp2040/rp2040_usb.c.obj
                0x00000000100053f4                rp2040_usb_init
 .text.hw_endpoint_xfer_start
                0x0000000010005440       0x50 CMakeFiles/usbswitcher.dir/home/codespace/pico/pico-sdk/lib/tinyusb/src/portable/raspberrypi/rp2040/rp2040_usb.c.obj
                0x0000000010005440                hw_endpoint_xfer_start
 .text.configuration_reset
                0x0000000010005490       0x84 CMakeFiles/usbswitcher.dir/home/codespace/pico/pico-sdk/lib/tinyusb/src/device/usbd.c.obj
 .text.usbd_reset
                0x0000000010005514        0xc CMakeFiles/usbswitcher.dir/home/codespace/pico/pico-sdk/lib/tinyusb/src/device/usbd.c.obj
 .text.invoke_class_control
                0x0000000010005520       0x1a CMakeFiles/usbswitcher.dir/home/codespace/pico/pico-sdk/lib/tinyusb/src/device/usbd.c.obj
 *fill*         0x000000001000553a        0x2 
 .text.process_set_config
                0x000000001000553c      0x174 CMakeFiles/usbswitcher.dir/home/codespace/pico/pico-sdk/lib/tinyusb/src/device/usbd.c.obj
 .text.process_get_descriptor
                0x00000000100056b0       0xdc CMakeFiles/usbswitcher.dir/home/codespace/pico/pico-sdk/lib/tinyusb/src/device/usbd.c.obj
 .text.tud_mounted
                0x000000001000578c       0x10 CMakeFiles/usbswitcher.dir/home/codespace/pico/pico-sdk/lib/tinyusb/src/device/usbd.c.obj
                0x000000001000578c                tud_mounted
 .text.tud_suspended
                0x000000001000579c       0x10 CMakeFiles/usbswitcher.dir/home/codespace/pico/pico-sdk/lib/tinyusb/src/device/usbd.c.obj
                0x000000001000579c                tud_suspended
 .text.tud_inited
                0x00000000100057ac       0x14 CMakeFiles/usbswitcher.dir/home/codespace/pico/pico-sdk/lib/tinyusb/src/device/usbd.c.obj
                0x00000000100057ac                tud_inited
 .text.tud_init
                0x00000000100057c0       0xcc CMakeFiles/usbswitcher.dir/home/codespace/pico/pico-sdk/lib/tinyusb/src/device/usbd.c.obj
                0x00000000100057c0                tud_init
 .text.usbd_defer_func
                0x000000001000588c       0x1e CMakeFiles/usbswitcher.dir/home/codespace/pico/pico-sdk/lib/tinyusb/src/device/usbd.c.obj
                0x000000001000588c                usbd_defer_func
 *fill*         0x00000000100058aa        0x2 
 .text.usbd_edpt_open
                0x00000000100058ac       0x34 CMakeFiles/usbswitcher.dir/home/codespace/pico/pico-sdk/lib/tinyusb/src/device/usbd.c.obj
                0x00000000100058ac                usbd_edpt_open
 .text.usbd_open_edpt_pair
                0x00000000100058e0       0x62 CMakeFiles/usbswitcher.dir/home/codespace/pico/pico-sdk/lib/tinyusb/src/device/usbd.c.obj
                0x00000000100058e0                usbd_open_edpt_pair
 *fill*         0x0000000010005942        0x2 
 .text.usbd_edpt_claim
                0x0000000010005944       0x28 CMakeFiles/usbswitcher.dir/home/codespace/pico/pico-sdk/lib/tinyusb/src/device/usbd.c.obj
                0x0000000010005944                usbd_edpt_claim
 .text.usbd_edpt_release
                0x000000001000596c       0x28 CMakeFiles/usbswitcher.dir/home/codespace/pico/pico-sdk/lib/tinyusb/src/device/usbd.c.obj
                0x000000001000596c                usbd_edpt_release
 .text.usbd_edpt_xfer
                0x0000000010005994       0x78 CMakeFiles/usbswitcher.dir/home/codespace/pico/pico-sdk/lib/tinyusb/src/device/usbd.c.obj
                0x0000000010005994                usbd_edpt_xfer
 .text.usbd_edpt_stall
                0x0000000010005a0c       0x48 CMakeFiles/usbswitcher.dir/home/codespace/pico/pico-sdk/lib/tinyusb/src/device/usbd.c.obj
                0x0000000010005a0c                usbd_edpt_stall
 .text.usbd_edpt_clear_stall
                0x0000000010005a54       0x48 CMakeFiles/usbswitcher.dir/home/codespace/pico/pico-sdk/lib/tinyusb/src/device/usbd.c.obj
                0x0000000010005a54                usbd_edpt_clear_stall
 .text.usbd_edpt_stalled
                0x0000000010005a9c       0x1c CMakeFiles/usbswitcher.dir/home/codespace/pico/pico-sdk/lib/tinyusb/src/device/usbd.c.obj
                0x0000000010005a9c                usbd_edpt_stalled
 .text.process_control_request
                0x0000000010005ab8      0x37c CMakeFiles/usbswitcher.dir/home/codespace/pico/pico-sdk/lib/tinyusb/src/device/usbd.c.obj
 .text.tud_task_ext
                0x0000000010005e34      0x1b4 CMakeFiles/usbswitcher.dir/home/codespace/pico/pico-sdk/lib/tinyusb/src/device/usbd.c.obj
                0x0000000010005e34                tud_task_ext
 .text._data_stage_xact
                0x0000000010005fe8       0x58 CMakeFiles/usbswitcher.dir/home/codespace/pico/pico-sdk/lib/tinyusb/src/device/usbd_control.c.obj
 .text.tud_control_status
                0x0000000010006040       0x38 CMakeFiles/usbswitcher.dir/home/codespace/pico/pico-sdk/lib/tinyusb/src/device/usbd_control.c.obj
                0x0000000010006040                tud_control_status
 .text.tud_control_xfer
                0x0000000010006078       0x74 CMakeFiles/usbswitcher.dir/home/codespace/pico/pico-sdk/lib/tinyusb/src/device/usbd_control.c.obj
                0x0000000010006078                tud_control_xfer
 .text.usbd_control_reset
                0x00000000100060ec       0x14 CMakeFiles/usbswitcher.dir/home/codespace/pico/pico-sdk/lib/tinyusb/src/device/usbd_control.c.obj
                0x00000000100060ec                usbd_control_reset
 .text.usbd_control_set_complete_callback
                0x0000000010006100        0xc CMakeFiles/usbswitcher.dir/home/codespace/pico/pico-sdk/lib/tinyusb/src/device/usbd_control.c.obj
                0x0000000010006100                usbd_control_set_complete_callback
 .text.usbd_control_set_request
                0x000000001000610c       0x1c CMakeFiles/usbswitcher.dir/home/codespace/pico/pico-sdk/lib/tinyusb/src/device/usbd_control.c.obj
                0x000000001000610c                usbd_control_set_request
 .text.usbd_control_xfer_cb
                0x0000000010006128       0xcc CMakeFiles/usbswitcher.dir/home/codespace/pico/pico-sdk/lib/tinyusb/src/device/usbd_control.c.obj
                0x0000000010006128                usbd_control_xfer_cb
 .text._prep_out_transaction
                0x00000000100061f4       0x4a CMakeFiles/usbswitcher.dir/home/codespace/pico/pico-sdk/lib/tinyusb/src/class/cdc/cdc_device.c.obj
 *fill*         0x000000001000623e        0x2 
 .text.tud_cdc_n_connected
                0x0000000010006240       0x44 CMakeFiles/usbswitcher.dir/home/codespace/pico/pico-sdk/lib/tinyusb/src/class/cdc/cdc_device.c.obj
                0x0000000010006240                tud_cdc_n_connected
 .text.tud_cdc_n_available
                0x0000000010006284       0x18 CMakeFiles/usbswitcher.dir/home/codespace/pico/pico-sdk/lib/tinyusb/src/class/cdc/cdc_device.c.obj
                0x0000000010006284                tud_cdc_n_available
 .text.tud_cdc_n_read
                0x000000001000629c       0x28 CMakeFiles/usbswitcher.dir/home/codespace/pico/pico-sdk/lib/tinyusb/src/class/cdc/cdc_device.c.obj
                0x000000001000629c                tud_cdc_n_read
 .text.tud_cdc_n_write_flush
                0x00000000100062c4       0xb8 CMakeFiles/usbswitcher.dir/home/codespace/pico/pico-sdk/lib/tinyusb/src/class/cdc/cdc_device.c.obj
                0x00000000100062c4                tud_cdc_n_write_flush
 .text.tud_cdc_n_write
                0x000000001000637c       0x38 CMakeFiles/usbswitcher.dir/home/codespace/pico/pico-sdk/lib/tinyusb/src/class/cdc/cdc_device.c.obj
                0x000000001000637c                tud_cdc_n_write
 .text.tud_cdc_n_write_available
                0x00000000100063b4       0x1c CMakeFiles/usbswitcher.dir/home/codespace/pico/pico-sdk/lib/tinyusb/src/class/cdc/cdc_device.c.obj
                0x00000000100063b4                tud_cdc_n_write_available
 .text.cdcd_init
                0x00000000100063d0       0xbc CMakeFiles/usbswitcher.dir/home/codespace/pico/pico-sdk/lib/tinyusb/src/class/cdc/cdc_device.c.obj
                0x00000000100063d0                cdcd_init
 .text.cdcd_reset
                0x000000001000648c       0x44 CMakeFiles/usbswitcher.dir/home/codespace/pico/pico-sdk/lib/tinyusb/src/class/cdc/cdc_device.c.obj
                0x000000001000648c                cdcd_reset
 .text.cdcd_open
                0x00000000100064d0       0xcc CMakeFiles/usbswitcher.dir/home/codespace/pico/pico-sdk/lib/tinyusb/src/class/cdc/cdc_device.c.obj
                0x00000000100064d0                cdcd_open
 .text.cdcd_control_xfer_cb
                0x000000001000659c      0x134 CMakeFiles/usbswitcher.dir/home/codespace/pico/pico-sdk/lib/tinyusb/src/class/cdc/cdc_device.c.obj
                0x000000001000659c                cdcd_control_xfer_cb
 .text.cdcd_xfer_cb
                0x00000000100066d0      0x130 CMakeFiles/usbswitcher.dir/home/codespace/pico/pico-sdk/lib/tinyusb/src/class/cdc/cdc_device.c.obj
                0x00000000100066d0                cdcd_xfer_cb
 .text.tusb_init
                0x0000000010006800        0xa CMakeFiles/usbswitcher.dir/home/codespace/pico/pico-sdk/lib/tinyusb/src/tusb.c.obj
                0x0000000010006800                tusb_init
 .text.tusb_inited
                0x000000001000680a        0xe CMakeFiles/usbswitcher.dir/home/codespace/pico/pico-sdk/lib/tinyusb/src/tusb.c.obj
                0x000000001000680a                tusb_inited
 .text.tu_edpt_claim
                0x0000000010006818       0x50 CMakeFiles/usbswitcher.dir/home/codespace/pico/pico-sdk/lib/tinyusb/src/tusb.c.obj
                0x0000000010006818                tu_edpt_claim
 .text.tu_edpt_release
                0x0000000010006868       0x3c CMakeFiles/usbswitcher.dir/home/codespace/pico/pico-sdk/lib/tinyusb/src/tusb.c.obj
                0x0000000010006868                tu_edpt_release
 .text.tu_edpt_validate
                0x00000000100068a4       0x78 CMakeFiles/usbswitcher.dir/home/codespace/pico/pico-sdk/lib/tinyusb/src/tusb.c.obj
                0x00000000100068a4                tu_edpt_validate
 .text.tu_edpt_bind_driver
                0x000000001000691c       0x26 CMakeFiles/usbswitcher.dir/home/codespace/pico/pico-sdk/lib/tinyusb/src/tusb.c.obj
                0x000000001000691c                tu_edpt_bind_driver
 .text.advance_index
                0x0000000010006942       0x1a CMakeFiles/usbswitcher.dir/home/codespace/pico/pico-sdk/lib/tinyusb/src/common/tusb_fifo.c.obj
 .text._tu_fifo_peek
                0x000000001000695c       0x56 CMakeFiles/usbswitcher.dir/home/codespace/pico/pico-sdk/lib/tinyusb/src/common/tusb_fifo.c.obj
 .text._ff_pull_const_addr
                0x00000000100069b2       0x4c CMakeFiles/usbswitcher.dir/home/codespace/pico/pico-sdk/lib/tinyusb/src/common/tusb_fifo.c.obj
 .text._ff_pull_n
                0x00000000100069fe      0x110 CMakeFiles/usbswitcher.dir/home/codespace/pico/pico-sdk/lib/tinyusb/src/common/tusb_fifo.c.obj
 .text._tu_fifo_peek_n
                0x0000000010006b0e       0x6a CMakeFiles/usbswitcher.dir/home/codespace/pico/pico-sdk/lib/tinyusb/src/common/tusb_fifo.c.obj
 .text._tu_fifo_read_n
                0x0000000010006b78       0x4e CMakeFiles/usbswitcher.dir/home/codespace/pico/pico-sdk/lib/tinyusb/src/common/tusb_fifo.c.obj
 .text._ff_push_const_addr
                0x0000000010006bc6       0x40 CMakeFiles/usbswitcher.dir/home/codespace/pico/pico-sdk/lib/tinyusb/src/common/tusb_fifo.c.obj
 .text._ff_push_n
                0x0000000010006c06      0x10a CMakeFiles/usbswitcher.dir/home/codespace/pico/pico-sdk/lib/tinyusb/src/common/tusb_fifo.c.obj
 .text._tu_fifo_write_n
                0x0000000010006d10       0xf0 CMakeFiles/usbswitcher.dir/home/codespace/pico/pico-sdk/lib/tinyusb/src/common/tusb_fifo.c.obj
 .text.tu_fifo_config
                0x0000000010006e00       0x7e CMakeFiles/usbswitcher.dir/home/codespace/pico/pico-sdk/lib/tinyusb/src/common/tusb_fifo.c.obj
                0x0000000010006e00                tu_fifo_config
 .text.tu_fifo_count
                0x0000000010006e7e       0x2a CMakeFiles/usbswitcher.dir/home/codespace/pico/pico-sdk/lib/tinyusb/src/common/tusb_fifo.c.obj
                0x0000000010006e7e                tu_fifo_count
 .text.tu_fifo_empty
                0x0000000010006ea8        0xe CMakeFiles/usbswitcher.dir/home/codespace/pico/pico-sdk/lib/tinyusb/src/common/tusb_fifo.c.obj
                0x0000000010006ea8                tu_fifo_empty
 .text.tu_fifo_full
                0x0000000010006eb6       0x28 CMakeFiles/usbswitcher.dir/home/codespace/pico/pico-sdk/lib/tinyusb/src/common/tusb_fifo.c.obj
                0x0000000010006eb6                tu_fifo_full
 .text.tu_fifo_remaining
                0x0000000010006ede       0x2c CMakeFiles/usbswitcher.dir/home/codespace/pico/pico-sdk/lib/tinyusb/src/common/tusb_fifo.c.obj
                0x0000000010006ede                tu_fifo_remaining
 .text.tu_fifo_read
                0x0000000010006f0a       0x42 CMakeFiles/usbswitcher.dir/home/codespace/pico/pico-sdk/lib/tinyusb/src/common/tusb_fifo.c.obj
                0x0000000010006f0a                tu_fifo_read
 .text.tu_fifo_read_n
                0x0000000010006f4c        0xa CMakeFiles/usbswitcher.dir/home/codespace/pico/pico-sdk/lib/tinyusb/src/common/tusb_fifo.c.obj
                0x0000000010006f4c                tu_fifo_read_n
 .text.tu_fifo_write
                0x0000000010006f56       0x64 CMakeFiles/usbswitcher.dir/home/codespace/pico/pico-sdk/lib/tinyusb/src/common/tusb_fifo.c.obj
                0x0000000010006f56                tu_fifo_write
 .text.tu_fifo_write_n
                0x0000000010006fba        0xa CMakeFiles/usbswitcher.dir/home/codespace/pico/pico-sdk/lib/tinyusb/src/common/tusb_fifo.c.obj
                0x0000000010006fba                tu_fifo_write_n
 .text.tu_fifo_clear
                0x0000000010006fc4       0x3e CMakeFiles/usbswitcher.dir/home/codespace/pico/pico-sdk/lib/tinyusb/src/common/tusb_fifo.c.obj
                0x0000000010006fc4                tu_fifo_clear
 .text.tu_fifo_set_overwritable
                0x0000000010007002       0x46 CMakeFiles/usbswitcher.dir/home/codespace/pico/pico-sdk/lib/tinyusb/src/common/tusb_fifo.c.obj
                0x0000000010007002                tu_fifo_set_overwritable
 .text.core1_trampoline
                0x0000000010007048        0x2 CMakeFiles/usbswitcher.dir/home/codespace/pico/pico-sdk/src/rp2_common/pico_multicore/multicore.c.obj
 .text.core1_wrapper
                0x000000001000704a        0xc CMakeFiles/usbswitcher.dir/home/codespace/pico/pico-sdk/src/rp2_common/pico_multicore/multicore.c.obj
                0x000000001000704a                core1_wrapper
 .text.multicore_fifo_push_blocking
                0x0000000010007056       0x14 CMakeFiles/usbswitcher.dir/home/codespace/pico/pico-sdk/src/rp2_common/pico_multicore/multicore.c.obj
                0x0000000010007056                multicore_fifo_push_blocking
 .text.multicore_fifo_pop_blocking
                0x000000001000706a       0x16 CMakeFiles/usbswitcher.dir/home/codespace/pico/pico-sdk/src/rp2_common/pico_multicore/multicore.c.obj
                0x000000001000706a                multicore_fifo_pop_blocking
 .text.multicore_reset_core1
                0x0000000010007080       0x28 CMakeFiles/usbswitcher.dir/home/codespace/pico/pico-sdk/src/rp2_common/pico_multicore/multicore.c.obj
                0x0000000010007080                multicore_reset_core1
 .text.multicore_launch_core1_raw
                0x00000000100070a8       0x70 CMakeFiles/usbswitcher.dir/home/codespace/pico/pico-sdk/src/rp2_common/pico_multicore/multicore.c.obj
                0x00000000100070a8                multicore_launch_core1_raw
 .text.multicore_launch_core1_with_stack
                0x0000000010007118       0x50 CMakeFiles/usbswitcher.dir/home/codespace/pico/pico-sdk/src/rp2_common/pico_multicore/multicore.c.obj
                0x0000000010007118                multicore_launch_core1_with_stack
 .text.multicore_launch_core1
                0x0000000010007168       0x24 CMakeFiles/usbswitcher.dir/home/codespace/pico/pico-sdk/src/rp2_common/pico_multicore/multicore.c.obj
                0x0000000010007168                multicore_launch_core1
 .text.pio_usb_bus_init
                0x000000001000718c      0x180 CMakeFiles/usbswitcher.dir/lib/Pico-PIO-USB-0.5.3/src/pio_usb.c.obj
                0x000000001000718c                pio_usb_bus_init
 .text.pio_usb_get_endpoint
                0x000000001000730c       0x20 CMakeFiles/usbswitcher.dir/lib/Pico-PIO-USB-0.5.3/src/pio_usb.c.obj
                0x000000001000730c                pio_usb_get_endpoint
 .text.pio_usb_device_init
                0x000000001000732c      0x204 CMakeFiles/usbswitcher.dir/lib/Pico-PIO-USB-0.5.3/src/pio_usb_device.c.obj
                0x000000001000732c                pio_usb_device_init
 .text.pio_usb_device_task
                0x0000000010007530      0x184 CMakeFiles/usbswitcher.dir/lib/Pico-PIO-USB-0.5.3/src/pio_usb_device.c.obj
                0x0000000010007530                pio_usb_device_task
 .text.calc_usb_crc16
                0x00000000100076b4       0x30 CMakeFiles/usbswitcher.dir/lib/Pico-PIO-USB-0.5.3/src/usb_crc.c.obj
                0x00000000100076b4                calc_usb_crc16
 .text._pio_can_add_program_at_offset
                0x00000000100076e4       0x3c CMakeFiles/usbswitcher.dir/home/codespace/pico/pico-sdk/src/rp2_common/hardware_pio/pio.c.obj
 .text._pio_find_offset_for_program
                0x0000000010007720       0x7c CMakeFiles/usbswitcher.dir/home/codespace/pico/pico-sdk/src/rp2_common/hardware_pio/pio.c.obj
 .text._pio_add_program_at_offset
                0x000000001000779c       0x78 CMakeFiles/usbswitcher.dir/home/codespace/pico/pico-sdk/src/rp2_common/hardware_pio/pio.c.obj
 .text.pio_sm_claim
                0x0000000010007814       0x30 CMakeFiles/usbswitcher.dir/home/codespace/pico/pico-sdk/src/rp2_common/hardware_pio/pio.c.obj
                0x0000000010007814                pio_sm_claim
 .text.pio_add_program
                0x0000000010007844       0x38 CMakeFiles/usbswitcher.dir/home/codespace/pico/pico-sdk/src/rp2_common/hardware_pio/pio.c.obj
                0x0000000010007844                pio_add_program
 .text.pio_sm_set_pins_with_mask
                0x000000001000787c       0x9a CMakeFiles/usbswitcher.dir/home/codespace/pico/pico-sdk/src/rp2_common/hardware_pio/pio.c.obj
                0x000000001000787c                pio_sm_set_pins_with_mask
 *fill*         0x0000000010007916        0x2 
 .text.pio_sm_set_pindirs_with_mask
                0x0000000010007918       0x9c CMakeFiles/usbswitcher.dir/home/codespace/pico/pico-sdk/src/rp2_common/hardware_pio/pio.c.obj
                0x0000000010007918                pio_sm_set_pindirs_with_mask
 .text.pio_sm_set_consecutive_pindirs
                0x00000000100079b4       0xa4 CMakeFiles/usbswitcher.dir/home/codespace/pico/pico-sdk/src/rp2_common/hardware_pio/pio.c.obj
                0x00000000100079b4                pio_sm_set_consecutive_pindirs
 .text.pio_sm_init
                0x0000000010007a58       0xa8 CMakeFiles/usbswitcher.dir/home/codespace/pico/pico-sdk/src/rp2_common/hardware_pio/pio.c.obj
                0x0000000010007a58                pio_sm_init
 .text.dma_channel_claim
                0x0000000010007b00       0x18 CMakeFiles/usbswitcher.dir/home/codespace/pico/pico-sdk/src/rp2_common/hardware_dma/dma.c.obj
                0x0000000010007b00                dma_channel_claim
 .text.dma_claim_mask
                0x0000000010007b18       0x1e CMakeFiles/usbswitcher.dir/home/codespace/pico/pico-sdk/src/rp2_common/hardware_dma/dma.c.obj
                0x0000000010007b18                dma_claim_mask
 *fill*         0x0000000010007b36        0x2 
 .text          0x0000000010007b38       0x68 /usr/lib/gcc/arm-none-eabi/9.2.1/../../../arm-none-eabi/lib/thumb/v6-m/nofp/libg.a(lib_a-strlen-stub.o)
                0x0000000010007b38                strlen
 .text          0x0000000010007ba0       0x2c /usr/lib/gcc/arm-none-eabi/9.2.1/../../../arm-none-eabi/lib/thumb/v6-m/nofp/libg.a(lib_a-strnlen.o)
                0x0000000010007ba0                strnlen
 *(.fini)
 .fini          0x0000000010007bcc        0x4 /usr/lib/gcc/arm-none-eabi/9.2.1/thumb/v6-m/nofp/crti.o
                0x0000000010007bcc                _fini
 .fini.__stub   0x0000000010007bd0      0x130 linker stubs
 *crtbegin.o(.ctors)
 *crtbegin?.o(.ctors)
 *(EXCLUDE_FILE(*crtend.o *crtend?.o) .ctors)
 *(SORT_BY_NAME(.ctors.*))
 *(.ctors)
 *crtbegin.o(.dtors)
 *crtbegin?.o(.dtors)
 *(EXCLUDE_FILE(*crtend.o *crtend?.o) .dtors)
 *(SORT_BY_NAME(.dtors.*))
 *(.dtors)
 *(.eh_frame*)
 .eh_frame      0x0000000010007d00        0x0 /usr/lib/gcc/arm-none-eabi/9.2.1/thumb/v6-m/nofp/crtbegin.o
                0x0000000010007d00                . = ALIGN (0x4)

.glue_7         0x0000000010007d00        0x0
 .glue_7        0x0000000010007d00        0x0 linker stubs

.glue_7t        0x0000000010007d00        0x0
 .glue_7t       0x0000000010007d00        0x0 linker stubs

.vfp11_veneer   0x0000000010007d00        0x0
 .vfp11_veneer  0x0000000010007d00        0x0 linker stubs

.v4_bx          0x0000000010007d00        0x0
 .v4_bx         0x0000000010007d00        0x0 linker stubs

.iplt           0x0000000010007d00        0x0
 .iplt          0x0000000010007d00        0x0 /usr/lib/gcc/arm-none-eabi/9.2.1/thumb/v6-m/nofp/crtbegin.o

.rodata         0x0000000010007d00     0x19ec
 *(EXCLUDE_FILE(*libm.a: *libc.a:*lib_a-mem*.o *libgcc.a:) .rodata*)
 .rodata.main.str1.4
                0x0000000010007d00       0x3a CMakeFiles/usbswitcher.dir/main.c.obj
 *fill*         0x0000000010007d3a        0x2 
 .rodata.str1.4
                0x0000000010007d3c       0x2b CMakeFiles/usbswitcher.dir/main.c.obj
 *fill*         0x0000000010007d67        0x1 
 .rodata.__compound_literal.0
                0x0000000010007d68        0x2 CMakeFiles/usbswitcher.dir/main.c.obj
 *fill*         0x0000000010007d6a        0x2 
 .rodata.desc_configuration
                0x0000000010007d6c       0x3b CMakeFiles/usbswitcher.dir/main.c.obj
                0x0000000010007d6c                desc_configuration
 *fill*         0x0000000010007da7        0x1 
 .rodata.desc_device
                0x0000000010007da8       0x12 CMakeFiles/usbswitcher.dir/main.c.obj
                0x0000000010007da8                desc_device
 *fill*         0x0000000010007dba        0x2 
 .rodata.desc_hid_keyboard_report
                0x0000000010007dbc       0x41 CMakeFiles/usbswitcher.dir/main.c.obj
                0x0000000010007dbc                desc_hid_keyboard_report
 *fill*         0x0000000010007dfd        0x3 
 .rodata.desc_hid_mouse_report
                0x0000000010007e00       0x4d CMakeFiles/usbswitcher.dir/main.c.obj
                0x0000000010007e00                desc_hid_mouse_report
 *fill*         0x0000000010007e4d        0x3 
 .rodata.spin_lock_claim_unused.str1.4
                0x0000000010007e50       0x1b CMakeFiles/usbswitcher.dir/home/codespace/pico/pico-sdk/src/rp2_common/hardware_sync/sync.c.obj
 *fill*         0x0000000010007e6b        0x1 
 .rodata.make_branch.str1.4
                0x0000000010007e6c       0x70 CMakeFiles/usbswitcher.dir/home/codespace/pico/pico-sdk/src/rp2_common/hardware_irq/irq.c.obj
 .rodata.insert_branch_and_link.str1.4
                0x0000000010007edc       0x10 CMakeFiles/usbswitcher.dir/home/codespace/pico/pico-sdk/src/rp2_common/hardware_irq/irq.c.obj
 .rodata.irq_set_exclusive_handler.str1.4
                0x0000000010007eec       0x36 CMakeFiles/usbswitcher.dir/home/codespace/pico/pico-sdk/src/rp2_common/hardware_irq/irq.c.obj
 *fill*         0x0000000010007f22        0x2 
 .rodata.irq_add_shared_handler.str1.4
                0x0000000010007f24       0xd9 CMakeFiles/usbswitcher.dir/home/codespace/pico/pico-sdk/src/rp2_common/hardware_irq/irq.c.obj
 *fill*         0x0000000010007ffd        0x3 
 .rodata.irq_remove_handler.str1.4
                0x0000000010008000       0x3a CMakeFiles/usbswitcher.dir/home/codespace/pico/pico-sdk/src/rp2_common/hardware_irq/irq.c.obj
 *fill*         0x000000001000803a        0x2 
 .rodata.irq_add_tail_to_free_list.str1.4
                0x000000001000803c       0x3a CMakeFiles/usbswitcher.dir/home/codespace/pico/pico-sdk/src/rp2_common/hardware_irq/irq.c.obj
 *fill*         0x0000000010008076        0x2 
 .rodata.user_irq_claim_unused.str1.4
                0x0000000010008078       0x1b CMakeFiles/usbswitcher.dir/home/codespace/pico/pico-sdk/src/rp2_common/hardware_irq/irq.c.obj
 *fill*         0x0000000010008093        0x1 
 .rodata.__func__.4809
                0x0000000010008094       0x1a CMakeFiles/usbswitcher.dir/home/codespace/pico/pico-sdk/src/rp2_common/hardware_irq/irq.c.obj
 *fill*         0x00000000100080ae        0x2 
 .rodata.__func__.4823
                0x00000000100080b0        0xc CMakeFiles/usbswitcher.dir/home/codespace/pico/pico-sdk/src/rp2_common/hardware_irq/irq.c.obj
 .rodata.__func__.4831
                0x00000000100080bc       0x17 CMakeFiles/usbswitcher.dir/home/codespace/pico/pico-sdk/src/rp2_common/hardware_irq/irq.c.obj
 *fill*         0x00000000100080d3        0x1 
 .rodata.__func__.4835
                0x00000000100080d4        0xf CMakeFiles/usbswitcher.dir/home/codespace/pico/pico-sdk/src/rp2_common/hardware_irq/irq.c.obj
 *fill*         0x00000000100080e3        0x1 
 .rodata.__func__.4852
                0x00000000100080e4       0x17 CMakeFiles/usbswitcher.dir/home/codespace/pico/pico-sdk/src/rp2_common/hardware_irq/irq.c.obj
 *fill*         0x00000000100080fb        0x1 
 .rodata.__func__.4874
                0x00000000100080fc       0x13 CMakeFiles/usbswitcher.dir/home/codespace/pico/pico-sdk/src/rp2_common/hardware_irq/irq.c.obj
 *fill*         0x000000001000810f        0x1 
 .rodata.__func__.4896
                0x0000000010008110       0x1a CMakeFiles/usbswitcher.dir/home/codespace/pico/pico-sdk/src/rp2_common/hardware_irq/irq.c.obj
 *fill*         0x000000001000812a        0x2 
 .rodata.str1.4
                0x000000001000812c       0xf1 CMakeFiles/usbswitcher.dir/home/codespace/pico/pico-sdk/src/common/pico_sync/mutex.c.obj
 *fill*         0x000000001000821d        0x3 
 .rodata.__func__.4193
                0x0000000010008220       0x15 CMakeFiles/usbswitcher.dir/home/codespace/pico/pico-sdk/src/common/pico_sync/mutex.c.obj
 *fill*         0x0000000010008235        0x3 
 .rodata.__func__.4724
                0x0000000010008238       0x18 CMakeFiles/usbswitcher.dir/home/codespace/pico/pico-sdk/src/common/pico_sync/mutex.c.obj
 .rodata.__func__.4743
                0x0000000010008250        0xb CMakeFiles/usbswitcher.dir/home/codespace/pico/pico-sdk/src/common/pico_sync/mutex.c.obj
 *fill*         0x000000001000825b        0x1 
 .rodata.repeating_timer_callback.str1.4
                0x000000001000825c       0x4e CMakeFiles/usbswitcher.dir/home/codespace/pico/pico-sdk/src/common/pico_time/time.c.obj
 *fill*         0x00000000100082aa        0x2 
 .rodata.timer_pool_entry_comparator.str1.4
                0x00000000100082ac       0x22 CMakeFiles/usbswitcher.dir/home/codespace/pico/pico-sdk/src/common/pico_time/time.c.obj
 *fill*         0x00000000100082ce        0x2 
 .rodata.ph_add_child_node.str1.4
                0x00000000100082d0       0x9a CMakeFiles/usbswitcher.dir/home/codespace/pico/pico-sdk/src/common/pico_time/time.c.obj
 *fill*         0x000000001000836a        0x2 
 .rodata.add_alarm_under_lock.str1.4
                0x000000001000836c       0x28 CMakeFiles/usbswitcher.dir/home/codespace/pico/pico-sdk/src/common/pico_time/time.c.obj
                                         0x2b (size before relaxing)
 .rodata.alarm_pool_alarm_callback.str1.4
                0x0000000010008394       0x98 CMakeFiles/usbswitcher.dir/home/codespace/pico/pico-sdk/src/common/pico_time/time.c.obj
                                         0xfc (size before relaxing)
 .rodata.alarm_pool_get_default.str1.4
                0x000000001000842c       0x21 CMakeFiles/usbswitcher.dir/home/codespace/pico/pico-sdk/src/common/pico_time/time.c.obj
 *fill*         0x000000001000844d        0x3 
 .rodata.alarm_pool_cancel_alarm.str1.4
                0x0000000010008450       0x27 CMakeFiles/usbswitcher.dir/home/codespace/pico/pico-sdk/src/common/pico_time/time.c.obj
 *fill*         0x0000000010008477        0x1 
 .rodata.sleep_until.str1.4
                0x0000000010008478       0x4d CMakeFiles/usbswitcher.dir/home/codespace/pico/pico-sdk/src/common/pico_time/time.c.obj
 *fill*         0x00000000100084c5        0x3 
 .rodata.__func__.5701
                0x00000000100084c8       0x15 CMakeFiles/usbswitcher.dir/home/codespace/pico/pico-sdk/src/common/pico_time/time.c.obj
 *fill*         0x00000000100084dd        0x3 
 .rodata.__func__.6045
                0x00000000100084e0        0xc CMakeFiles/usbswitcher.dir/home/codespace/pico/pico-sdk/src/common/pico_time/time.c.obj
 .rodata.__func__.6052
                0x00000000100084ec       0x12 CMakeFiles/usbswitcher.dir/home/codespace/pico/pico-sdk/src/common/pico_time/time.c.obj
 *fill*         0x00000000100084fe        0x2 
 .rodata.__func__.6068
                0x0000000010008500        0xf CMakeFiles/usbswitcher.dir/home/codespace/pico/pico-sdk/src/common/pico_time/time.c.obj
 *fill*         0x000000001000850f        0x1 
 .rodata.__func__.6090
                0x0000000010008510        0xd CMakeFiles/usbswitcher.dir/home/codespace/pico/pico-sdk/src/common/pico_time/time.c.obj
 *fill*         0x000000001000851d        0x3 
 .rodata.__func__.6319
                0x0000000010008520        0xa CMakeFiles/usbswitcher.dir/home/codespace/pico/pico-sdk/src/common/pico_time/time.c.obj
 *fill*         0x000000001000852a        0x2 
 .rodata.__func__.6324
                0x000000001000852c       0x12 CMakeFiles/usbswitcher.dir/home/codespace/pico/pico-sdk/src/common/pico_time/time.c.obj
 *fill*         0x000000001000853e        0x2 
 .rodata.__func__.6339
                0x0000000010008540       0x17 CMakeFiles/usbswitcher.dir/home/codespace/pico/pico-sdk/src/common/pico_time/time.c.obj
 *fill*         0x0000000010008557        0x1 
 .rodata.__func__.6350
                0x0000000010008558       0x15 CMakeFiles/usbswitcher.dir/home/codespace/pico/pico-sdk/src/common/pico_time/time.c.obj
 *fill*         0x000000001000856d        0x3 
 .rodata.__func__.6367
                0x0000000010008570       0x1a CMakeFiles/usbswitcher.dir/home/codespace/pico/pico-sdk/src/common/pico_time/time.c.obj
 *fill*         0x000000001000858a        0x2 
 .rodata.__func__.6420
                0x000000001000858c       0x18 CMakeFiles/usbswitcher.dir/home/codespace/pico/pico-sdk/src/common/pico_time/time.c.obj
 .rodata.hardware_alarm_claim.str1.4
                0x00000000100085a4       0x22 CMakeFiles/usbswitcher.dir/home/codespace/pico/pico-sdk/src/rp2_common/hardware_timer/timer.c.obj
 .rodata.busy_wait_us.str1.4
                0x00000000100085c6       0x64 CMakeFiles/usbswitcher.dir/home/codespace/pico/pico-sdk/src/rp2_common/hardware_timer/timer.c.obj
 *fill*         0x00000000100085c6        0x2 
 .rodata.hardware_alarm_set_target.str1.4
                0x00000000100085c8       0x68 CMakeFiles/usbswitcher.dir/home/codespace/pico/pico-sdk/src/rp2_common/hardware_timer/timer.c.obj
 .rodata.__func__.4193
                0x0000000010008630       0x15 CMakeFiles/usbswitcher.dir/home/codespace/pico/pico-sdk/src/rp2_common/hardware_timer/timer.c.obj
 *fill*         0x0000000010008645        0x3 
 .rodata.__func__.4590
                0x0000000010008648       0x1a CMakeFiles/usbswitcher.dir/home/codespace/pico/pico-sdk/src/rp2_common/hardware_timer/timer.c.obj
 .rodata.ph_add_child_node.str1.4
                0x0000000010008662       0x9a CMakeFiles/usbswitcher.dir/home/codespace/pico/pico-sdk/src/common/pico_util/pheap.c.obj
 *fill*         0x0000000010008662        0x2 
 .rodata.ph_remove_any_head.str1.4
                0x0000000010008664       0x90 CMakeFiles/usbswitcher.dir/home/codespace/pico/pico-sdk/src/common/pico_util/pheap.c.obj
                                         0xa4 (size before relaxing)
 .rodata.ph_remove_and_free_node.str1.4
                0x00000000100086f4       0x1e CMakeFiles/usbswitcher.dir/home/codespace/pico/pico-sdk/src/common/pico_util/pheap.c.obj
                                         0x26 (size before relaxing)
 *fill*         0x0000000010008712        0x2 
 .rodata.__func__.5726
                0x0000000010008714        0xc CMakeFiles/usbswitcher.dir/home/codespace/pico/pico-sdk/src/common/pico_util/pheap.c.obj
 .rodata.__func__.5733
                0x0000000010008720       0x12 CMakeFiles/usbswitcher.dir/home/codespace/pico/pico-sdk/src/common/pico_util/pheap.c.obj
 *fill*         0x0000000010008732        0x2 
 .rodata.__func__.5819
                0x0000000010008734       0x13 CMakeFiles/usbswitcher.dir/home/codespace/pico/pico-sdk/src/common/pico_util/pheap.c.obj
 *fill*         0x0000000010008747        0x1 
 .rodata.__func__.5837
                0x0000000010008748       0x18 CMakeFiles/usbswitcher.dir/home/codespace/pico/pico-sdk/src/common/pico_util/pheap.c.obj
 .rodata.clock_configure.str1.4
                0x0000000010008760       0x5a CMakeFiles/usbswitcher.dir/home/codespace/pico/pico-sdk/src/rp2_common/hardware_clocks/clocks.c.obj
 *fill*         0x00000000100087ba        0x2 
 .rodata.__func__.4776
                0x00000000100087bc       0x10 CMakeFiles/usbswitcher.dir/home/codespace/pico/pico-sdk/src/rp2_common/hardware_clocks/clocks.c.obj
 .rodata.pll_init.str1.4
                0x00000000100087cc      0x124 CMakeFiles/usbswitcher.dir/home/codespace/pico/pico-sdk/src/rp2_common/hardware_pll/pll.c.obj
 .rodata.__func__.4433
                0x00000000100088f0        0x9 CMakeFiles/usbswitcher.dir/home/codespace/pico/pico-sdk/src/rp2_common/hardware_pll/pll.c.obj
 *fill*         0x00000000100088f9        0x3 
 .rodata.__assert_func.str1.4
                0x00000000100088fc       0x3f CMakeFiles/usbswitcher.dir/home/codespace/pico/pico-sdk/src/rp2_common/pico_runtime/runtime.c.obj
                                         0x43 (size before relaxing)
 *fill*         0x000000001000893b        0x1 
 .rodata.runtime_init.str1.4
                0x000000001000893c       0x64 CMakeFiles/usbswitcher.dir/home/codespace/pico/pico-sdk/src/rp2_common/pico_runtime/runtime.c.obj
 .rodata.panic.str1.4
                0x00000000100089a0       0x12 CMakeFiles/usbswitcher.dir/home/codespace/pico/pico-sdk/src/rp2_common/pico_runtime/runtime.c.obj
 *fill*         0x00000000100089b2        0x2 
 .rodata.__func__.6387
                0x00000000100089b4        0xd CMakeFiles/usbswitcher.dir/home/codespace/pico/pico-sdk/src/rp2_common/pico_runtime/runtime.c.obj
 *fill*         0x00000000100089c1        0x3 
 .rodata._ftoa.str1.4
                0x00000000100089c4       0x15 CMakeFiles/usbswitcher.dir/home/codespace/pico/pico-sdk/src/rp2_common/pico_printf/printf.c.obj
 *fill*         0x00000000100089d9        0x3 
 .rodata._vsnprintf
                0x00000000100089dc      0x1e0 CMakeFiles/usbswitcher.dir/home/codespace/pico/pico-sdk/src/rp2_common/pico_printf/printf.c.obj
 *fill*         0x0000000010008bbc        0x4 
 .rodata.pow10.5431
                0x0000000010008bc0       0x50 CMakeFiles/usbswitcher.dir/home/codespace/pico/pico-sdk/src/rp2_common/pico_printf/printf.c.obj
 .rodata.__aeabi_double_init.str1.4
                0x0000000010008c10       0x9f CMakeFiles/usbswitcher.dir/home/codespace/pico/pico-sdk/src/rp2_common/pico_double/double_init_rom.c.obj
 *fill*         0x0000000010008caf        0x1 
 .rodata.__func__.4737
                0x0000000010008cb0       0x14 CMakeFiles/usbswitcher.dir/home/codespace/pico/pico-sdk/src/rp2_common/pico_double/double_init_rom.c.obj
 .rodata.__aeabi_float_init.str1.4
                0x0000000010008cc4       0x7d CMakeFiles/usbswitcher.dir/home/codespace/pico/pico-sdk/src/rp2_common/pico_float/float_init_rom.c.obj
                                         0x81 (size before relaxing)
 *fill*         0x0000000010008d41        0x3 
 .rodata.__func__.4738
                0x0000000010008d44       0x13 CMakeFiles/usbswitcher.dir/home/codespace/pico/pico-sdk/src/rp2_common/pico_float/float_init_rom.c.obj
 *fill*         0x0000000010008d57        0x1 
 .rodata.str1.4
                0x0000000010008d58       0x40 CMakeFiles/usbswitcher.dir/home/codespace/pico/pico-sdk/src/rp2_common/pico_standard_link/binary_info.c.obj
 .rodata.__bi_44
                0x0000000010008d98        0xc CMakeFiles/usbswitcher.dir/home/codespace/pico/pico-sdk/src/rp2_common/pico_standard_link/binary_info.c.obj
 .rodata.__bi_75
                0x0000000010008da4        0xc CMakeFiles/usbswitcher.dir/home/codespace/pico/pico-sdk/src/rp2_common/pico_standard_link/binary_info.c.obj
 .rodata.__bi_81
                0x0000000010008db0        0xc CMakeFiles/usbswitcher.dir/home/codespace/pico/pico-sdk/src/rp2_common/pico_standard_link/binary_info.c.obj
 .rodata.stdout_serialize_begin.str1.4
                0x0000000010008dbc       0x64 CMakeFiles/usbswitcher.dir/home/codespace/pico/pico-sdk/src/rp2_common/pico_stdio/stdio.c.obj
 .rodata.__func__.5563
                0x0000000010008dbc       0x15 CMakeFiles/usbswitcher.dir/home/codespace/pico/pico-sdk/src/rp2_common/pico_stdio/stdio.c.obj
 *fill*         0x0000000010008dd1        0x3 
 .rodata.crlf_str.6084
                0x0000000010008dd4        0x2 CMakeFiles/usbswitcher.dir/home/codespace/pico/pico-sdk/src/rp2_common/pico_stdio/stdio.c.obj
 *fill*         0x0000000010008dd6        0x2 
 .rodata._resetd_driver
                0x0000000010008dd8       0x18 CMakeFiles/usbswitcher.dir/home/codespace/pico/pico-sdk/src/rp2_common/pico_stdio_usb/reset_interface.c.obj
 .rodata.low_priority_worker_irq.str1.4
                0x0000000010008df0       0x64 CMakeFiles/usbswitcher.dir/home/codespace/pico/pico-sdk/src/rp2_common/pico_stdio_usb/stdio_usb.c.obj
 .rodata.stdio_usb_init.str1.4
                0x0000000010008df0       0x48 CMakeFiles/usbswitcher.dir/home/codespace/pico/pico-sdk/src/rp2_common/pico_stdio_usb/stdio_usb.c.obj
                                         0x50 (size before relaxing)
 .rodata.str1.4
                0x0000000010008e38       0x13 CMakeFiles/usbswitcher.dir/home/codespace/pico/pico-sdk/src/rp2_common/pico_stdio_usb/stdio_usb.c.obj
 *fill*         0x0000000010008e4b        0x1 
 .rodata.__bi_182.7662
                0x0000000010008e4c        0xc CMakeFiles/usbswitcher.dir/home/codespace/pico/pico-sdk/src/rp2_common/pico_stdio_usb/stdio_usb.c.obj
 .rodata.__func__.5424
                0x0000000010008e58       0x15 CMakeFiles/usbswitcher.dir/home/codespace/pico/pico-sdk/src/rp2_common/pico_stdio_usb/stdio_usb.c.obj
 *fill*         0x0000000010008e6d        0x3 
 .rodata.__func__.7660
                0x0000000010008e70        0xf CMakeFiles/usbswitcher.dir/home/codespace/pico/pico-sdk/src/rp2_common/pico_stdio_usb/stdio_usb.c.obj
 *fill*         0x0000000010008e7f        0x1 
 .rodata.str1.4
                0x0000000010008e80       0x2a CMakeFiles/usbswitcher.dir/home/codespace/pico/pico-sdk/src/rp2_common/pico_stdio_usb/stdio_usb_descriptors.c.obj
 *fill*         0x0000000010008eaa        0x2 
 .rodata.usbd_desc_cfg
                0x0000000010008eac       0x54 CMakeFiles/usbswitcher.dir/home/codespace/pico/pico-sdk/src/rp2_common/pico_stdio_usb/stdio_usb_descriptors.c.obj
 .rodata.usbd_desc_device
                0x0000000010008f00       0x12 CMakeFiles/usbswitcher.dir/home/codespace/pico/pico-sdk/src/rp2_common/pico_stdio_usb/stdio_usb_descriptors.c.obj
 *fill*         0x0000000010008f12        0x2 
 .rodata.usbd_desc_str
                0x0000000010008f14       0x18 CMakeFiles/usbswitcher.dir/home/codespace/pico/pico-sdk/src/rp2_common/pico_stdio_usb/stdio_usb_descriptors.c.obj
 .rodata.pico_get_unique_board_id_string.str1.4
                0x0000000010008f2c       0x50 CMakeFiles/usbswitcher.dir/home/codespace/pico/pico-sdk/src/rp2_common/pico_unique_id/unique_id.c.obj
 .rodata.__func__.4305
                0x0000000010008f7c       0x20 CMakeFiles/usbswitcher.dir/home/codespace/pico/pico-sdk/src/rp2_common/pico_unique_id/unique_id.c.obj
 .rodata.str1.4
                0x0000000010008f9c      0x15a CMakeFiles/usbswitcher.dir/home/codespace/pico/pico-sdk/src/rp2_common/hardware_flash/flash.c.obj
 *fill*         0x00000000100090f6        0x2 
 .rodata.__func__.4479
                0x00000000100090f8        0xd CMakeFiles/usbswitcher.dir/home/codespace/pico/pico-sdk/src/rp2_common/hardware_flash/flash.c.obj
 *fill*         0x0000000010009105        0x3 
 .rodata._hw_endpoint_alloc.str1.4
                0x0000000010009108       0xb9 CMakeFiles/usbswitcher.dir/home/codespace/pico/pico-sdk/lib/tinyusb/src/portable/raspberrypi/rp2040/dcd_rp2040.c.obj
 *fill*         0x00000000100091c1        0x3 
 .rodata.str1.4
                0x00000000100091c4       0x14 CMakeFiles/usbswitcher.dir/home/codespace/pico/pico-sdk/lib/tinyusb/src/portable/raspberrypi/rp2040/dcd_rp2040.c.obj
 .rodata.dcd_int_enable.str1.4
                0x00000000100091d8        0xc CMakeFiles/usbswitcher.dir/home/codespace/pico/pico-sdk/lib/tinyusb/src/portable/raspberrypi/rp2040/dcd_rp2040.c.obj
 .rodata.__func__.6897
                0x00000000100091e4       0x13 CMakeFiles/usbswitcher.dir/home/codespace/pico/pico-sdk/lib/tinyusb/src/portable/raspberrypi/rp2040/dcd_rp2040.c.obj
 *fill*         0x00000000100091f7        0x1 
 .rodata.__func__.6968
                0x00000000100091f8        0x9 CMakeFiles/usbswitcher.dir/home/codespace/pico/pico-sdk/lib/tinyusb/src/portable/raspberrypi/rp2040/dcd_rp2040.c.obj
 *fill*         0x0000000010009201        0x3 
 .rodata.__func__.6972
                0x0000000010009204        0xf CMakeFiles/usbswitcher.dir/home/codespace/pico/pico-sdk/lib/tinyusb/src/portable/raspberrypi/rp2040/dcd_rp2040.c.obj
 *fill*         0x0000000010009213        0x1 
 .rodata.__func__.6981
                0x0000000010009214       0x10 CMakeFiles/usbswitcher.dir/home/codespace/pico/pico-sdk/lib/tinyusb/src/portable/raspberrypi/rp2040/dcd_rp2040.c.obj
 .rodata.__func__.7004
                0x0000000010009224        0xe CMakeFiles/usbswitcher.dir/home/codespace/pico/pico-sdk/lib/tinyusb/src/portable/raspberrypi/rp2040/dcd_rp2040.c.obj
 *fill*         0x0000000010009232        0x2 
 .rodata.__func__.7014
                0x0000000010009234        0xe CMakeFiles/usbswitcher.dir/home/codespace/pico/pico-sdk/lib/tinyusb/src/portable/raspberrypi/rp2040/dcd_rp2040.c.obj
 *fill*         0x0000000010009242        0x2 
 .rodata.str1.4
                0x0000000010009244       0xeb CMakeFiles/usbswitcher.dir/home/codespace/pico/pico-sdk/lib/tinyusb/src/portable/raspberrypi/rp2040/rp2040_usb.c.obj
 *fill*         0x000000001000932f        0x1 
 .rodata.__func__.6723
                0x0000000010009330        0xf CMakeFiles/usbswitcher.dir/home/codespace/pico/pico-sdk/lib/tinyusb/src/portable/raspberrypi/rp2040/rp2040_usb.c.obj
 *fill*         0x000000001000933f        0x1 
 .rodata.process_get_descriptor
                0x0000000010009340       0x40 CMakeFiles/usbswitcher.dir/home/codespace/pico/pico-sdk/lib/tinyusb/src/device/usbd.c.obj
 .rodata.process_control_request
                0x0000000010009380       0x28 CMakeFiles/usbswitcher.dir/home/codespace/pico/pico-sdk/lib/tinyusb/src/device/usbd.c.obj
 .rodata.tud_task_ext
                0x00000000100093a8       0x24 CMakeFiles/usbswitcher.dir/home/codespace/pico/pico-sdk/lib/tinyusb/src/device/usbd.c.obj
 .rodata._usbd_driver
                0x00000000100093cc       0x18 CMakeFiles/usbswitcher.dir/home/codespace/pico/pico-sdk/lib/tinyusb/src/device/usbd.c.obj
 .rodata.multicore_lockout_start_block_until.str1.4
                0x00000000100093e4       0x60 CMakeFiles/usbswitcher.dir/home/codespace/pico/pico-sdk/src/rp2_common/pico_multicore/multicore.c.obj
 .rodata.multicore_launch_core1_with_stack.str1.4
                0x0000000010009444       0x19 CMakeFiles/usbswitcher.dir/home/codespace/pico/pico-sdk/src/rp2_common/pico_multicore/multicore.c.obj
 *fill*         0x000000001000945d        0x3 
 .rodata.__func__.4946
                0x0000000010009460       0x22 CMakeFiles/usbswitcher.dir/home/codespace/pico/pico-sdk/src/rp2_common/pico_multicore/multicore.c.obj
 *fill*         0x0000000010009482        0x2 
 .rodata.pio_usb_bus_init.str1.4
                0x0000000010009484       0x87 CMakeFiles/usbswitcher.dir/lib/Pico-PIO-USB-0.5.3/src/pio_usb.c.obj
 *fill*         0x000000001000950b        0x1 
 .rodata.__func__.5689
                0x000000001000950c       0x18 CMakeFiles/usbswitcher.dir/lib/Pico-PIO-USB-0.5.3/src/pio_usb.c.obj
 .rodata.__func__.5694
                0x0000000010009524       0x1c CMakeFiles/usbswitcher.dir/lib/Pico-PIO-USB-0.5.3/src/pio_usb.c.obj
 .rodata.usb_edge_detector_debug_program
                0x0000000010009540        0x6 CMakeFiles/usbswitcher.dir/lib/Pico-PIO-USB-0.5.3/src/pio_usb.c.obj
 *fill*         0x0000000010009546        0x2 
 .rodata.usb_edge_detector_debug_program_instructions
                0x0000000010009548       0x22 CMakeFiles/usbswitcher.dir/lib/Pico-PIO-USB-0.5.3/src/pio_usb.c.obj
 *fill*         0x000000001000956a        0x2 
 .rodata.usb_edge_detector_program
                0x000000001000956c        0x6 CMakeFiles/usbswitcher.dir/lib/Pico-PIO-USB-0.5.3/src/pio_usb.c.obj
 *fill*         0x0000000010009572        0x2 
 .rodata.usb_edge_detector_program_instructions
                0x0000000010009574       0x22 CMakeFiles/usbswitcher.dir/lib/Pico-PIO-USB-0.5.3/src/pio_usb.c.obj
 *fill*         0x0000000010009596        0x2 
 .rodata.usb_nrzi_decoder_debug_program
                0x0000000010009598        0x6 CMakeFiles/usbswitcher.dir/lib/Pico-PIO-USB-0.5.3/src/pio_usb.c.obj
 *fill*         0x000000001000959e        0x2 
 .rodata.usb_nrzi_decoder_debug_program_instructions
                0x00000000100095a0       0x1e CMakeFiles/usbswitcher.dir/lib/Pico-PIO-USB-0.5.3/src/pio_usb.c.obj
 *fill*         0x00000000100095be        0x2 
 .rodata.usb_nrzi_decoder_program
                0x00000000100095c0        0x6 CMakeFiles/usbswitcher.dir/lib/Pico-PIO-USB-0.5.3/src/pio_usb.c.obj