Archive member included to satisfy reference by file (symbol)

/usr/lib/gcc/arm-none-eabi/9.2.1/thumb/v6-m/nofp/libgcc.a(_dvmd_tls.o)
                              CMakeFiles/usbswitcher.dir/home/codespace/pico-sdk/src/rp2_common/pico_divider/divider.S.obj (__aeabi_idiv0)
/usr/lib/gcc/arm-none-eabi/9.2.1/../../../arm-none-eabi/lib/thumb/v6-m/nofp/libc.a(lib_a-atexit.o)
                              /usr/lib/gcc/arm-none-eabi/9.2.1/../../../arm-none-eabi/lib/thumb/v6-m/nofp/crt0.o (atexit)
/usr/lib/gcc/arm-none-eabi/9.2.1/../../../arm-none-eabi/lib/thumb/v6-m/nofp/libc.a(lib_a-calloc.o)
                              CMakeFiles/usbswitcher.dir/home/codespace/pico-sdk/src/rp2_common/pico_malloc/pico_malloc.c.obj (calloc)
/usr/lib/gcc/arm-none-eabi/9.2.1/../../../arm-none-eabi/lib/thumb/v6-m/nofp/libc.a(lib_a-callocr.o)
                              /usr/lib/gcc/arm-none-eabi/9.2.1/../../../arm-none-eabi/lib/thumb/v6-m/nofp/libc.a(lib_a-calloc.o) (_calloc_r)
/usr/lib/gcc/arm-none-eabi/9.2.1/../../../arm-none-eabi/lib/thumb/v6-m/nofp/libc.a(lib_a-fini.o)
                              /usr/lib/gcc/arm-none-eabi/9.2.1/../../../arm-none-eabi/lib/thumb/v6-m/nofp/crt0.o (__libc_fini_array)
/usr/lib/gcc/arm-none-eabi/9.2.1/../../../arm-none-eabi/lib/thumb/v6-m/nofp/libc.a(lib_a-impure.o)
                              /usr/lib/gcc/arm-none-eabi/9.2.1/../../../arm-none-eabi/lib/thumb/v6-m/nofp/libc.a(lib_a-calloc.o) (_impure_ptr)
/usr/lib/gcc/arm-none-eabi/9.2.1/../../../arm-none-eabi/lib/thumb/v6-m/nofp/libc.a(lib_a-init.o)
                              /usr/lib/gcc/arm-none-eabi/9.2.1/../../../arm-none-eabi/lib/thumb/v6-m/nofp/crt0.o (__libc_init_array)
/usr/lib/gcc/arm-none-eabi/9.2.1/../../../arm-none-eabi/lib/thumb/v6-m/nofp/libc.a(lib_a-malloc.o)
                              CMakeFiles/usbswitcher.dir/home/codespace/pico-sdk/src/rp2_common/pico_malloc/pico_malloc.c.obj (malloc)
/usr/lib/gcc/arm-none-eabi/9.2.1/../../../arm-none-eabi/lib/thumb/v6-m/nofp/libc.a(lib_a-mallocr.o)
                              /usr/lib/gcc/arm-none-eabi/9.2.1/../../../arm-none-eabi/lib/thumb/v6-m/nofp/libc.a(lib_a-callocr.o) (_malloc_r)
/usr/lib/gcc/arm-none-eabi/9.2.1/../../../arm-none-eabi/lib/thumb/v6-m/nofp/libc.a(lib_a-mlock.o)
                              /usr/lib/gcc/arm-none-eabi/9.2.1/../../../arm-none-eabi/lib/thumb/v6-m/nofp/libc.a(lib_a-mallocr.o) (__malloc_lock)
/usr/lib/gcc/arm-none-eabi/9.2.1/../../../arm-none-eabi/lib/thumb/v6-m/nofp/libc.a(lib_a-realloc.o)
                              CMakeFiles/usbswitcher.dir/home/codespace/pico-sdk/src/rp2_common/pico_malloc/pico_malloc.c.obj (realloc)
/usr/lib/gcc/arm-none-eabi/9.2.1/../../../arm-none-eabi/lib/thumb/v6-m/nofp/libc.a(lib_a-reallocr.o)
                              /usr/lib/gcc/arm-none-eabi/9.2.1/../../../arm-none-eabi/lib/thumb/v6-m/nofp/libc.a(lib_a-realloc.o) (_realloc_r)
/usr/lib/gcc/arm-none-eabi/9.2.1/../../../arm-none-eabi/lib/thumb/v6-m/nofp/libc.a(lib_a-sbrkr.o)
                              /usr/lib/gcc/arm-none-eabi/9.2.1/../../../arm-none-eabi/lib/thumb/v6-m/nofp/libc.a(lib_a-mallocr.o) (_sbrk_r)
/usr/lib/gcc/arm-none-eabi/9.2.1/../../../arm-none-eabi/lib/thumb/v6-m/nofp/libc.a(lib_a-strlen-stub.o)
                              CMakeFiles/usbswitcher.dir/usb_descriptors.cpp.obj (strlen)
/usr/lib/gcc/arm-none-eabi/9.2.1/../../../arm-none-eabi/lib/thumb/v6-m/nofp/libc.a(lib_a-__atexit.o)
                              /usr/lib/gcc/arm-none-eabi/9.2.1/../../../arm-none-eabi/lib/thumb/v6-m/nofp/libc.a(lib_a-atexit.o) (__register_exitproc)
/usr/lib/gcc/arm-none-eabi/9.2.1/../../../arm-none-eabi/lib/thumb/v6-m/nofp/libc.a(lib_a-freer.o)
                              /usr/lib/gcc/arm-none-eabi/9.2.1/../../../arm-none-eabi/lib/thumb/v6-m/nofp/libc.a(lib_a-malloc.o) (_free_r)
/usr/lib/gcc/arm-none-eabi/9.2.1/../../../arm-none-eabi/lib/thumb/v6-m/nofp/libc.a(lib_a-memmove.o)
                              /usr/lib/gcc/arm-none-eabi/9.2.1/../../../arm-none-eabi/lib/thumb/v6-m/nofp/libc.a(lib_a-reallocr.o) (memmove)
/usr/lib/gcc/arm-none-eabi/9.2.1/../../../arm-none-eabi/lib/thumb/v6-m/nofp/libc.a(lib_a-reent.o)
                              /usr/lib/gcc/arm-none-eabi/9.2.1/../../../arm-none-eabi/lib/thumb/v6-m/nofp/libc.a(lib_a-sbrkr.o) (errno)

Allocating common symbols
Common symbol       size              file

sf_table            0x100             CMakeFiles/usbswitcher.dir/home/codespace/pico-sdk/src/rp2_common/pico_float/float_init_rom.c.obj
errno               0x4               /usr/lib/gcc/arm-none-eabi/9.2.1/../../../arm-none-eabi/lib/thumb/v6-m/nofp/libc.a(lib_a-reent.o)
_usbd_qdef_buf      0xc0              CMakeFiles/usbswitcher.dir/home/codespace/pico-sdk/lib/tinyusb/src/device/usbd.c.obj
sd_table            0x100             CMakeFiles/usbswitcher.dir/home/codespace/pico-sdk/src/rp2_common/pico_double/double_init_rom.c.obj
uart_char_to_line_feed
[...]
Memory Configuration

Name             Origin             Length             Attributes
FLASH            0x0000000010000000 0x0000000000200000 xr
RAM              0x0000000020000000 0x0000000000040000 xrw
SCRATCH_X        0x0000000020040000 0x0000000000001000 xrw
SCRATCH_Y        0x0000000020041000 0x0000000000001000 xrw
*default*        0x0000000000000000 0xffffffffffffffff

Linker script and memory map

LOAD /usr/lib/gcc/arm-none-eabi/9.2.1/thumb/v6-m/nofp/crti.o
LOAD /usr/lib/gcc/arm-none-eabi/9.2.1/thumb/v6-m/nofp/crtbegin.o
LOAD /usr/lib/gcc/arm-none-eabi/9.2.1/../../../arm-none-eabi/lib/thumb/v6-m/nofp/crt0.o

.flash_begin    0x0000000010000000        0x0
                0x0000000010000000                __flash_binary_start = .

.boot2          0x0000000010000000      0x100
                0x0000000010000000                __boot2_start__ = .
 *(.boot2)
 .boot2         0x0000000010000000      0x100 /tmp/ccVbFYhw.o
                0x0000000010000100                __boot2_end__ = .
                0x0000000000000001                ASSERT (((__boot2_end__ - __boot2_start__) == 0x100), ERROR: Pico second stage bootloader must be 256 bytes in size)

.text           0x0000000010000100     0x44b8
                0x0000000010000100                __logical_binary_start = .
 *(.vectors)
 .vectors       0x0000000010000100       0xd4 CMakeFiles/usbswitcher.dir/home/codespace/pico-sdk/src/rp2_common/pico_standard_link/crt0.S.obj
                0x0000000010000100                __vectors
                0x0000000010000100                __VECTOR_TABLE
                0x00000000100001c0                isr_invalid
                0x00000000100001c0                __default_isrs_start
                0x00000000100001c2                isr_nmi
                0x00000000100001c4                isr_hardfault
                0x00000000100001c6                isr_svcall
                0x00000000100001c8                isr_pendsv
                0x00000000100001ca                isr_systick
                0x00000000100001cc                isr_irq30
                0x00000000100001cc                __unhandled_user_irq
                0x00000000100001cc                isr_irq13
                0x00000000100001cc                isr_irq27
                0x00000000100001cc                isr_irq31
                0x00000000100001cc                isr_irq5
                0x00000000100001cc                isr_irq11
                0x00000000100001cc                isr_irq23
                0x00000000100001cc                isr_irq18
                0x00000000100001cc                isr_irq28
                0x00000000100001cc                isr_irq19
                0x00000000100001cc                isr_irq0
                0x00000000100001cc                isr_irq6
                0x00000000100001cc                isr_irq22
                0x00000000100001cc                isr_irq17
                0x00000000100001cc                isr_irq14
                0x00000000100001cc                isr_irq2
                0x00000000100001cc                isr_irq10
                0x00000000100001cc                isr_irq8
                0x00000000100001cc                isr_irq24
                0x00000000100001cc                isr_irq1
                0x00000000100001cc                isr_irq7
                0x00000000100001cc                isr_irq21
                0x00000000100001cc                isr_irq20
                0x00000000100001cc                isr_irq15
                0x00000000100001cc                isr_irq25
                0x00000000100001cc                isr_irq4
                0x00000000100001cc                isr_irq16
                0x00000000100001cc                isr_irq29
                0x00000000100001cc                isr_irq26
                0x00000000100001cc                __default_isrs_end
                0x00000000100001cc                isr_irq3
                0x00000000100001cc                isr_irq12
                0x00000000100001cc                isr_irq9
                0x00000000100001d2                unhandled_user_irq_num_in_r0
 *(.binary_info_header)
 .binary_info_header
                0x00000000100001d4       0x14 CMakeFiles/usbswitcher.dir/home/codespace/pico-sdk/src/rp2_common/pico_standard_link/crt0.S.obj
                0x00000000100001e8                __binary_info_header_end = .
 *(.reset)
 .reset         0x00000000100001e8       0xa0 CMakeFiles/usbswitcher.dir/home/codespace/pico-sdk/src/rp2_common/pico_standard_link/crt0.S.obj
                0x00000000100001e8                _entry_point
 .reset         0x0000000010000288       0x30 CMakeFiles/usbswitcher.dir/home/codespace/pico-sdk/src/rp2_common/pico_standard_link/binary_info.c.obj
 *(.init)
 .init          0x00000000100002b8        0x4 /usr/lib/gcc/arm-none-eabi/9.2.1/thumb/v6-m/nofp/crti.o
                0x00000000100002b8                _init
 *(EXCLUDE_FILE(*libm.a: *libc.a:*lib_a-mem*.o *libgcc.a:) .text*)
 .text          0x00000000100002bc       0x98 /usr/lib/gcc/arm-none-eabi/9.2.1/thumb/v6-m/nofp/crtbegin.o
 .text.startup.main
                0x0000000010000354      0x158 CMakeFiles/usbswitcher.dir/main.cpp.obj
                0x0000000010000354                main
 .text.tud_mount_cb
                0x00000000100004ac       0x10 CMakeFiles/usbswitcher.dir/main.cpp.obj
                0x00000000100004ac                tud_mount_cb
 .text.tud_umount_cb
                0x00000000100004bc        0xc CMakeFiles/usbswitcher.dir/main.cpp.obj
                0x00000000100004bc                tud_umount_cb
 .text.tud_suspend_cb
                0x00000000100004c8       0x10 CMakeFiles/usbswitcher.dir/main.cpp.obj
                0x00000000100004c8                tud_suspend_cb
 .text.tud_resume_cb
                0x00000000100004d8       0x20 CMakeFiles/usbswitcher.dir/main.cpp.obj
                0x00000000100004d8                tud_resume_cb
 .text.tud_hid_report_complete_cb
                0x00000000100004f8      0x124 CMakeFiles/usbswitcher.dir/main.cpp.obj
                0x00000000100004f8                tud_hid_report_complete_cb
 .text.tud_hid_get_report_cb
                0x000000001000061c        0x4 CMakeFiles/usbswitcher.dir/main.cpp.obj
                0x000000001000061c                tud_hid_get_report_cb
 .text.tud_hid_set_report_cb
                0x0000000010000620       0x3c CMakeFiles/usbswitcher.dir/main.cpp.obj
                0x0000000010000620                tud_hid_set_report_cb
 .text.tud_descriptor_device_cb
                0x000000001000065c        0x8 CMakeFiles/usbswitcher.dir/usb_descriptors.cpp.obj
                0x000000001000065c                tud_descriptor_device_cb
 .text.tud_hid_descriptor_report_cb
                0x0000000010000664        0x8 CMakeFiles/usbswitcher.dir/usb_descriptors.cpp.obj
                0x0000000010000664                tud_hid_descriptor_report_cb
 .text.tud_descriptor_configuration_cb
                0x000000001000066c        0x8 CMakeFiles/usbswitcher.dir/usb_descriptors.cpp.obj
                0x000000001000066c                tud_descriptor_configuration_cb
 .text.tud_descriptor_string_cb
                0x0000000010000674      0x52c CMakeFiles/usbswitcher.dir/usb_descriptors.cpp.obj
                0x0000000010000674                tud_descriptor_string_cb
 .text.gpio_init
                0x0000000010000ba0       0x3c CMakeFiles/usbswitcher.dir/home/codespace/pico-sdk/src/rp2_common/hardware_gpio/gpio.c.obj
                0x0000000010000ba0                gpio_init
 .text.running_on_fpga
                0x0000000010000bdc       0x10 CMakeFiles/usbswitcher.dir/home/codespace/pico-sdk/src/rp2_common/pico_platform/platform.c.obj
                0x0000000010000bdc                running_on_fpga
 .text.hw_claim_or_assert
                0x0000000010000bec       0x48 CMakeFiles/usbswitcher.dir/home/codespace/pico-sdk/src/rp2_common/hardware_claim/claim.c.obj
                0x0000000010000bec                hw_claim_or_assert
 .text.hw_claim_unused_from_range
                0x0000000010000c34       0x9c CMakeFiles/usbswitcher.dir/home/codespace/pico-sdk/src/rp2_common/hardware_claim/claim.c.obj
                0x0000000010000c34                hw_claim_unused_from_range
 .text.spin_locks_reset
                0x0000000010000cd0       0x1c CMakeFiles/usbswitcher.dir/home/codespace/pico-sdk/src/rp2_common/hardware_sync/sync.c.obj
                0x0000000010000cd0                spin_locks_reset
 .text.next_striped_spin_lock_num
                0x0000000010000cec       0x18 CMakeFiles/usbswitcher.dir/home/codespace/pico-sdk/src/rp2_common/hardware_sync/sync.c.obj
                0x0000000010000cec                next_striped_spin_lock_num
 .text.spin_lock_claim_unused
                0x0000000010000d04       0x20 CMakeFiles/usbswitcher.dir/home/codespace/pico-sdk/src/rp2_common/hardware_sync/sync.c.obj
                0x0000000010000d04                spin_lock_claim_unused
 .text.irq_set_enabled
                0x0000000010000d24       0x24 CMakeFiles/usbswitcher.dir/home/codespace/pico-sdk/src/rp2_common/hardware_irq/irq.c.obj
                0x0000000010000d24                irq_set_enabled
 .text.irq_get_vtable_handler
                0x0000000010000d48       0x10 CMakeFiles/usbswitcher.dir/home/codespace/pico-sdk/src/rp2_common/hardware_irq/irq.c.obj
                0x0000000010000d48                irq_get_vtable_handler
 .text.irq_set_exclusive_handler
                0x0000000010000d58       0x54 CMakeFiles/usbswitcher.dir/home/codespace/pico-sdk/src/rp2_common/hardware_irq/irq.c.obj
                0x0000000010000d58                irq_set_exclusive_handler
 .text.irq_add_shared_handler
                0x0000000010000dac      0x1c4 CMakeFiles/usbswitcher.dir/home/codespace/pico-sdk/src/rp2_common/hardware_irq/irq.c.obj
                0x0000000010000dac                irq_add_shared_handler
 .text.irq_remove_handler
                0x0000000010000f70      0x1b4 CMakeFiles/usbswitcher.dir/home/codespace/pico-sdk/src/rp2_common/hardware_irq/irq.c.obj
                0x0000000010000f70                irq_remove_handler
 .text.irq_add_tail_to_free_list
                0x0000000010001124       0xb4 CMakeFiles/usbswitcher.dir/home/codespace/pico-sdk/src/rp2_common/hardware_irq/irq.c.obj
                0x0000000010001124                irq_add_tail_to_free_list
 .text.irq_init_priorities
                0x00000000100011d8       0x24 CMakeFiles/usbswitcher.dir/home/codespace/pico-sdk/src/rp2_common/hardware_irq/irq.c.obj
                0x00000000100011d8                irq_init_priorities
 .text.lock_init
                0x00000000100011fc       0x10 CMakeFiles/usbswitcher.dir/home/codespace/pico-sdk/src/common/pico_sync/lock_core.c.obj
                0x00000000100011fc                lock_init
 .text.mutex_init
                0x000000001000120c       0x1c CMakeFiles/usbswitcher.dir/home/codespace/pico-sdk/src/common/pico_sync/mutex.c.obj
                0x000000001000120c                mutex_init
 .text.recursive_mutex_init
                0x0000000010001228       0x1c CMakeFiles/usbswitcher.dir/home/codespace/pico-sdk/src/common/pico_sync/mutex.c.obj
                0x0000000010001228                recursive_mutex_init
 .text.critical_section_init
                0x0000000010001244       0x1c CMakeFiles/usbswitcher.dir/home/codespace/pico-sdk/src/common/pico_sync/critical_section.c.obj
                0x0000000010001244                critical_section_init
 .text.timer_pool_entry_comparator
                0x0000000010001260       0x34 CMakeFiles/usbswitcher.dir/home/codespace/pico-sdk/src/common/pico_time/time.c.obj
                0x0000000010001260                timer_pool_entry_comparator
 .text.sleep_until_callback
                0x0000000010001294       0x30 CMakeFiles/usbswitcher.dir/home/codespace/pico-sdk/src/common/pico_time/time.c.obj
 .text.add_alarm_under_lock
                0x00000000100012c4      0x108 CMakeFiles/usbswitcher.dir/home/codespace/pico-sdk/src/common/pico_time/time.c.obj
 .text.alarm_pool_alarm_callback
                0x00000000100013cc      0x1bc CMakeFiles/usbswitcher.dir/home/codespace/pico-sdk/src/common/pico_time/time.c.obj
 .text.alarm_pool_init_default
                0x0000000010001588       0x6c CMakeFiles/usbswitcher.dir/home/codespace/pico-sdk/src/common/pico_time/time.c.obj
                0x0000000010001588                alarm_pool_init_default
 .text.alarm_pool_add_alarm_at
                0x00000000100015f4      0x18c CMakeFiles/usbswitcher.dir/home/codespace/pico-sdk/src/common/pico_time/time.c.obj
                0x00000000100015f4                alarm_pool_add_alarm_at
 .text.best_effort_wfe_or_timeout
                0x0000000010001780       0xd4 CMakeFiles/usbswitcher.dir/home/codespace/pico-sdk/src/common/pico_time/time.c.obj
                0x0000000010001780                best_effort_wfe_or_timeout
 .text.hardware_alarm_irq_handler
                0x0000000010001854       0xbc CMakeFiles/usbswitcher.dir/home/codespace/pico-sdk/src/rp2_common/hardware_timer/timer.c.obj
 .text.hardware_alarm_claim
                0x0000000010001910       0x18 CMakeFiles/usbswitcher.dir/home/codespace/pico-sdk/src/rp2_common/hardware_timer/timer.c.obj
                0x0000000010001910                hardware_alarm_claim
 .text.time_us_64
                0x0000000010001928       0x14 CMakeFiles/usbswitcher.dir/home/codespace/pico-sdk/src/rp2_common/hardware_timer/timer.c.obj
                0x0000000010001928                time_us_64
 .text.hardware_alarm_set_callback
                0x000000001000193c       0x8c CMakeFiles/usbswitcher.dir/home/codespace/pico-sdk/src/rp2_common/hardware_timer/timer.c.obj
                0x000000001000193c                hardware_alarm_set_callback
 .text.hardware_alarm_set_target
                0x00000000100019c8       0xd4 CMakeFiles/usbswitcher.dir/home/codespace/pico-sdk/src/rp2_common/hardware_timer/timer.c.obj
                0x00000000100019c8                hardware_alarm_set_target
 .text.hardware_alarm_cancel
                0x0000000010001a9c       0x40 CMakeFiles/usbswitcher.dir/home/codespace/pico-sdk/src/rp2_common/hardware_timer/timer.c.obj
                0x0000000010001a9c                hardware_alarm_cancel
 .text.ph_merge_nodes
                0x0000000010001adc       0x68 CMakeFiles/usbswitcher.dir/home/codespace/pico-sdk/src/common/pico_util/pheap.c.obj
 .text.ph_post_alloc_init
                0x0000000010001b44       0x3c CMakeFiles/usbswitcher.dir/home/codespace/pico-sdk/src/common/pico_util/pheap.c.obj
                0x0000000010001b44                ph_post_alloc_init
 .text.ph_merge_two_pass
                0x0000000010001b80       0x90 CMakeFiles/usbswitcher.dir/home/codespace/pico-sdk/src/common/pico_util/pheap.c.obj
                0x0000000010001b80                ph_merge_two_pass
 .text.ph_remove_any_head
                0x0000000010001c10      0x100 CMakeFiles/usbswitcher.dir/home/codespace/pico-sdk/src/common/pico_util/pheap.c.obj
 .text.ph_remove_head
                0x0000000010001d10      0x144 CMakeFiles/usbswitcher.dir/home/codespace/pico-sdk/src/common/pico_util/pheap.c.obj
                0x0000000010001d10                ph_remove_head
 .text.ph_remove_and_free_node
                0x0000000010001e54       0x7c CMakeFiles/usbswitcher.dir/home/codespace/pico-sdk/src/common/pico_util/pheap.c.obj
                0x0000000010001e54                ph_remove_and_free_node
 .text.clocks_init
                0x0000000010001ed0      0x2d0 CMakeFiles/usbswitcher.dir/home/codespace/pico-sdk/src/rp2_common/hardware_clocks/clocks.c.obj
                0x0000000010001ed0                clocks_init
 .text.pll_init
                0x00000000100021a0       0xa0 CMakeFiles/usbswitcher.dir/home/codespace/pico-sdk/src/rp2_common/hardware_pll/pll.c.obj
                0x00000000100021a0                pll_init
 .text.watchdog_start_tick
                0x0000000010002240       0x10 CMakeFiles/usbswitcher.dir/home/codespace/pico-sdk/src/rp2_common/hardware_watchdog/watchdog.c.obj
                0x0000000010002240                watchdog_start_tick
 .text.xosc_init
                0x0000000010002250       0x28 CMakeFiles/usbswitcher.dir/home/codespace/pico-sdk/src/rp2_common/hardware_xosc/xosc.c.obj
                0x0000000010002250                xosc_init
 .text.runtime_init
                0x0000000010002278       0xf0 CMakeFiles/usbswitcher.dir/home/codespace/pico-sdk/src/rp2_common/pico_runtime/runtime.c.obj
                0x0000000010002278                runtime_init
 .text._exit    0x0000000010002368        0x4 CMakeFiles/usbswitcher.dir/home/codespace/pico-sdk/src/rp2_common/pico_runtime/runtime.c.obj
                0x0000000010002368                _exit
 .text.exit     0x000000001000236c        0x8 CMakeFiles/usbswitcher.dir/home/codespace/pico-sdk/src/rp2_common/pico_runtime/runtime.c.obj
                0x000000001000236c                exit
 .text.panic    0x0000000010002374       0x30 CMakeFiles/usbswitcher.dir/home/codespace/pico-sdk/src/rp2_common/pico_runtime/runtime.c.obj
                0x0000000010002374                panic
 .text.hard_assertion_failure
                0x00000000100023a4        0xc CMakeFiles/usbswitcher.dir/home/codespace/pico-sdk/src/rp2_common/pico_runtime/runtime.c.obj
                0x00000000100023a4                hard_assertion_failure
 .text._out_char
                0x00000000100023b0       0x10 CMakeFiles/usbswitcher.dir/home/codespace/pico-sdk/src/rp2_common/pico_printf/printf.c.obj
 .text.weak_raw_vprintf
                0x00000000100023c0       0x30 CMakeFiles/usbswitcher.dir/home/codespace/pico-sdk/src/rp2_common/pico_printf/printf.c.obj
                0x00000000100023c0                weak_raw_vprintf
 .text          0x00000000100023f0       0x10 CMakeFiles/usbswitcher.dir/home/codespace/pico-sdk/src/rp2_common/pico_bit_ops/bit_ops_aeabi.S.obj
 .text.rom_func_lookup
                0x0000000010002400       0x10 CMakeFiles/usbswitcher.dir/home/codespace/pico-sdk/src/rp2_common/pico_bootrom/bootrom.c.obj
                0x0000000010002400                rom_func_lookup
 .text.rom_data_lookup
                0x0000000010002410       0x10 CMakeFiles/usbswitcher.dir/home/codespace/pico-sdk/src/rp2_common/pico_bootrom/bootrom.c.obj
                0x0000000010002410                rom_data_lookup
 .text.rom_funcs_lookup
                0x0000000010002420       0x3c CMakeFiles/usbswitcher.dir/home/codespace/pico-sdk/src/rp2_common/pico_bootrom/bootrom.c.obj
                0x0000000010002420                rom_funcs_lookup
 .text.__wrap___aeabi_uidiv
                0x000000001000245c       0x4c CMakeFiles/usbswitcher.dir/home/codespace/pico-sdk/src/rp2_common/pico_divider/divider.S.obj
                0x000000001000245c                __wrap___aeabi_uidiv
                0x000000001000245c                __wrap___aeabi_uidivmod
                0x000000001000245c                div_u32u32
                0x000000001000245c                divmod_u32u32
                0x0000000010002464                divmod_u32u32_unsafe
                0x000000001000248c                divmod_u32u32_savestate
 .text.__wrap___aeabi_ldiv
                0x00000000100024a8      0x424 CMakeFiles/usbswitcher.dir/home/codespace/pico-sdk/src/rp2_common/pico_divider/divider.S.obj
                0x00000000100024a8                div_s64s64
                0x00000000100024a8                divmod_s64s64
                0x00000000100024a8                __wrap___aeabi_ldivmod
                0x00000000100024d8                div_u64u64
                0x00000000100024d8                divmod_u64u64
                0x00000000100024d8                __wrap___aeabi_uldivmod
                0x00000000100024e8                divmod_u64u64_savestate
                0x0000000010002508                divmod_s64s64_unsafe
                0x0000000010002590                divmod_u64u64_unsafe
 .text.__aeabi_double_init
                0x00000000100028cc       0xc0 CMakeFiles/usbswitcher.dir/home/codespace/pico-sdk/src/rp2_common/pico_double/double_init_rom.c.obj
                0x00000000100028cc                __aeabi_double_init
 .text.double_table_shim_on_use_helper
                0x000000001000298c       0x2c CMakeFiles/usbswitcher.dir/home/codespace/pico-sdk/src/rp2_common/pico_double/double_v1_rom_shim.S.obj
                0x000000001000298c                double_table_shim_on_use_helper
 .text.__aeabi_lmul
                0x00000000100029b8       0x32 CMakeFiles/usbswitcher.dir/home/codespace/pico-sdk/src/rp2_common/pico_int64_ops/pico_int64_ops_aeabi.S.obj
                0x00000000100029b8                __wrap___aeabi_lmul
 *fill*         0x00000000100029ea        0x2 
 .text.__aeabi_float_init
                0x00000000100029ec       0x64 CMakeFiles/usbswitcher.dir/home/codespace/pico-sdk/src/rp2_common/pico_float/float_init_rom.c.obj
                0x00000000100029ec                __aeabi_float_init
 .text.float_table_shim_on_use_helper
                0x0000000010002a50       0x2c CMakeFiles/usbswitcher.dir/home/codespace/pico-sdk/src/rp2_common/pico_float/float_v1_rom_shim.S.obj
                0x0000000010002a50                float_table_shim_on_use_helper
 .text          0x0000000010002a7c       0x10 CMakeFiles/usbswitcher.dir/home/codespace/pico-sdk/src/rp2_common/pico_mem_ops/mem_ops_aeabi.S.obj
                0x0000000010002a7c                __aeabi_mem_init
 .text.memset   0x0000000010002a8c        0xc CMakeFiles/usbswitcher.dir/home/codespace/pico-sdk/src/rp2_common/pico_mem_ops/mem_ops_aeabi.S.obj
                0x0000000010002a8c                __wrap_memset
 .text.memcpy   0x0000000010002a98        0xc CMakeFiles/usbswitcher.dir/home/codespace/pico-sdk/src/rp2_common/pico_mem_ops/mem_ops_aeabi.S.obj
                0x0000000010002a98                __wrap___aeabi_memcpy
                0x0000000010002a98                __wrap_memcpy
 .text.stdio_out_chars_no_crlf
                0x0000000010002aa4       0x10 CMakeFiles/usbswitcher.dir/home/codespace/pico-sdk/src/rp2_common/pico_stdio/stdio.c.obj
 .text.stdio_out_chars_crlf
                0x0000000010002ab4       0x94 CMakeFiles/usbswitcher.dir/home/codespace/pico-sdk/src/rp2_common/pico_stdio/stdio.c.obj
 .text.stdio_put_string
                0x0000000010002b48      0x104 CMakeFiles/usbswitcher.dir/home/codespace/pico-sdk/src/rp2_common/pico_stdio/stdio.c.obj
 .text.__wrap_putchar
                0x0000000010002c4c       0x98 CMakeFiles/usbswitcher.dir/home/codespace/pico-sdk/src/rp2_common/pico_stdio/stdio.c.obj
                0x0000000010002c4c                __wrap_putchar
 .text.__wrap_puts
                0x0000000010002ce4       0x3c CMakeFiles/usbswitcher.dir/home/codespace/pico-sdk/src/rp2_common/pico_stdio/stdio.c.obj
                0x0000000010002ce4                __wrap_puts
 .text.dcd_int_enable
                0x0000000010002d20        0xc CMakeFiles/usbswitcher.dir/home/codespace/pico-sdk/lib/tinyusb/src/portable/raspberrypi/rp2040/dcd_rp2040.c.obj
                0x0000000010002d20                dcd_int_enable
 .text.dcd_set_address
                0x0000000010002d2c       0x14 CMakeFiles/usbswitcher.dir/home/codespace/pico-sdk/lib/tinyusb/src/portable/raspberrypi/rp2040/dcd_rp2040.c.obj
                0x0000000010002d2c                dcd_set_address
 .text.dcd_remote_wakeup
                0x0000000010002d40       0x18 CMakeFiles/usbswitcher.dir/home/codespace/pico-sdk/lib/tinyusb/src/portable/raspberrypi/rp2040/dcd_rp2040.c.obj
                0x0000000010002d40                dcd_remote_wakeup
 .text.dcd_connect
                0x0000000010002d58       0x10 CMakeFiles/usbswitcher.dir/home/codespace/pico-sdk/lib/tinyusb/src/portable/raspberrypi/rp2040/dcd_rp2040.c.obj
                0x0000000010002d58                dcd_connect
 .text.dcd_init
                0x0000000010002d68       0x9c CMakeFiles/usbswitcher.dir/home/codespace/pico-sdk/lib/tinyusb/src/portable/raspberrypi/rp2040/dcd_rp2040.c.obj
                0x0000000010002d68                dcd_init
 .text.dcd_edpt0_status_complete
                0x0000000010002e04       0x1c CMakeFiles/usbswitcher.dir/home/codespace/pico-sdk/lib/tinyusb/src/portable/raspberrypi/rp2040/dcd_rp2040.c.obj
                0x0000000010002e04                dcd_edpt0_status_complete
 .text.dcd_edpt_open
                0x0000000010002e20      0x108 CMakeFiles/usbswitcher.dir/home/codespace/pico-sdk/lib/tinyusb/src/portable/raspberrypi/rp2040/dcd_rp2040.c.obj
                0x0000000010002e20                dcd_edpt_open
 .text.dcd_edpt_close_all
                0x0000000010002f28        0x8 CMakeFiles/usbswitcher.dir/home/codespace/pico-sdk/lib/tinyusb/src/portable/raspberrypi/rp2040/dcd_rp2040.c.obj
                0x0000000010002f28                dcd_edpt_close_all
 .text.dcd_edpt_xfer
                0x0000000010002f30       0x24 CMakeFiles/usbswitcher.dir/home/codespace/pico-sdk/lib/tinyusb/src/portable/raspberrypi/rp2040/dcd_rp2040.c.obj
                0x0000000010002f30                dcd_edpt_xfer
 .text.dcd_edpt_stall
                0x0000000010002f54       0x38 CMakeFiles/usbswitcher.dir/home/codespace/pico-sdk/lib/tinyusb/src/portable/raspberrypi/rp2040/dcd_rp2040.c.obj
                0x0000000010002f54                dcd_edpt_stall
 .text.dcd_edpt_clear_stall
                0x0000000010002f8c       0x30 CMakeFiles/usbswitcher.dir/home/codespace/pico-sdk/lib/tinyusb/src/portable/raspberrypi/rp2040/dcd_rp2040.c.obj
                0x0000000010002f8c                dcd_edpt_clear_stall
 .text.rp2040_usb_init
                0x0000000010002fbc       0x4c CMakeFiles/usbswitcher.dir/home/codespace/pico-sdk/lib/tinyusb/src/portable/raspberrypi/rp2040/rp2040_usb.c.obj
                0x0000000010002fbc                rp2040_usb_init
 .text.hw_endpoint_xfer_start
                0x0000000010003008       0x54 CMakeFiles/usbswitcher.dir/home/codespace/pico-sdk/lib/tinyusb/src/portable/raspberrypi/rp2040/rp2040_usb.c.obj
                0x0000000010003008                hw_endpoint_xfer_start
 .text.tud_event_hook_cb
                0x000000001000305c        0x4 CMakeFiles/usbswitcher.dir/home/codespace/pico-sdk/lib/tinyusb/src/device/usbd.c.obj
                0x000000001000305c                tud_event_hook_cb
 .text.tud_mounted
                0x0000000010003060       0x10 CMakeFiles/usbswitcher.dir/home/codespace/pico-sdk/lib/tinyusb/src/device/usbd.c.obj
                0x0000000010003060                tud_mounted
 .text.tud_suspended
                0x0000000010003070       0x10 CMakeFiles/usbswitcher.dir/home/codespace/pico-sdk/lib/tinyusb/src/device/usbd.c.obj
                0x0000000010003070                tud_suspended
 .text.tud_remote_wakeup
                0x0000000010003080       0x30 CMakeFiles/usbswitcher.dir/home/codespace/pico-sdk/lib/tinyusb/src/device/usbd.c.obj
                0x0000000010003080                tud_remote_wakeup
 .text.tud_init
                0x00000000100030b0       0xe0 CMakeFiles/usbswitcher.dir/home/codespace/pico-sdk/lib/tinyusb/src/device/usbd.c.obj
                0x00000000100030b0                tud_init
 .text.tud_task_ext
                0x0000000010003190      0x7ec CMakeFiles/usbswitcher.dir/home/codespace/pico-sdk/lib/tinyusb/src/device/usbd.c.obj
                0x0000000010003190                tud_task_ext
 .text.usbd_open_edpt_pair
                0x000000001000397c       0x9c CMakeFiles/usbswitcher.dir/home/codespace/pico-sdk/lib/tinyusb/src/device/usbd.c.obj
                0x000000001000397c                usbd_open_edpt_pair
 .text.usbd_edpt_claim
                0x0000000010003a18       0x28 CMakeFiles/usbswitcher.dir/home/codespace/pico-sdk/lib/tinyusb/src/device/usbd.c.obj
                0x0000000010003a18                usbd_edpt_claim
 .text.usbd_edpt_xfer
                0x0000000010003a40       0x4c CMakeFiles/usbswitcher.dir/home/codespace/pico-sdk/lib/tinyusb/src/device/usbd.c.obj
                0x0000000010003a40                usbd_edpt_xfer
 .text.usbd_edpt_busy
                0x0000000010003a8c       0x1c CMakeFiles/usbswitcher.dir/home/codespace/pico-sdk/lib/tinyusb/src/device/usbd.c.obj
                0x0000000010003a8c                usbd_edpt_busy
 .text.tud_control_status
                0x0000000010003aa8       0x30 CMakeFiles/usbswitcher.dir/home/codespace/pico-sdk/lib/tinyusb/src/device/usbd_control.c.obj
                0x0000000010003aa8                tud_control_status
 .text.tud_control_xfer
                0x0000000010003ad8       0xb8 CMakeFiles/usbswitcher.dir/home/codespace/pico-sdk/lib/tinyusb/src/device/usbd_control.c.obj
                0x0000000010003ad8                tud_control_xfer
 .text.usbd_control_reset
                0x0000000010003b90       0x14 CMakeFiles/usbswitcher.dir/home/codespace/pico-sdk/lib/tinyusb/src/device/usbd_control.c.obj
                0x0000000010003b90                usbd_control_reset
 .text.usbd_control_set_complete_callback
                0x0000000010003ba4        0xc CMakeFiles/usbswitcher.dir/home/codespace/pico-sdk/lib/tinyusb/src/device/usbd_control.c.obj
                0x0000000010003ba4                usbd_control_set_complete_callback
 .text.usbd_control_set_request
                0x0000000010003bb0       0x1c CMakeFiles/usbswitcher.dir/home/codespace/pico-sdk/lib/tinyusb/src/device/usbd_control.c.obj
                0x0000000010003bb0                usbd_control_set_request
 .text.usbd_control_xfer_cb
                0x0000000010003bcc       0xf0 CMakeFiles/usbswitcher.dir/home/codespace/pico-sdk/lib/tinyusb/src/device/usbd_control.c.obj
                0x0000000010003bcc                usbd_control_xfer_cb
 .text.tud_hid_n_ready
                0x0000000010003cbc       0x38 CMakeFiles/usbswitcher.dir/home/codespace/pico-sdk/lib/tinyusb/src/class/hid/hid_device.c.obj
                0x0000000010003cbc                tud_hid_n_ready
 .text.tud_hid_n_report
                0x0000000010003cf4       0x84 CMakeFiles/usbswitcher.dir/home/codespace/pico-sdk/lib/tinyusb/src/class/hid/hid_device.c.obj
                0x0000000010003cf4                tud_hid_n_report
 .text.tud_hid_n_keyboard_report
                0x0000000010003d78       0x8c CMakeFiles/usbswitcher.dir/home/codespace/pico-sdk/lib/tinyusb/src/class/hid/hid_device.c.obj
                0x0000000010003d78                tud_hid_n_keyboard_report
 .text.tud_hid_n_mouse_report
                0x0000000010003e04       0xa4 CMakeFiles/usbswitcher.dir/home/codespace/pico-sdk/lib/tinyusb/src/class/hid/hid_device.c.obj
                0x0000000010003e04                tud_hid_n_mouse_report
 .text.hidd_init
                0x0000000010003ea8       0x14 CMakeFiles/usbswitcher.dir/home/codespace/pico-sdk/lib/tinyusb/src/class/hid/hid_device.c.obj
                0x0000000010003ea8                hidd_init
 .text.hidd_reset
                0x0000000010003ebc       0x14 CMakeFiles/usbswitcher.dir/home/codespace/pico-sdk/lib/tinyusb/src/class/hid/hid_device.c.obj
                0x0000000010003ebc                hidd_reset
 .text.hidd_open
                0x0000000010003ed0       0x8c CMakeFiles/usbswitcher.dir/home/codespace/pico-sdk/lib/tinyusb/src/class/hid/hid_device.c.obj
                0x0000000010003ed0                hidd_open
 .text.hidd_control_xfer_cb
                0x0000000010003f5c      0x1a0 CMakeFiles/usbswitcher.dir/home/codespace/pico-sdk/lib/tinyusb/src/class/hid/hid_device.c.obj
                0x0000000010003f5c                hidd_control_xfer_cb
 .text.hidd_xfer_cb
                0x00000000100040fc       0x64 CMakeFiles/usbswitcher.dir/home/codespace/pico-sdk/lib/tinyusb/src/class/hid/hid_device.c.obj
                0x00000000100040fc                hidd_xfer_cb
 .text.tu_edpt_claim
                0x0000000010004160       0x50 CMakeFiles/usbswitcher.dir/home/codespace/pico-sdk/lib/tinyusb/src/tusb.c.obj
                0x0000000010004160                tu_edpt_claim
 .text.tu_edpt_validate
                0x00000000100041b0       0x78 CMakeFiles/usbswitcher.dir/home/codespace/pico-sdk/lib/tinyusb/src/tusb.c.obj
                0x00000000100041b0                tu_edpt_validate
 .text.tu_edpt_bind_driver
                0x0000000010004228       0x34 CMakeFiles/usbswitcher.dir/home/codespace/pico-sdk/lib/tinyusb/src/tusb.c.obj
                0x0000000010004228                tu_edpt_bind_driver
 .text.tu_fifo_read
                0x000000001000425c       0x9c CMakeFiles/usbswitcher.dir/home/codespace/pico-sdk/lib/tinyusb/src/common/tusb_fifo.c.obj
                0x000000001000425c                tu_fifo_read
 .text.tu_fifo_write
                0x00000000100042f8       0x88 CMakeFiles/usbswitcher.dir/home/codespace/pico-sdk/lib/tinyusb/src/common/tusb_fifo.c.obj
                0x00000000100042f8                tu_fifo_write
 .text.tu_fifo_clear
                0x0000000010004380       0x40 CMakeFiles/usbswitcher.dir/home/codespace/pico-sdk/lib/tinyusb/src/common/tusb_fifo.c.obj
                0x0000000010004380                tu_fifo_clear
 .text.board_get_unique_id
                0x00000000100043c0       0x24 CMakeFiles/usbswitcher.dir/home/codespace/pico-sdk/lib/tinyusb/hw/bsp/rp2040/family.c.obj
                0x00000000100043c0                board_get_unique_id
 .text.board_init
                0x00000000100043e4       0x14 CMakeFiles/usbswitcher.dir/home/codespace/pico-sdk/lib/tinyusb/hw/bsp/rp2040/family.c.obj
                0x00000000100043e4                board_init
 .text.board_led_write
                0x00000000100043f8       0x14 CMakeFiles/usbswitcher.dir/home/codespace/pico-sdk/lib/tinyusb/hw/bsp/rp2040/family.c.obj
                0x00000000100043f8                board_led_write
 .text.board_button_read
                0x000000001000440c       0x10 CMakeFiles/usbswitcher.dir/home/codespace/pico-sdk/lib/tinyusb/hw/bsp/rp2040/family.c.obj
                0x000000001000440c                board_button_read
 .text.startup._retrieve_unique_id_on_boot
                0x000000001000441c       0x10 CMakeFiles/usbswitcher.dir/home/codespace/pico-sdk/src/rp2_common/pico_unique_id/unique_id.c.obj
 .text.pico_get_unique_board_id
                0x000000001000442c       0x10 CMakeFiles/usbswitcher.dir/home/codespace/pico-sdk/src/rp2_common/pico_unique_id/unique_id.c.obj
                0x000000001000442c                pico_get_unique_board_id
 .text.flash_get_unique_id
                0x000000001000443c       0x40 CMakeFiles/usbswitcher.dir/home/codespace/pico-sdk/src/rp2_common/hardware_flash/flash.c.obj
                0x000000001000443c                flash_get_unique_id
 .text          0x000000001000447c       0x68 /usr/lib/gcc/arm-none-eabi/9.2.1/../../../arm-none-eabi/lib/thumb/v6-m/nofp/libc.a(lib_a-strlen-stub.o)
                0x000000001000447c                strlen
 *(.fini)
 .fini          0x00000000100044e4        0x4 /usr/lib/gcc/arm-none-eabi/9.2.1/thumb/v6-m/nofp/crti.o
                0x00000000100044e4                _fini
 .fini.__stub   0x00000000100044e8       0xd0 linker stubs
 *crtbegin.o(.ctors)
 *crtbegin?.o(.ctors)
 *(EXCLUDE_FILE(*crtend.o *crtend?.o) .ctors)
 *(SORT_BY_NAME(.ctors.*))
 *(.ctors)
 *crtbegin.o(.dtors)
 *crtbegin?.o(.dtors)
 *(EXCLUDE_FILE(*crtend.o *crtend?.o) .dtors)
 *(SORT_BY_NAME(.dtors.*))
 *(.dtors)
 *(.eh_frame*)
 .eh_frame      0x00000000100045b8        0x0 /usr/lib/gcc/arm-none-eabi/9.2.1/thumb/v6-m/nofp/crtbegin.o
                0x00000000100045b8                . = ALIGN (0x4)

.glue_7         0x00000000100045b8        0x0
 .glue_7        0x00000000100045b8        0x0 linker stubs

.glue_7t        0x00000000100045b8        0x0
 .glue_7t       0x00000000100045b8        0x0 linker stubs

.vfp11_veneer   0x00000000100045b8        0x0
 .vfp11_veneer  0x00000000100045b8        0x0 linker stubs

.v4_bx          0x00000000100045b8        0x0
 .v4_bx         0x00000000100045b8        0x0 linker stubs

.iplt           0x00000000100045b8        0x0
 .iplt          0x00000000100045b8        0x0 /usr/lib/gcc/arm-none-eabi/9.2.1/thumb/v6-m/nofp/crtbegin.o

.rodata         0x00000000100045b8      0x36c
 *(EXCLUDE_FILE(*libm.a: *libc.a:*lib_a-mem*.o *libgcc.a:) .rodata*)
 .rodata.tud_descriptor_string_cb.str1.4
                0x00000000100045b8       0x11 CMakeFiles/usbswitcher.dir/usb_descriptors.cpp.obj
 *fill*         0x00000000100045c9        0x3 
 .rodata.str1.4
                0x00000000100045cc       0x17 CMakeFiles/usbswitcher.dir/usb_descriptors.cpp.obj
 *fill*         0x00000000100045e3        0x1 
 .rodata.._87   0x00000000100045e4        0x2 CMakeFiles/usbswitcher.dir/usb_descriptors.cpp.obj
 *fill*         0x00000000100045e6        0x2 
 .rodata._ZL11desc_device
                0x00000000100045e8       0x12 CMakeFiles/usbswitcher.dir/usb_descriptors.cpp.obj
 *fill*         0x00000000100045fa        0x2 
 .rodata._ZL15desc_hid_report
                0x00000000100045fc       0xef CMakeFiles/usbswitcher.dir/usb_descriptors.cpp.obj
 *fill*         0x00000000100046eb        0x1 
 .rodata._ZL18desc_configuration
                0x00000000100046ec       0x22 CMakeFiles/usbswitcher.dir/usb_descriptors.cpp.obj
 *fill*         0x000000001000470e        0x2 
 .rodata.spin_lock_claim_unused.str1.4
                0x0000000010004710       0x1b CMakeFiles/usbswitcher.dir/home/codespace/pico-sdk/src/rp2_common/hardware_sync/sync.c.obj
 *fill*         0x000000001000472b        0x1 
 .rodata.hardware_alarm_claim.str1.4
                0x000000001000472c       0x22 CMakeFiles/usbswitcher.dir/home/codespace/pico-sdk/src/rp2_common/hardware_timer/timer.c.obj
 *fill*         0x000000001000474e        0x2 
 .rodata.panic.str1.4
                0x0000000010004750       0x12 CMakeFiles/usbswitcher.dir/home/codespace/pico-sdk/src/rp2_common/pico_runtime/runtime.c.obj
 *fill*         0x0000000010004762        0x2 
 .rodata.hard_assertion_failure.str1.4
                0x0000000010004764        0xc CMakeFiles/usbswitcher.dir/home/codespace/pico-sdk/src/rp2_common/pico_runtime/runtime.c.obj
 .rodata.str1.4
                0x0000000010004770       0x40 CMakeFiles/usbswitcher.dir/home/codespace/pico-sdk/src/rp2_common/pico_standard_link/binary_info.c.obj
 .rodata.__bi_44
                0x00000000100047b0        0xc CMakeFiles/usbswitcher.dir/home/codespace/pico-sdk/src/rp2_common/pico_standard_link/binary_info.c.obj
 .rodata.__bi_75
                0x00000000100047bc        0xc CMakeFiles/usbswitcher.dir/home/codespace/pico-sdk/src/rp2_common/pico_standard_link/binary_info.c.obj
 .rodata.__bi_81
                0x00000000100047c8        0xc CMakeFiles/usbswitcher.dir/home/codespace/pico-sdk/src/rp2_common/pico_standard_link/binary_info.c.obj
 .rodata.crlf_str.6082
                0x00000000100047d4        0x2 CMakeFiles/usbswitcher.dir/home/codespace/pico-sdk/src/rp2_common/pico_stdio/stdio.c.obj
 *fill*         0x00000000100047d6        0x2 
 .rodata.str1.4
                0x00000000100047d8       0x14 CMakeFiles/usbswitcher.dir/home/codespace/pico-sdk/lib/tinyusb/src/portable/raspberrypi/rp2040/dcd_rp2040.c.obj
 .rodata.str1.4
                0x00000000100047ec       0x53 CMakeFiles/usbswitcher.dir/home/codespace/pico-sdk/lib/tinyusb/src/portable/raspberrypi/rp2040/rp2040_usb.c.obj
 *fill*         0x000000001000483f        0x1 
 .rodata.tud_task_ext
                0x0000000010004840       0x8c CMakeFiles/usbswitcher.dir/home/codespace/pico-sdk/lib/tinyusb/src/device/usbd.c.obj
 .rodata._usbd_driver
                0x00000000100048cc       0x18 CMakeFiles/usbswitcher.dir/home/codespace/pico-sdk/lib/tinyusb/src/device/usbd.c.obj
 .rodata.hidd_control_xfer_cb
                0x00000000100048e4       0x30 CMakeFiles/usbswitcher.dir/home/codespace/pico-sdk/lib/tinyusb/src/class/hid/hid_device.c.obj
 .rodata.str1.4
                0x0000000010004914        0x4 CMakeFiles/usbswitcher.dir/home/codespace/pico-sdk/lib/tinyusb/hw/bsp/rp2040/family.c.obj
 .rodata.__bi_146.7810
                0x0000000010004918        0xc CMakeFiles/usbswitcher.dir/home/codespace/pico-sdk/lib/tinyusb/hw/bsp/rp2040/family.c.obj
                0x0000000010004924                . = ALIGN (0x4)
 *(SORT_BY_ALIGNMENT(SORT_BY_NAME(.flashdata*)))
                0x0000000010004924                . = ALIGN (0x4)

.ARM.extab
 *(.ARM.extab* .gnu.linkonce.armextab.*)
                0x0000000010004924                __exidx_start = .

.ARM.exidx
 *(.ARM.exidx* .gnu.linkonce.armexidx.*)
                0x0000000010004924                __exidx_end = .
                0x0000000010004924                . = ALIGN (0x4)
                0x0000000010004924                __binary_info_start = .

.binary_info    0x0000000010004924       0x20
 *(.binary_info.keep.*)
 .binary_info.keep.__bi_ptr22
                0x0000000010004924        0x4 CMakeFiles/usbswitcher.dir/home/codespace/pico-sdk/src/rp2_common/pico_standard_link/binary_info.c.obj
 .binary_info.keep.__bi_ptr30
                0x0000000010004928        0x4 CMakeFiles/usbswitcher.dir/home/codespace/pico-sdk/src/rp2_common/pico_standard_link/binary_info.c.obj
 .binary_info.keep.__bi_ptr38
                0x000000001000492c        0x4 CMakeFiles/usbswitcher.dir/home/codespace/pico-sdk/src/rp2_common/pico_standard_link/binary_info.c.obj
 .binary_info.keep.__bi_ptr44
                0x0000000010004930        0x4 CMakeFiles/usbswitcher.dir/home/codespace/pico-sdk/src/rp2_common/pico_standard_link/binary_info.c.obj
 .binary_info.keep.__bi_ptr50
                0x0000000010004934        0x4 CMakeFiles/usbswitcher.dir/home/codespace/pico-sdk/src/rp2_common/pico_standard_link/binary_info.c.obj
 .binary_info.keep.__bi_ptr75
                0x0000000010004938        0x4 CMakeFiles/usbswitcher.dir/home/codespace/pico-sdk/src/rp2_common/pico_standard_link/binary_info.c.obj
 .binary_info.keep.__bi_ptr81
                0x000000001000493c        0x4 CMakeFiles/usbswitcher.dir/home/codespace/pico-sdk/src/rp2_common/pico_standard_link/binary_info.c.obj
 .binary_info.keep.__bi_ptr146
                0x0000000010004940        0x4 CMakeFiles/usbswitcher.dir/home/codespace/pico-sdk/lib/tinyusb/hw/bsp/rp2040/family.c.obj
 *(.binary_info.*)
                0x0000000010004944                __binary_info_end = .

.rel.dyn        0x0000000010004944        0x0
 .rel.iplt      0x0000000010004944        0x0 /usr/lib/gcc/arm-none-eabi/9.2.1/thumb/v6-m/nofp/crtbegin.o
                0x0000000010004944                . = ALIGN (0x4)

.ram_vector_table
                0x0000000020000000       0xc0
 *(.ram_vector_table)
 .ram_vector_table
                0x0000000020000000       0xc0 CMakeFiles/usbswitcher.dir/home/codespace/pico-sdk/src/rp2_common/pico_runtime/runtime.c.obj
                0x0000000020000000                ram_vector_table

.data           0x00000000200000c0      0xeb0 load address 0x0000000010004944
                0x00000000200000c0                __data_start__ = .
 *(vtable)
 *(.time_critical*)
 .time_critical.mutex_try_enter_block_until
                0x00000000200000c0       0xb0 CMakeFiles/usbswitcher.dir/home/codespace/pico-sdk/src/common/pico_sync/mutex.c.obj
                0x00000000200000c0                mutex_try_enter_block_until
 .time_critical.mutex_enter_timeout_ms
                0x0000000020000170       0x90 CMakeFiles/usbswitcher.dir/home/codespace/pico-sdk/src/common/pico_sync/mutex.c.obj
                0x0000000020000170                mutex_enter_timeout_ms
 .time_critical.mutex_exit
                0x0000000020000200       0x28 CMakeFiles/usbswitcher.dir/home/codespace/pico-sdk/src/common/pico_sync/mutex.c.obj
                0x0000000020000200                mutex_exit
 .time_critical.reset_non_control_endpoints
                0x0000000020000228       0xbc CMakeFiles/usbswitcher.dir/home/codespace/pico-sdk/lib/tinyusb/src/portable/raspberrypi/rp2040/dcd_rp2040.c.obj
 .time_critical.hw_handle_buff_status
                0x00000000200002e4       0xb4 CMakeFiles/usbswitcher.dir/home/codespace/pico-sdk/lib/tinyusb/src/portable/raspberrypi/rp2040/dcd_rp2040.c.obj
 .time_critical.dcd_rp2040_irq
                0x0000000020000398      0x4f4 CMakeFiles/usbswitcher.dir/home/codespace/pico-sdk/lib/tinyusb/src/portable/raspberrypi/rp2040/dcd_rp2040.c.obj
 .time_critical.prepare_ep_buffer
                0x000000002000088c       0x70 CMakeFiles/usbswitcher.dir/home/codespace/pico-sdk/lib/tinyusb/src/portable/raspberrypi/rp2040/rp2040_usb.c.obj
 .time_critical.sync_ep_buffer
                0x00000000200008fc       0x4c CMakeFiles/usbswitcher.dir/home/codespace/pico-sdk/lib/tinyusb/src/portable/raspberrypi/rp2040/rp2040_usb.c.obj
 .time_critical._hw_endpoint_xfer_sync
                0x0000000020000948       0x28 CMakeFiles/usbswitcher.dir/home/codespace/pico-sdk/lib/tinyusb/src/portable/raspberrypi/rp2040/rp2040_usb.c.obj
 .time_critical.e15_is_bulkin_ep
                0x0000000020000970       0x28 CMakeFiles/usbswitcher.dir/home/codespace/pico-sdk/lib/tinyusb/src/portable/raspberrypi/rp2040/rp2040_usb.c.obj
 .time_critical.e15_is_critical_frame_period
                0x0000000020000998       0x38 CMakeFiles/usbswitcher.dir/home/codespace/pico-sdk/lib/tinyusb/src/portable/raspberrypi/rp2040/rp2040_usb.c.obj
 .time_critical.hw_endpoint_reset_transfer
                0x00000000200009d0        0xc CMakeFiles/usbswitcher.dir/home/codespace/pico-sdk/lib/tinyusb/src/portable/raspberrypi/rp2040/rp2040_usb.c.obj
                0x00000000200009d0                hw_endpoint_reset_transfer
 .time_critical._hw_endpoint_buffer_control_update32
                0x00000000200009dc       0x58 CMakeFiles/usbswitcher.dir/home/codespace/pico-sdk/lib/tinyusb/src/portable/raspberrypi/rp2040/rp2040_usb.c.obj
                0x00000000200009dc                _hw_endpoint_buffer_control_update32
 .time_critical.hw_endpoint_start_next_buffer
                0x0000000020000a34       0x6c CMakeFiles/usbswitcher.dir/home/codespace/pico-sdk/lib/tinyusb/src/portable/raspberrypi/rp2040/rp2040_usb.c.obj
                0x0000000020000a34                hw_endpoint_start_next_buffer
 .time_critical.hw_endpoint_xfer_continue
                0x0000000020000aa0       0x50 CMakeFiles/usbswitcher.dir/home/codespace/pico-sdk/lib/tinyusb/src/portable/raspberrypi/rp2040/rp2040_usb.c.obj
                0x0000000020000aa0                hw_endpoint_xfer_continue
 .time_critical.tinyusb
                0x0000000020000af0      0x168 CMakeFiles/usbswitcher.dir/home/codespace/pico-sdk/lib/tinyusb/src/device/usbd.c.obj
                0x0000000020000af0                dcd_event_handler
 .time_critical.get_bootsel_button
                0x0000000020000c58       0x60 CMakeFiles/usbswitcher.dir/home/codespace/pico-sdk/lib/tinyusb/hw/bsp/rp2040/family.c.obj
                0x0000000020000c58                get_bootsel_button
 .time_critical.flash_init_boot2_copyout
                0x0000000020000cb8       0x30 CMakeFiles/usbswitcher.dir/home/codespace/pico-sdk/src/rp2_common/hardware_flash/flash.c.obj
 .time_critical.flash_enable_xip_via_boot2
                0x0000000020000ce8       0x10 CMakeFiles/usbswitcher.dir/home/codespace/pico-sdk/src/rp2_common/hardware_flash/flash.c.obj
 .time_critical.flash_cs_force
                0x0000000020000cf8       0x38 CMakeFiles/usbswitcher.dir/home/codespace/pico-sdk/src/rp2_common/hardware_flash/flash.c.obj
 .time_critical.flash_do_cmd
                0x0000000020000d30       0xc4 CMakeFiles/usbswitcher.dir/home/codespace/pico-sdk/src/rp2_common/hardware_flash/flash.c.obj
                0x0000000020000d30                flash_do_cmd
 *(.text*)
 .text          0x0000000020000df4        0x4 /usr/lib/gcc/arm-none-eabi/9.2.1/thumb/v6-m/nofp/libgcc.a(_dvmd_tls.o)
                0x0000000020000df4                __aeabi_ldiv0
                0x0000000020000df4                __aeabi_idiv0
 .text.__stub   0x0000000020000df8       0x80 linker stubs
                0x0000000020000e78                . = ALIGN (0x4)
 *(.rodata*)
                0x0000000020000e78                . = ALIGN (0x4)
 *(.data*)
 .data._ZL17blink_interval_ms
                0x0000000020000e78        0x4 CMakeFiles/usbswitcher.dir/main.cpp.obj
 .data.string_desc_arr
                0x0000000020000e7c       0x10 CMakeFiles/usbswitcher.dir/usb_descriptors.cpp.obj
                0x0000000020000e7c                string_desc_arr
 .data.striped_spin_lock_num
                0x0000000020000e8c        0x1 CMakeFiles/usbswitcher.dir/home/codespace/pico-sdk/src/rp2_common/hardware_sync/sync.c.obj
 *fill*         0x0000000020000e8d        0x3 
 .data          0x0000000020000e90       0x48 CMakeFiles/usbswitcher.dir/home/codespace/pico-sdk/src/rp2_common/hardware_irq/irq_handler_chain.S.obj
                0x0000000020000e90                irq_handler_chain_slots
                0x0000000020000ec0                irq_handler_chain_first_slot
                0x0000000020000eca                irq_handler_chain_remove_tail
 .data.default_alarm_pool
                0x0000000020000ed8       0x18 CMakeFiles/usbswitcher.dir/home/codespace/pico-sdk/src/common/pico_time/time.c.obj
 .data.default_alarm_pool_heap
                0x0000000020000ef0       0x10 CMakeFiles/usbswitcher.dir/home/codespace/pico-sdk/src/common/pico_time/time.c.obj
 .data.aeabi_bits_funcs
                0x0000000020000f00       0x10 CMakeFiles/usbswitcher.dir/home/codespace/pico-sdk/src/rp2_common/pico_bit_ops/bit_ops_aeabi.S.obj
                0x0000000020000f00                aeabi_bits_funcs
                0x0000000020000f10                aeabi_bits_funcs_end
 .data.aeabi_mem_funcs
                0x0000000020000f10       0x10 CMakeFiles/usbswitcher.dir/home/codespace/pico-sdk/src/rp2_common/pico_mem_ops/mem_ops_aeabi.S.obj
                0x0000000020000f10                aeabi_mem_funcs
                0x0000000020000f20                aeabi_mem_funcs_end
 .data.ep_dir_string
                0x0000000020000f20        0x8 CMakeFiles/usbswitcher.dir/home/codespace/pico-sdk/lib/tinyusb/src/portable/raspberrypi/rp2040/rp2040_usb.c.obj
                0x0000000020000f20                ep_dir_string
 .data._usbd_qdef
                0x0000000020000f28       0x1c CMakeFiles/usbswitcher.dir/home/codespace/pico-sdk/lib/tinyusb/src/device/usbd.c.obj
                0x0000000020000f28                _usbd_qdef
 .data._usbd_rhport
                0x0000000020000f44        0x1 CMakeFiles/usbswitcher.dir/home/codespace/pico-sdk/lib/tinyusb/src/device/usbd.c.obj
                0x0000000020000f48                . = ALIGN (0x4)
 *fill*         0x0000000020000f45        0x3 
 *(.after_data.*)
                0x0000000020000f48                . = ALIGN (0x4)
                0x0000000020000f48                PROVIDE (__mutex_array_start = .)
 *(SORT_BY_NAME(.mutex_array.*))
 *(.mutex_array)
 .mutex_array   0x0000000020000f48        0x8 CMakeFiles/usbswitcher.dir/home/codespace/pico-sdk/src/rp2_common/pico_malloc/pico_malloc.c.obj
 .mutex_array   0x0000000020000f50        0x8 CMakeFiles/usbswitcher.dir/home/codespace/pico-sdk/src/rp2_common/pico_stdio/stdio.c.obj
                0x0000000020000f58                PROVIDE (__mutex_array_end = .)
                0x0000000020000f58                . = ALIGN (0x4)
                0x0000000020000f58                PROVIDE (__preinit_array_start = .)
 *(SORT_BY_NAME(.preinit_array.*))
 .preinit_array.00001
                0x0000000020000f58        0x4 CMakeFiles/usbswitcher.dir/home/codespace/pico-sdk/src/rp2_common/pico_mem_ops/mem_ops_aeabi.S.obj
 .preinit_array.00010
                0x0000000020000f5c        0x4 CMakeFiles/usbswitcher.dir/home/codespace/pico-sdk/src/rp2_common/pico_bit_ops/bit_ops_aeabi.S.obj
 .preinit_array.00020
                0x0000000020000f60        0x4 CMakeFiles/usbswitcher.dir/home/codespace/pico-sdk/src/rp2_common/pico_double/double_aeabi.S.obj
 .preinit_array.00020
                0x0000000020000f64        0x4 CMakeFiles/usbswitcher.dir/home/codespace/pico-sdk/src/rp2_common/pico_float/float_aeabi.S.obj
 *(.preinit_array)
                0x0000000020000f68                PROVIDE (__preinit_array_end = .)
                0x0000000020000f68                . = ALIGN (0x4)
                0x0000000020000f68                PROVIDE (__init_array_start = .)
 *(SORT_BY_NAME(.init_array.*))
 *(.init_array)
 .init_array    0x0000000020000f68        0x4 /usr/lib/gcc/arm-none-eabi/9.2.1/thumb/v6-m/nofp/crtbegin.o
 .init_array    0x0000000020000f6c        0x4 CMakeFiles/usbswitcher.dir/home/codespace/pico-sdk/src/rp2_common/pico_unique_id/unique_id.c.obj
                0x0000000020000f70                PROVIDE (__init_array_end = .)
                0x0000000020000f70                . = ALIGN (0x4)
                0x0000000020000f70                PROVIDE (__fini_array_start = .)
 *(SORT_BY_NAME(.fini_array.*))
 *(.fini_array)
                0x0000000020000f70                PROVIDE (__fini_array_end = .)
 *(.jcr)
                0x0000000020000f70                . = ALIGN (0x4)
                0x0000000020000f70                __data_end__ = .
                0x0000000010004944                __etext = LOADADDR (.data)

.tm_clone_table
                0x0000000020000f70        0x0 load address 0x00000000100057f4
 .tm_clone_table
                0x0000000020000f70        0x0 /usr/lib/gcc/arm-none-eabi/9.2.1/thumb/v6-m/nofp/crtbegin.o
 .tm_clone_table
                0x0000000020000f70        0x0 /usr/lib/gcc/arm-none-eabi/9.2.1/thumb/v6-m/nofp/crtend.o

.igot.plt       0x0000000020000f70        0x0 load address 0x00000000100057f4
 .igot.plt      0x0000000020000f70        0x0 /usr/lib/gcc/arm-none-eabi/9.2.1/thumb/v6-m/nofp/crtbegin.o

.uninitialized_data
                0x0000000020000f70        0x0 load address 0x00000000100057f4
                0x0000000020000f70                . = ALIGN (0x4)
 *(.uninitialized_data*)

.scratch_x      0x0000000020040000        0x0 load address 0x00000000100057f4
                0x0000000020040000                __scratch_x_start__ = .
 *(.scratch_x.*)
                0x0000000020040000                . = ALIGN (0x4)
                0x0000000020040000                __scratch_x_end__ = .
                0x00000000100057f4                __scratch_x_source__ = LOADADDR (.scratch_x)

.scratch_y      0x0000000020041000        0x0 load address 0x00000000100057f4
                0x0000000020041000                __scratch_y_start__ = .
 *(.scratch_y.*)
                0x0000000020041000                . = ALIGN (0x4)
                0x0000000020041000                __scratch_y_end__ = .
                0x00000000100057f4                __scratch_y_source__ = LOADADDR (.scratch_y)

.bss            0x0000000020000f70      0xadc
                0x0000000020000f70                . = ALIGN (0x4)
                0x0000000020000f70                __bss_start__ = .
 *(SORT_BY_ALIGNMENT(SORT_BY_NAME(.bss*)))
 .bss.default_alarm_pool_entries
                0x0000000020000f70      0x100 CMakeFiles/usbswitcher.dir/home/codespace/pico-sdk/src/common/pico_time/time.c.obj
 .bss           0x0000000020001070       0x1c /usr/lib/gcc/arm-none-eabi/9.2.1/thumb/v6-m/nofp/crtbegin.o
 .bss._ZL9_desc_str
                0x000000002000108c       0x42 CMakeFiles/usbswitcher.dir/usb_descriptors.cpp.obj
 *fill*         0x00000000200010ce        0x2 
 .bss._ZZ17led_blinking_taskvE8start_ms
                0x00000000200010d0        0x4 CMakeFiles/usbswitcher.dir/main.cpp.obj
 .bss._ZZ8hid_taskvE8start_ms
                0x00000000200010d4        0x4 CMakeFiles/usbswitcher.dir/main.cpp.obj
 .bss._app_driver
                0x00000000200010d8        0x4 CMakeFiles/usbswitcher.dir/home/codespace/pico-sdk/lib/tinyusb/src/device/usbd.c.obj
 .bss._ctrl_xfer
                0x00000000200010dc       0x14 CMakeFiles/usbswitcher.dir/home/codespace/pico-sdk/lib/tinyusb/src/device/usbd_control.c.obj
 .bss._hidd_itf
                0x00000000200010f0       0x2c CMakeFiles/usbswitcher.dir/home/codespace/pico-sdk/lib/tinyusb/src/class/hid/hid_device.c.obj
 .bss._ubsd_mutexdef
                0x000000002000111c        0x8 CMakeFiles/usbswitcher.dir/home/codespace/pico-sdk/lib/tinyusb/src/device/usbd.c.obj
 .bss._usbd_ctrl_buf
                0x0000000020001124       0x40 CMakeFiles/usbswitcher.dir/home/codespace/pico-sdk/lib/tinyusb/src/device/usbd_control.c.obj
 .bss._usbd_dev
                0x0000000020001164       0x53 CMakeFiles/usbswitcher.dir/home/codespace/pico-sdk/lib/tinyusb/src/device/usbd.c.obj
 *fill*         0x00000000200011b7        0x1 
 .bss._usbd_mutex
                0x00000000200011b8        0x4 CMakeFiles/usbswitcher.dir/home/codespace/pico-sdk/lib/tinyusb/src/device/usbd.c.obj
 .bss._usbd_q   0x00000000200011bc        0x4 CMakeFiles/usbswitcher.dir/home/codespace/pico-sdk/lib/tinyusb/src/device/usbd.c.obj
 .bss.alarm_callbacks
                0x00000000200011c0       0x10 CMakeFiles/usbswitcher.dir/home/codespace/pico-sdk/src/rp2_common/hardware_timer/timer.c.obj
 .bss.boot2_copyout
                0x00000000200011d0      0x100 CMakeFiles/usbswitcher.dir/home/codespace/pico-sdk/src/rp2_common/hardware_flash/flash.c.obj
 .bss.claimed   0x00000000200012d0        0x4 CMakeFiles/usbswitcher.dir/home/codespace/pico-sdk/src/rp2_common/hardware_sync/sync.c.obj
 .bss.configured_freq
                0x00000000200012d4       0x28 CMakeFiles/usbswitcher.dir/home/codespace/pico-sdk/src/rp2_common/hardware_clocks/clocks.c.obj
 .bss.default_alarm_pool_entry_ids_high
                0x00000000200012fc       0x10 CMakeFiles/usbswitcher.dir/home/codespace/pico-sdk/src/common/pico_time/time.c.obj
 .bss.default_alarm_pool_heap_nodes
                0x000000002000130c       0x30 CMakeFiles/usbswitcher.dir/home/codespace/pico-sdk/src/common/pico_time/time.c.obj
 .bss.drivers   0x000000002000133c        0x4 CMakeFiles/usbswitcher.dir/home/codespace/pico-sdk/src/rp2_common/pico_stdio/stdio.c.obj
 .bss.e15_last_sof
                0x0000000020001340        0x4 CMakeFiles/usbswitcher.dir/home/codespace/pico-sdk/lib/tinyusb/src/portable/raspberrypi/rp2040/rp2040_usb.c.obj
                0x0000000020001340                e15_last_sof
 .bss.filter    0x0000000020001344        0x4 CMakeFiles/usbswitcher.dir/home/codespace/pico-sdk/src/rp2_common/pico_stdio/stdio.c.obj
 .bss.hw_endpoints
                0x0000000020001348      0x400 CMakeFiles/usbswitcher.dir/home/codespace/pico-sdk/lib/tinyusb/src/portable/raspberrypi/rp2040/dcd_rp2040.c.obj
 .bss.lazy_vsnprintf
                0x0000000020001748        0x4 CMakeFiles/usbswitcher.dir/home/codespace/pico-sdk/src/rp2_common/pico_printf/printf.c.obj
 .bss.next_buffer_ptr
                0x000000002000174c        0x4 CMakeFiles/usbswitcher.dir/home/codespace/pico-sdk/lib/tinyusb/src/portable/raspberrypi/rp2040/dcd_rp2040.c.obj
 .bss.pools     0x0000000020001750       0x10 CMakeFiles/usbswitcher.dir/home/codespace/pico-sdk/src/common/pico_time/time.c.obj
 .bss.retrieved_id
                0x0000000020001760        0x8 CMakeFiles/usbswitcher.dir/home/codespace/pico-sdk/src/rp2_common/pico_unique_id/unique_id.c.obj
 .bss.sf_clz_func
                0x0000000020001768        0x4 CMakeFiles/usbswitcher.dir/home/codespace/pico-sdk/src/rp2_common/pico_double/double_init_rom.c.obj
                0x0000000020001768                sf_clz_func
 .bss.sleep_notifier
                0x000000002000176c        0x4 CMakeFiles/usbswitcher.dir/home/codespace/pico-sdk/src/common/pico_time/time.c.obj
 .bss.target_hi
                0x0000000020001770       0x10 CMakeFiles/usbswitcher.dir/home/codespace/pico-sdk/src/rp2_common/hardware_timer/timer.c.obj
 .bss._ZZ17led_blinking_taskvE9led_state
                0x0000000020001780        0x1 CMakeFiles/usbswitcher.dir/main.cpp.obj
 .bss._ZZL15send_hid_reporthmE15has_gamepad_key
                0x0000000020001781        0x1 CMakeFiles/usbswitcher.dir/main.cpp.obj
 .bss._ZZL15send_hid_reporthmE16has_consumer_key
                0x0000000020001782        0x1 CMakeFiles/usbswitcher.dir/main.cpp.obj
 .bss._ZZL15send_hid_reporthmE16has_keyboard_key
                0x0000000020001783        0x1 CMakeFiles/usbswitcher.dir/main.cpp.obj
 .bss._app_driver_count
                0x0000000020001784        0x1 CMakeFiles/usbswitcher.dir/home/codespace/pico-sdk/lib/tinyusb/src/device/usbd.c.obj
 .bss._sof_enable
                0x0000000020001785        0x1 CMakeFiles/usbswitcher.dir/home/codespace/pico-sdk/lib/tinyusb/src/portable/raspberrypi/rp2040/dcd_rp2040.c.obj
 .bss.boot2_copyout_valid
                0x0000000020001786        0x1 CMakeFiles/usbswitcher.dir/home/codespace/pico-sdk/src/rp2_common/hardware_flash/flash.c.obj
 .bss.claimed   0x0000000020001787        0x1 CMakeFiles/usbswitcher.dir/home/codespace/pico-sdk/src/rp2_common/hardware_timer/timer.c.obj
 .bss.irq_hander_chain_free_slot_head
                0x0000000020001788        0x1 CMakeFiles/usbswitcher.dir/home/codespace/pico-sdk/src/rp2_common/hardware_irq/irq.c.obj
 .bss.timer_callbacks_pending
                0x0000000020001789        0x1 CMakeFiles/usbswitcher.dir/home/codespace/pico-sdk/src/rp2_common/hardware_timer/timer.c.obj
 *(COMMON)
 *fill*         0x000000002000178a        0x2 
 COMMON         0x000000002000178c      0x100 CMakeFiles/usbswitcher.dir/home/codespace/pico-sdk/src/rp2_common/pico_double/double_init_rom.c.obj
                0x000000002000178c                sd_table
 COMMON         0x000000002000188c      0x100 CMakeFiles/usbswitcher.dir/home/codespace/pico-sdk/src/rp2_common/pico_float/float_init_rom.c.obj
                0x000000002000188c                sf_table
 COMMON         0x000000002000198c       0xc0 CMakeFiles/usbswitcher.dir/home/codespace/pico-sdk/lib/tinyusb/src/device/usbd.c.obj
                0x000000002000198c                _usbd_qdef_buf
                0x0000000020001a4c                . = ALIGN (0x4)
                0x0000000020001a4c                __bss_end__ = .

.heap           0x0000000020001a4c      0x800
                0x0000000020001a4c                __end__ = .
                0x0000000020001a4c                end = __end__
 *(.heap*)
 .heap          0x0000000020001a4c      0x800 CMakeFiles/usbswitcher.dir/home/codespace/pico-sdk/src/rp2_common/pico_standard_link/crt0.S.obj
                0x000000002000224c                __HeapLimit = .

.stack1_dummy   0x0000000020040000      0x800
 *(.stack1*)
 .stack1        0x0000000020040000      0x800 CMakeFiles/usbswitcher.dir/home/codespace/pico-sdk/src/rp2_common/pico_multicore/multicore.c.obj

.stack_dummy    0x0000000020041000      0x800
 *(.stack*)
 .stack         0x0000000020041000      0x800 CMakeFiles/usbswitcher.dir/home/codespace/pico-sdk/src/rp2_common/pico_standard_link/crt0.S.obj

.flash_end      0x00000000100057f4        0x0
                0x00000000100057f4                PROVIDE (__flash_binary_end = .)
                0x0000000020040000                __StackLimit = (ORIGIN (RAM) + LENGTH (RAM))
                0x0000000020041000                __StackOneTop = (ORIGIN (SCRATCH_X) + LENGTH (SCRATCH_X))
                0x0000000020042000                __StackTop = (ORIGIN (SCRATCH_Y) + LENGTH (SCRATCH_Y))
                0x0000000020040800                __StackOneBottom = (__StackOneTop - SIZEOF (.stack1_dummy))
                0x0000000020041800                __StackBottom = (__StackTop - SIZEOF (.stack_dummy))
                0x0000000020042000                PROVIDE (__stack = __StackTop)
                0x0000000000000001                ASSERT ((__StackLimit >= __HeapLimit), region RAM overflowed)
                0x0000000000000001                ASSERT (((__binary_info_header_end - __logical_binary_start) <= 0x100), Binary info must be in first 256 bytes of the binary)
LOAD CMakeFiles/usbswitcher.dir/main.cpp.obj
LOAD CMakeFiles/usbswitcher.dir/usb_descriptors.cpp.obj
LOAD CMakeFiles/usbswitcher.dir/home/codespace/pico-sdk/src/rp2_common/pico_stdlib/stdlib.c.obj
LOAD CMakeFiles/usbswitcher.dir/home/codespace/pico-sdk/src/rp2_common/hardware_gpio/gpio.c.obj
LOAD CMakeFiles/usbswitcher.dir/home/codespace/pico-sdk/src/rp2_common/pico_platform/platform.c.obj
LOAD CMakeFiles/usbswitcher.dir/home/codespace/pico-sdk/src/rp2_common/hardware_claim/claim.c.obj
LOAD CMakeFiles/usbswitcher.dir/home/codespace/pico-sdk/src/rp2_common/hardware_sync/sync.c.obj
LOAD CMakeFiles/usbswitcher.dir/home/codespace/pico-sdk/src/rp2_common/hardware_irq/irq.c.obj
LOAD CMakeFiles/usbswitcher.dir/home/codespace/pico-sdk/src/rp2_common/hardware_irq/irq_handler_chain.S.obj
LOAD CMakeFiles/usbswitcher.dir/home/codespace/pico-sdk/src/common/pico_sync/sem.c.obj
LOAD CMakeFiles/usbswitcher.dir/home/codespace/pico-sdk/src/common/pico_sync/lock_core.c.obj
LOAD CMakeFiles/usbswitcher.dir/home/codespace/pico-sdk/src/common/pico_sync/mutex.c.obj
LOAD CMakeFiles/usbswitcher.dir/home/codespace/pico-sdk/src/common/pico_sync/critical_section.c.obj
LOAD CMakeFiles/usbswitcher.dir/home/codespace/pico-sdk/src/common/pico_time/time.c.obj
LOAD CMakeFiles/usbswitcher.dir/home/codespace/pico-sdk/src/common/pico_time/timeout_helper.c.obj
LOAD CMakeFiles/usbswitcher.dir/home/codespace/pico-sdk/src/rp2_common/hardware_timer/timer.c.obj
LOAD CMakeFiles/usbswitcher.dir/home/codespace/pico-sdk/src/common/pico_util/datetime.c.obj
LOAD CMakeFiles/usbswitcher.dir/home/codespace/pico-sdk/src/common/pico_util/pheap.c.obj
LOAD CMakeFiles/usbswitcher.dir/home/codespace/pico-sdk/src/common/pico_util/queue.c.obj
LOAD CMakeFiles/usbswitcher.dir/home/codespace/pico-sdk/src/rp2_common/hardware_uart/uart.c.obj
LOAD CMakeFiles/usbswitcher.dir/home/codespace/pico-sdk/src/rp2_common/hardware_clocks/clocks.c.obj
LOAD CMakeFiles/usbswitcher.dir/home/codespace/pico-sdk/src/rp2_common/hardware_pll/pll.c.obj
LOAD CMakeFiles/usbswitcher.dir/home/codespace/pico-sdk/src/rp2_common/hardware_vreg/vreg.c.obj
LOAD CMakeFiles/usbswitcher.dir/home/codespace/pico-sdk/src/rp2_common/hardware_watchdog/watchdog.c.obj
LOAD CMakeFiles/usbswitcher.dir/home/codespace/pico-sdk/src/rp2_common/hardware_xosc/xosc.c.obj
LOAD CMakeFiles/usbswitcher.dir/home/codespace/pico-sdk/src/rp2_common/hardware_divider/divider.S.obj
LOAD CMakeFiles/usbswitcher.dir/home/codespace/pico-sdk/src/rp2_common/pico_runtime/runtime.c.obj
LOAD CMakeFiles/usbswitcher.dir/home/codespace/pico-sdk/src/rp2_common/pico_printf/printf.c.obj
LOAD CMakeFiles/usbswitcher.dir/home/codespace/pico-sdk/src/rp2_common/pico_bit_ops/bit_ops_aeabi.S.obj
LOAD CMakeFiles/usbswitcher.dir/home/codespace/pico-sdk/src/rp2_common/pico_bootrom/bootrom.c.obj
LOAD CMakeFiles/usbswitcher.dir/home/codespace/pico-sdk/src/rp2_common/pico_divider/divider.S.obj
LOAD CMakeFiles/usbswitcher.dir/home/codespace/pico-sdk/src/rp2_common/pico_double/double_aeabi.S.obj
LOAD CMakeFiles/usbswitcher.dir/home/codespace/pico-sdk/src/rp2_common/pico_double/double_init_rom.c.obj
LOAD CMakeFiles/usbswitcher.dir/home/codespace/pico-sdk/src/rp2_common/pico_double/double_math.c.obj
LOAD CMakeFiles/usbswitcher.dir/home/codespace/pico-sdk/src/rp2_common/pico_double/double_v1_rom_shim.S.obj
LOAD CMakeFiles/usbswitcher.dir/home/codespace/pico-sdk/src/rp2_common/pico_int64_ops/pico_int64_ops_aeabi.S.obj
LOAD CMakeFiles/usbswitcher.dir/home/codespace/pico-sdk/src/rp2_common/pico_float/float_aeabi.S.obj
LOAD CMakeFiles/usbswitcher.dir/home/codespace/pico-sdk/src/rp2_common/pico_float/float_init_rom.c.obj
LOAD CMakeFiles/usbswitcher.dir/home/codespace/pico-sdk/src/rp2_common/pico_float/float_math.c.obj
LOAD CMakeFiles/usbswitcher.dir/home/codespace/pico-sdk/src/rp2_common/pico_float/float_v1_rom_shim.S.obj
LOAD CMakeFiles/usbswitcher.dir/home/codespace/pico-sdk/src/rp2_common/pico_malloc/pico_malloc.c.obj
LOAD CMakeFiles/usbswitcher.dir/home/codespace/pico-sdk/src/rp2_common/pico_mem_ops/mem_ops_aeabi.S.obj
LOAD CMakeFiles/usbswitcher.dir/home/codespace/pico-sdk/src/rp2_common/pico_standard_link/crt0.S.obj
LOAD CMakeFiles/usbswitcher.dir/home/codespace/pico-sdk/src/rp2_common/pico_standard_link/new_delete.cpp.obj
LOAD CMakeFiles/usbswitcher.dir/home/codespace/pico-sdk/src/rp2_common/pico_standard_link/binary_info.c.obj
LOAD CMakeFiles/usbswitcher.dir/home/codespace/pico-sdk/src/rp2_common/pico_stdio/stdio.c.obj
LOAD CMakeFiles/usbswitcher.dir/home/codespace/pico-sdk/src/rp2_common/pico_multicore/multicore.c.obj
LOAD CMakeFiles/usbswitcher.dir/home/codespace/pico-sdk/lib/tinyusb/src/portable/raspberrypi/rp2040/dcd_rp2040.c.obj
LOAD CMakeFiles/usbswitcher.dir/home/codespace/pico-sdk/lib/tinyusb/src/portable/raspberrypi/rp2040/rp2040_usb.c.obj
LOAD CMakeFiles/usbswitcher.dir/home/codespace/pico-sdk/lib/tinyusb/src/device/usbd.c.obj
LOAD CMakeFiles/usbswitcher.dir/home/codespace/pico-sdk/lib/tinyusb/src/device/usbd_control.c.obj
LOAD CMakeFiles/usbswitcher.dir/home/codespace/pico-sdk/lib/tinyusb/src/class/audio/audio_device.c.obj
LOAD CMakeFiles/usbswitcher.dir/home/codespace/pico-sdk/lib/tinyusb/src/class/cdc/cdc_device.c.obj
LOAD CMakeFiles/usbswitcher.dir/home/codespace/pico-sdk/lib/tinyusb/src/class/dfu/dfu_device.c.obj
LOAD CMakeFiles/usbswitcher.dir/home/codespace/pico-sdk/lib/tinyusb/src/class/dfu/dfu_rt_device.c.obj
LOAD CMakeFiles/usbswitcher.dir/home/codespace/pico-sdk/lib/tinyusb/src/class/hid/hid_device.c.obj
LOAD CMakeFiles/usbswitcher.dir/home/codespace/pico-sdk/lib/tinyusb/src/class/midi/midi_device.c.obj
LOAD CMakeFiles/usbswitcher.dir/home/codespace/pico-sdk/lib/tinyusb/src/class/msc/msc_device.c.obj
LOAD CMakeFiles/usbswitcher.dir/home/codespace/pico-sdk/lib/tinyusb/src/class/net/ecm_rndis_device.c.obj
LOAD CMakeFiles/usbswitcher.dir/home/codespace/pico-sdk/lib/tinyusb/src/class/net/ncm_device.c.obj
LOAD CMakeFiles/usbswitcher.dir/home/codespace/pico-sdk/lib/tinyusb/src/class/usbtmc/usbtmc_device.c.obj
LOAD CMakeFiles/usbswitcher.dir/home/codespace/pico-sdk/lib/tinyusb/src/class/vendor/vendor_device.c.obj
LOAD CMakeFiles/usbswitcher.dir/home/codespace/pico-sdk/lib/tinyusb/src/class/video/video_device.c.obj
LOAD CMakeFiles/usbswitcher.dir/home/codespace/pico-sdk/lib/tinyusb/src/tusb.c.obj
LOAD CMakeFiles/usbswitcher.dir/home/codespace/pico-sdk/lib/tinyusb/src/common/tusb_fifo.c.obj
LOAD CMakeFiles/usbswitcher.dir/home/codespace/pico-sdk/src/rp2_common/pico_fix/rp2040_usb_device_enumeration/rp2040_usb_device_enumeration.c.obj
LOAD CMakeFiles/usbswitcher.dir/home/codespace/pico-sdk/lib/tinyusb/hw/bsp/rp2040/family.c.obj
LOAD CMakeFiles/usbswitcher.dir/home/codespace/pico-sdk/src/rp2_common/pico_unique_id/unique_id.c.obj
LOAD CMakeFiles/usbswitcher.dir/home/codespace/pico-sdk/src/rp2_common/hardware_flash/flash.c.obj
LOAD /tmp/ccVbFYhw.o
LOAD /usr/lib/gcc/arm-none-eabi/9.2.1/../../../arm-none-eabi/lib/thumb/v6-m/nofp/libstdc++.a
LOAD /usr/lib/gcc/arm-none-eabi/9.2.1/../../../arm-none-eabi/lib/thumb/v6-m/nofp/libm.a
START GROUP
LOAD /usr/lib/gcc/arm-none-eabi/9.2.1/thumb/v6-m/nofp/libgcc.a
LOAD /usr/lib/gcc/arm-none-eabi/9.2.1/../../../arm-none-eabi/lib/thumb/v6-m/nofp/libc.a
END GROUP
START GROUP
LOAD /usr/lib/gcc/arm-none-eabi/9.2.1/thumb/v6-m/nofp/libgcc.a
LOAD /usr/lib/gcc/arm-none-eabi/9.2.1/../../../arm-none-eabi/lib/thumb/v6-m/nofp/libc.a
LOAD /usr/lib/gcc/arm-none-eabi/9.2.1/../../../arm-none-eabi/lib/thumb/v6-m/nofp/libnosys.a
END GROUP
LOAD /usr/lib/gcc/arm-none-eabi/9.2.1/thumb/v6-m/nofp/crtend.o
LOAD /usr/lib/gcc/arm-none-eabi/9.2.1/thumb/v6-m/nofp/crtn.o
OUTPUT(usbswitcher.elf elf32-littlearm)
LOAD linker stubs

.ARM.attributes
                0x0000000000000000       0x28
 .ARM.attributes
                0x0000000000000000       0x1e /usr/lib/gcc/arm-none-eabi/9.2.1/thumb/v6-m/nofp/crti.o
 .ARM.attributes
                0x000000000000001e       0x2c /usr/lib/gcc/arm-none-eabi/9.2.1/thumb/v6-m/nofp/crtbegin.o
 .ARM.attributes
                0x000000000000004a       0x2c CMakeFiles/usbswitcher.dir/main.cpp.obj
 .ARM.attributes
                0x0000000000000076       0x2c CMakeFiles/usbswitcher.dir/usb_descriptors.cpp.obj
 .ARM.attributes
                0x00000000000000a2       0x2c CMakeFiles/usbswitcher.dir/home/codespace/pico-sdk/src/rp2_common/hardware_gpio/gpio.c.obj
 .ARM.attributes
                0x00000000000000ce       0x2c CMakeFiles/usbswitcher.dir/home/codespace/pico-sdk/src/rp2_common/pico_platform/platform.c.obj
 .ARM.attributes
                0x00000000000000fa       0x2c CMakeFiles/usbswitcher.dir/home/codespace/pico-sdk/src/rp2_common/hardware_claim/claim.c.obj
 .ARM.attributes
                0x0000000000000126       0x2c CMakeFiles/usbswitcher.dir/home/codespace/pico-sdk/src/rp2_common/hardware_sync/sync.c.obj
 .ARM.attributes
                0x0000000000000152       0x2c CMakeFiles/usbswitcher.dir/home/codespace/pico-sdk/src/rp2_common/hardware_irq/irq.c.obj
 .ARM.attributes
                0x000000000000017e       0x22 CMakeFiles/usbswitcher.dir/home/codespace/pico-sdk/src/rp2_common/hardware_irq/irq_handler_chain.S.obj
 .ARM.attributes
                0x00000000000001a0       0x2c CMakeFiles/usbswitcher.dir/home/codespace/pico-sdk/src/common/pico_sync/lock_core.c.obj
 .ARM.attributes
                0x00000000000001cc       0x2c CMakeFiles/usbswitcher.dir/home/codespace/pico-sdk/src/common/pico_sync/mutex.c.obj
 .ARM.attributes
                0x00000000000001f8       0x2c CMakeFiles/usbswitcher.dir/home/codespace/pico-sdk/src/common/pico_sync/critical_section.c.obj
 .ARM.attributes
                0x0000000000000224       0x2c CMakeFiles/usbswitcher.dir/home/codespace/pico-sdk/src/common/pico_time/time.c.obj
 .ARM.attributes
                0x0000000000000250       0x2c CMakeFiles/usbswitcher.dir/home/codespace/pico-sdk/src/rp2_common/hardware_timer/timer.c.obj
 .ARM.attributes
                0x000000000000027c       0x2c CMakeFiles/usbswitcher.dir/home/codespace/pico-sdk/src/common/pico_util/pheap.c.obj
 .ARM.attributes
                0x00000000000002a8       0x2c CMakeFiles/usbswitcher.dir/home/codespace/pico-sdk/src/rp2_common/hardware_clocks/clocks.c.obj
 .ARM.attributes
                0x00000000000002d4       0x2c CMakeFiles/usbswitcher.dir/home/codespace/pico-sdk/src/rp2_common/hardware_pll/pll.c.obj
 .ARM.attributes
                0x0000000000000300       0x2c CMakeFiles/usbswitcher.dir/home/codespace/pico-sdk/src/rp2_common/hardware_watchdog/watchdog.c.obj
 .ARM.attributes
                0x000000000000032c       0x2c CMakeFiles/usbswitcher.dir/home/codespace/pico-sdk/src/rp2_common/hardware_xosc/xosc.c.obj
 .ARM.attributes
                0x0000000000000358       0x2c CMakeFiles/usbswitcher.dir/home/codespace/pico-sdk/src/rp2_common/pico_runtime/runtime.c.obj
 .ARM.attributes
                0x0000000000000384       0x2c CMakeFiles/usbswitcher.dir/home/codespace/pico-sdk/src/rp2_common/pico_printf/printf.c.obj
 .ARM.attributes
                0x00000000000003b0       0x22 CMakeFiles/usbswitcher.dir/home/codespace/pico-sdk/src/rp2_common/pico_bit_ops/bit_ops_aeabi.S.obj
 .ARM.attributes
                0x00000000000003d2       0x2c CMakeFiles/usbswitcher.dir/home/codespace/pico-sdk/src/rp2_common/pico_bootrom/bootrom.c.obj
 .ARM.attributes
                0x00000000000003fe       0x22 CMakeFiles/usbswitcher.dir/home/codespace/pico-sdk/src/rp2_common/pico_divider/divider.S.obj
 .ARM.attributes
                0x0000000000000420       0x22 CMakeFiles/usbswitcher.dir/home/codespace/pico-sdk/src/rp2_common/pico_double/double_aeabi.S.obj
 .ARM.attributes
                0x0000000000000442       0x2c CMakeFiles/usbswitcher.dir/home/codespace/pico-sdk/src/rp2_common/pico_double/double_init_rom.c.obj
 .ARM.attributes
                0x000000000000046e       0x22 CMakeFiles/usbswitcher.dir/home/codespace/pico-sdk/src/rp2_common/pico_double/double_v1_rom_shim.S.obj
 .ARM.attributes
                0x0000000000000490       0x22 CMakeFiles/usbswitcher.dir/home/codespace/pico-sdk/src/rp2_common/pico_int64_ops/pico_int64_ops_aeabi.S.obj
 .ARM.attributes
                0x00000000000004b2       0x22 CMakeFiles/usbswitcher.dir/home/codespace/pico-sdk/src/rp2_common/pico_float/float_aeabi.S.obj
 .ARM.attributes
                0x00000000000004d4       0x2c CMakeFiles/usbswitcher.dir/home/codespace/pico-sdk/src/rp2_common/pico_float/float_init_rom.c.obj
 .ARM.attributes
                0x0000000000000500       0x22 CMakeFiles/usbswitcher.dir/home/codespace/pico-sdk/src/rp2_common/pico_float/float_v1_rom_shim.S.obj
 .ARM.attributes
                0x0000000000000522       0x2c CMakeFiles/usbswitcher.dir/home/codespace/pico-sdk/src/rp2_common/pico_malloc/pico_malloc.c.obj
 .ARM.attributes
                0x000000000000054e       0x22 CMakeFiles/usbswitcher.dir/home/codespace/pico-sdk/src/rp2_common/pico_mem_ops/mem_ops_aeabi.S.obj
 .ARM.attributes
                0x0000000000000570       0x22 CMakeFiles/usbswitcher.dir/home/codespace/pico-sdk/src/rp2_common/pico_standard_link/crt0.S.obj
 .ARM.attributes
                0x0000000000000592       0x32 CMakeFiles/usbswitcher.dir/home/codespace/pico-sdk/src/rp2_common/pico_standard_link/binary_info.c.obj
 .ARM.attributes
                0x00000000000005c4       0x2c CMakeFiles/usbswitcher.dir/home/codespace/pico-sdk/src/rp2_common/pico_stdio/stdio.c.obj
 .ARM.attributes
                0x00000000000005f0       0x2c CMakeFiles/usbswitcher.dir/home/codespace/pico-sdk/src/rp2_common/pico_multicore/multicore.c.obj
 .ARM.attributes
                0x000000000000061c       0x2c CMakeFiles/usbswitcher.dir/home/codespace/pico-sdk/lib/tinyusb/src/portable/raspberrypi/rp2040/dcd_rp2040.c.obj
 .ARM.attributes
                0x0000000000000648       0x2c CMakeFiles/usbswitcher.dir/home/codespace/pico-sdk/lib/tinyusb/src/portable/raspberrypi/rp2040/rp2040_usb.c.obj
 .ARM.attributes
                0x0000000000000674       0x2c CMakeFiles/usbswitcher.dir/home/codespace/pico-sdk/lib/tinyusb/src/device/usbd.c.obj
 .ARM.attributes
                0x00000000000006a0       0x2c CMakeFiles/usbswitcher.dir/home/codespace/pico-sdk/lib/tinyusb/src/device/usbd_control.c.obj
 .ARM.attributes
                0x00000000000006cc       0x2c CMakeFiles/usbswitcher.dir/home/codespace/pico-sdk/lib/tinyusb/src/class/hid/hid_device.c.obj
 .ARM.attributes
                0x00000000000006f8       0x2c CMakeFiles/usbswitcher.dir/home/codespace/pico-sdk/lib/tinyusb/src/tusb.c.obj
 .ARM.attributes
                0x0000000000000724       0x2c CMakeFiles/usbswitcher.dir/home/codespace/pico-sdk/lib/tinyusb/src/common/tusb_fifo.c.obj
 .ARM.attributes
                0x0000000000000750       0x2c CMakeFiles/usbswitcher.dir/home/codespace/pico-sdk/lib/tinyusb/hw/bsp/rp2040/family.c.obj
 .ARM.attributes
                0x000000000000077c       0x2c CMakeFiles/usbswitcher.dir/home/codespace/pico-sdk/src/rp2_common/pico_unique_id/unique_id.c.obj
 .ARM.attributes
                0x00000000000007a8       0x2c CMakeFiles/usbswitcher.dir/home/codespace/pico-sdk/src/rp2_common/hardware_flash/flash.c.obj
 .ARM.attributes
                0x00000000000007d4       0x22 /tmp/ccVbFYhw.o
 .ARM.attributes
                0x00000000000007f6       0x1e /usr/lib/gcc/arm-none-eabi/9.2.1/thumb/v6-m/nofp/libgcc.a(_dvmd_tls.o)
 .ARM.attributes
                0x0000000000000814       0x2c /usr/lib/gcc/arm-none-eabi/9.2.1/../../../arm-none-eabi/lib/thumb/v6-m/nofp/libc.a(lib_a-strlen-stub.o)
 .ARM.attributes
                0x0000000000000840       0x2c /usr/lib/gcc/arm-none-eabi/9.2.1/thumb/v6-m/nofp/crtend.o

.comment        0x0000000000000000       0xa7
 .comment       0x0000000000000000       0x59 /usr/lib/gcc/arm-none-eabi/9.2.1/thumb/v6-m/nofp/crtbegin.o
                                         0x5a (size before relaxing)
 .comment       0x0000000000000059       0x5a CMakeFiles/usbswitcher.dir/main.cpp.obj
 .comment       0x0000000000000059       0x5a CMakeFiles/usbswitcher.dir/usb_descriptors.cpp.obj
 .comment       0x0000000000000059       0x5a CMakeFiles/usbswitcher.dir/home/codespace/pico-sdk/src/rp2_common/hardware_gpio/gpio.c.obj
 .comment       0x0000000000000059       0x5a CMakeFiles/usbswitcher.dir/home/codespace/pico-sdk/src/rp2_common/pico_platform/platform.c.obj
 .comment       0x0000000000000059       0x5a CMakeFiles/usbswitcher.dir/home/codespace/pico-sdk/src/rp2_common/hardware_claim/claim.c.obj
 .comment       0x0000000000000059       0x5a CMakeFiles/usbswitcher.dir/home/codespace/pico-sdk/src/rp2_common/hardware_sync/sync.c.obj
 .comment       0x0000000000000059       0x5a CMakeFiles/usbswitcher.dir/home/codespace/pico-sdk/src/rp2_common/hardware_irq/irq.c.obj
 .comment       0x0000000000000059       0x5a CMakeFiles/usbswitcher.dir/home/codespace/pico-sdk/src/common/pico_sync/lock_core.c.obj
 .comment       0x0000000000000059       0x5a CMakeFiles/usbswitcher.dir/home/codespace/pico-sdk/src/common/pico_sync/mutex.c.obj
 .comment       0x0000000000000059       0x5a CMakeFiles/usbswitcher.dir/home/codespace/pico-sdk/src/common/pico_sync/critical_section.c.obj
 .comment       0x0000000000000059       0x5a CMakeFiles/usbswitcher.dir/home/codespace/pico-sdk/src/common/pico_time/time.c.obj
 .comment       0x0000000000000059       0x5a CMakeFiles/usbswitcher.dir/home/codespace/pico-sdk/src/rp2_common/hardware_timer/timer.c.obj
 .comment       0x0000000000000059       0x5a CMakeFiles/usbswitcher.dir/home/codespace/pico-sdk/src/common/pico_util/pheap.c.obj
 .comment       0x0000000000000059       0x5a CMakeFiles/usbswitcher.dir/home/codespace/pico-sdk/src/rp2_common/hardware_clocks/clocks.c.obj
 .comment       0x0000000000000059       0x5a CMakeFiles/usbswitcher.dir/home/codespace/pico-sdk/src/rp2_common/hardware_pll/pll.c.obj
 .comment       0x0000000000000059       0x5a CMakeFiles/usbswitcher.dir/home/codespace/pico-sdk/src/rp2_common/hardware_watchdog/watchdog.c.obj
 .comment       0x0000000000000059       0x5a CMakeFiles/usbswitcher.dir/home/codespace/pico-sdk/src/rp2_common/hardware_xosc/xosc.c.obj
 .comment       0x0000000000000059       0x5a CMakeFiles/usbswitcher.dir/home/codespace/pico-sdk/src/rp2_common/pico_runtime/runtime.c.obj
 .comment       0x0000000000000059       0x5a CMakeFiles/usbswitcher.dir/home/codespace/pico-sdk/src/rp2_common/pico_printf/printf.c.obj
 .comment       0x0000000000000059       0x5a CMakeFiles/usbswitcher.dir/home/codespace/pico-sdk/src/rp2_common/pico_bootrom/bootrom.c.obj
 .comment       0x0000000000000059       0x5a CMakeFiles/usbswitcher.dir/home/codespace/pico-sdk/src/rp2_common/pico_double/double_init_rom.c.obj
 .comment       0x0000000000000059       0x5a CMakeFiles/usbswitcher.dir/home/codespace/pico-sdk/src/rp2_common/pico_float/float_init_rom.c.obj
 .comment       0x0000000000000059       0x5a CMakeFiles/usbswitcher.dir/home/codespace/pico-sdk/src/rp2_common/pico_malloc/pico_malloc.c.obj
 .comment       0x0000000000000059       0x5a CMakeFiles/usbswitcher.dir/home/codespace/pico-sdk/src/rp2_common/pico_standard_link/binary_info.c.obj
 .comment       0x0000000000000059       0x5a CMakeFiles/usbswitcher.dir/home/codespace/pico-sdk/src/rp2_common/pico_stdio/stdio.c.obj
 .comment       0x0000000000000059       0x5a CMakeFiles/usbswitcher.dir/home/codespace/pico-sdk/src/rp2_common/pico_multicore/multicore.c.obj
 .comment       0x0000000000000059       0x5a CMakeFiles/usbswitcher.dir/home/codespace/pico-sdk/lib/tinyusb/src/portable/raspberrypi/rp2040/dcd_rp2040.c.obj
 .comment       0x0000000000000059       0x5a CMakeFiles/usbswitcher.dir/home/codespace/pico-sdk/lib/tinyusb/src/portable/raspberrypi/rp2040/rp2040_usb.c.obj
 .comment       0x0000000000000059       0x5a CMakeFiles/usbswitcher.dir/home/codespace/pico-sdk/lib/tinyusb/src/device/usbd.c.obj
 .comment       0x0000000000000059       0x5a CMakeFiles/usbswitcher.dir/home/codespace/pico-sdk/lib/tinyusb/src/device/usbd_control.c.obj
 .comment       0x0000000000000059       0x5a CMakeFiles/usbswitcher.dir/home/codespace/pico-sdk/lib/tinyusb/src/class/hid/hid_device.c.obj
 .comment       0x0000000000000059       0x5a CMakeFiles/usbswitcher.dir/home/codespace/pico-sdk/lib/tinyusb/src/tusb.c.obj
 .comment       0x0000000000000059       0x5a CMakeFiles/usbswitcher.dir/home/codespace/pico-sdk/lib/tinyusb/src/common/tusb_fifo.c.obj
 .comment       0x0000000000000059       0x5a CMakeFiles/usbswitcher.dir/home/codespace/pico-sdk/lib/tinyusb/hw/bsp/rp2040/family.c.obj
 .comment       0x0000000000000059       0x5a CMakeFiles/usbswitcher.dir/home/codespace/pico-sdk/src/rp2_common/pico_unique_id/unique_id.c.obj
 .comment       0x0000000000000059       0x5a CMakeFiles/usbswitcher.dir/home/codespace/pico-sdk/src/rp2_common/hardware_flash/flash.c.obj
 .comment       0x0000000000000059       0x4e /usr/lib/gcc/arm-none-eabi/9.2.1/../../../arm-none-eabi/lib/thumb/v6-m/nofp/libc.a(lib_a-strlen-stub.o)
                                         0x4f (size before relaxing)
 .comment       0x00000000000000a7       0x5a /usr/lib/gcc/arm-none-eabi/9.2.1/thumb/v6-m/nofp/crtend.o

.debug_line     0x0000000000000000      0x222
 .debug_line    0x0000000000000000       0x60 /usr/lib/gcc/arm-none-eabi/9.2.1/thumb/v6-m/nofp/libgcc.a(_dvmd_tls.o)
 .debug_line    0x0000000000000060      0x1c2 /usr/lib/gcc/arm-none-eabi/9.2.1/../../../arm-none-eabi/lib/thumb/v6-m/nofp/libc.a(lib_a-strlen-stub.o)

.debug_info     0x0000000000000000      0x999
 .debug_info    0x0000000000000000       0x26 /usr/lib/gcc/arm-none-eabi/9.2.1/thumb/v6-m/nofp/libgcc.a(_dvmd_tls.o)
 .debug_info    0x0000000000000026      0x973 /usr/lib/gcc/arm-none-eabi/9.2.1/../../../arm-none-eabi/lib/thumb/v6-m/nofp/libc.a(lib_a-strlen-stub.o)

.debug_abbrev   0x0000000000000000      0x1fc
 .debug_abbrev  0x0000000000000000       0x14 /usr/lib/gcc/arm-none-eabi/9.2.1/thumb/v6-m/nofp/libgcc.a(_dvmd_tls.o)
 .debug_abbrev  0x0000000000000014      0x1e8 /usr/lib/gcc/arm-none-eabi/9.2.1/../../../arm-none-eabi/lib/thumb/v6-m/nofp/libc.a(lib_a-strlen-stub.o)

.debug_aranges  0x0000000000000000       0x40
 .debug_aranges
                0x0000000000000000       0x20 /usr/lib/gcc/arm-none-eabi/9.2.1/thumb/v6-m/nofp/libgcc.a(_dvmd_tls.o)
 .debug_aranges
                0x0000000000000020       0x20 /usr/lib/gcc/arm-none-eabi/9.2.1/../../../arm-none-eabi/lib/thumb/v6-m/nofp/libc.a(lib_a-strlen-stub.o)

.debug_str      0x0000000000000000      0x613
 .debug_str     0x0000000000000000       0xa3 /usr/lib/gcc/arm-none-eabi/9.2.1/thumb/v6-m/nofp/libgcc.a(_dvmd_tls.o)
 .debug_str     0x00000000000000a3      0x570 /usr/lib/gcc/arm-none-eabi/9.2.1/../../../arm-none-eabi/lib/thumb/v6-m/nofp/libc.a(lib_a-strlen-stub.o)
                                        0x5c2 (size before relaxing)

.debug_loc      0x0000000000000000       0xa3
 .debug_loc     0x0000000000000000       0xa3 /usr/lib/gcc/arm-none-eabi/9.2.1/../../../arm-none-eabi/lib/thumb/v6-m/nofp/libc.a(lib_a-strlen-stub.o)

.debug_frame    0x0000000000000000       0x28
 .debug_frame   0x0000000000000000       0x28 /usr/lib/gcc/arm-none-eabi/9.2.1/../../../arm-none-eabi/lib/thumb/v6-m/nofp/libc.a(lib_a-strlen-stub.o)
